{
    "isDeclaration": false,
    "languageVersion": "EcmaScript5",
    "parseOptions": {
        "allowAutomaticSemicolonInsertion": true
    },
    "sourceUnit": {
        "kind": "SourceUnit",
        "fullStart": 0,
        "fullEnd": 471,
        "start": 373,
        "end": 471,
        "fullWidth": 471,
        "width": 98,
        "moduleElements": [
            {
                "kind": "VariableStatement",
                "fullStart": 0,
                "fullEnd": 387,
                "start": 373,
                "end": 386,
                "fullWidth": 387,
                "width": 13,
                "modifiers": [],
                "variableDeclaration": {
                    "kind": "VariableDeclaration",
                    "fullStart": 0,
                    "fullEnd": 385,
                    "start": 373,
                    "end": 385,
                    "fullWidth": 385,
                    "width": 12,
                    "varKeyword": {
                        "kind": "VarKeyword",
                        "fullStart": 0,
                        "fullEnd": 377,
                        "start": 373,
                        "end": 376,
                        "fullWidth": 377,
                        "width": 3,
                        "text": "var",
                        "value": "var",
                        "valueText": "var",
                        "hasLeadingTrivia": true,
                        "hasLeadingComment": true,
                        "hasLeadingNewLine": true,
                        "hasTrailingTrivia": true,
                        "leadingTrivia": [
                            {
                                "kind": "SingleLineCommentTrivia",
                                "text": "// Copyright 2009 the Sputnik authors.  All rights reserved."
                            },
                            {
                                "kind": "NewLineTrivia",
                                "text": "\n"
                            },
                            {
                                "kind": "SingleLineCommentTrivia",
                                "text": "// This code is governed by the BSD license found in the LICENSE file."
                            },
                            {
                                "kind": "NewLineTrivia",
                                "text": "\n"
                            },
                            {
                                "kind": "NewLineTrivia",
                                "text": "\n"
                            },
                            {
                                "kind": "MultiLineCommentTrivia",
                                "text": "/**\n * The Null Type has one value, called null\n *\n * @path ch08/8.2/S8.2_A1_T1.js\n * @description Checking if execution of \"var x = null\" passes\n */"
                            },
                            {
                                "kind": "NewLineTrivia",
                                "text": "\n"
                            },
                            {
                                "kind": "NewLineTrivia",
                                "text": "\n"
                            },
                            {
                                "kind": "SingleLineCommentTrivia",
                                "text": "//////////////////////////////////////////////////////////////////////////////"
                            },
                            {
                                "kind": "NewLineTrivia",
                                "text": "\n"
                            },
                            {
                                "kind": "SingleLineCommentTrivia",
                                "text": "//CHECK#1"
                            },
                            {
                                "kind": "NewLineTrivia",
                                "text": "\n"
                            }
                        ],
                        "trailingTrivia": [
                            {
                                "kind": "WhitespaceTrivia",
                                "text": " "
                            }
                        ]
                    },
                    "variableDeclarators": [
                        {
                            "kind": "VariableDeclarator",
                            "fullStart": 377,
                            "fullEnd": 385,
                            "start": 377,
                            "end": 385,
                            "fullWidth": 8,
                            "width": 8,
                            "propertyName": {
                                "kind": "IdentifierName",
                                "fullStart": 377,
                                "fullEnd": 379,
                                "start": 377,
                                "end": 378,
                                "fullWidth": 2,
                                "width": 1,
                                "text": "x",
                                "value": "x",
                                "valueText": "x",
                                "hasTrailingTrivia": true,
                                "trailingTrivia": [
                                    {
                                        "kind": "WhitespaceTrivia",
                                        "text": " "
                                    }
                                ]
                            },
                            "equalsValueClause": {
                                "kind": "EqualsValueClause",
                                "fullStart": 379,
                                "fullEnd": 385,
                                "start": 379,
                                "end": 385,
                                "fullWidth": 6,
                                "width": 6,
                                "equalsToken": {
                                    "kind": "EqualsToken",
                                    "fullStart": 379,
                                    "fullEnd": 381,
                                    "start": 379,
                                    "end": 380,
                                    "fullWidth": 2,
                                    "width": 1,
                                    "text": "=",
                                    "value": "=",
                                    "valueText": "=",
                                    "hasTrailingTrivia": true,
                                    "trailingTrivia": [
                                        {
                                            "kind": "WhitespaceTrivia",
                                            "text": " "
                                        }
                                    ]
                                },
                                "value": {
                                    "kind": "NullKeyword",
                                    "fullStart": 381,
                                    "fullEnd": 385,
                                    "start": 381,
                                    "end": 385,
                                    "fullWidth": 4,
                                    "width": 4,
                                    "text": "null"
                                }
                            }
                        }
                    ]
                },
                "semicolonToken": {
                    "kind": "SemicolonToken",
                    "fullStart": 385,
                    "fullEnd": 387,
                    "start": 385,
                    "end": 386,
                    "fullWidth": 2,
                    "width": 1,
                    "text": ";",
                    "value": ";",
                    "valueText": ";",
                    "hasTrailingTrivia": true,
                    "hasTrailingNewLine": true,
                    "trailingTrivia": [
                        {
                            "kind": "NewLineTrivia",
                            "text": "\n"
                        }
                    ]
                }
            }
        ],
        "endOfFileToken": {
            "kind": "EndOfFileToken",
            "fullStart": 387,
            "fullEnd": 471,
            "start": 471,
            "end": 471,
            "fullWidth": 84,
            "width": 0,
            "text": "",
            "hasLeadingTrivia": true,
            "hasLeadingComment": true,
            "hasLeadingNewLine": true,
            "leadingTrivia": [
                {
                    "kind": "SingleLineCommentTrivia",
                    "text": "//"
                },
                {
                    "kind": "NewLineTrivia",
                    "text": "\n"
                },
                {
                    "kind": "SingleLineCommentTrivia",
                    "text": "//////////////////////////////////////////////////////////////////////////////"
                },
                {
                    "kind": "NewLineTrivia",
                    "text": "\n"
                },
                {
                    "kind": "NewLineTrivia",
                    "text": "\n"
                },
                {
                    "kind": "NewLineTrivia",
                    "text": "\n"
                }
            ]
        }
    },
    "lineMap": {
        "lineStarts": [
            0,
            61,
            132,
            133,
            137,
            181,
            184,
            216,
            279,
            283,
            284,
            363,
            373,
            387,
            390,
            469,
            470,
            471
        ],
        "length": 471
    }
}