{
    "isDeclaration": false,
    "languageVersion": "EcmaScript5",
    "parseOptions": {
        "allowAutomaticSemicolonInsertion": true
    },
    "sourceUnit": {
        "kind": "SourceUnit",
        "fullStart": 0,
        "fullEnd": 1016,
        "start": 319,
        "end": 1016,
        "fullWidth": 1016,
        "width": 697,
        "moduleElements": [
            {
                "kind": "ExpressionStatement",
                "fullStart": 0,
                "fullEnd": 378,
                "start": 319,
                "end": 377,
                "fullWidth": 378,
                "width": 58,
                "expression": {
                    "kind": "AssignmentExpression",
                    "fullStart": 0,
                    "fullEnd": 376,
                    "start": 319,
                    "end": 376,
                    "fullWidth": 376,
                    "width": 57,
                    "left": {
                        "kind": "IdentifierName",
                        "fullStart": 0,
                        "fullEnd": 329,
                        "start": 319,
                        "end": 329,
                        "fullWidth": 329,
                        "width": 10,
                        "text": "THE_ANSWER",
                        "value": "THE_ANSWER",
                        "valueText": "THE_ANSWER",
                        "hasLeadingTrivia": true,
                        "hasLeadingComment": true,
                        "hasLeadingNewLine": true,
                        "leadingTrivia": [
                            {
                                "kind": "SingleLineCommentTrivia",
                                "text": "// Copyright 2009 the Sputnik authors.  All rights reserved."
                            },
                            {
                                "kind": "NewLineTrivia",
                                "text": "\n"
                            },
                            {
                                "kind": "SingleLineCommentTrivia",
                                "text": "// This code is governed by the BSD license found in the LICENSE file."
                            },
                            {
                                "kind": "NewLineTrivia",
                                "text": "\n"
                            },
                            {
                                "kind": "NewLineTrivia",
                                "text": "\n"
                            },
                            {
                                "kind": "MultiLineCommentTrivia",
                                "text": "/**\n * ''arguments'' variable overrides ActivationObject.arguments\n *\n * @path ch13/13.0/S13_A15_T5.js\n * @description Creating a variable named with \"arguments\" without a function\n */"
                            },
                            {
                                "kind": "NewLineTrivia",
                                "text": "\n"
                            },
                            {
                                "kind": "NewLineTrivia",
                                "text": "\n"
                            }
                        ]
                    },
                    "operatorToken": {
                        "kind": "EqualsToken",
                        "fullStart": 329,
                        "fullEnd": 330,
                        "start": 329,
                        "end": 330,
                        "fullWidth": 1,
                        "width": 1,
                        "text": "=",
                        "value": "=",
                        "valueText": "="
                    },
                    "right": {
                        "kind": "StringLiteral",
                        "fullStart": 330,
                        "fullEnd": 376,
                        "start": 330,
                        "end": 376,
                        "fullWidth": 46,
                        "width": 46,
                        "text": "\"Answer to Life, the Universe, and Everything\"",
                        "value": "Answer to Life, the Universe, and Everything",
                        "valueText": "Answer to Life, the Universe, and Everything"
                    }
                },
                "semicolonToken": {
                    "kind": "SemicolonToken",
                    "fullStart": 376,
                    "fullEnd": 378,
                    "start": 376,
                    "end": 377,
                    "fullWidth": 2,
                    "width": 1,
                    "text": ";",
                    "value": ";",
                    "valueText": ";",
                    "hasTrailingTrivia": true,
                    "hasTrailingNewLine": true,
                    "trailingTrivia": [
                        {
                            "kind": "NewLineTrivia",
                            "text": "\n"
                        }
                    ]
                }
            },
            {
                "kind": "VariableStatement",
                "fullStart": 378,
                "fullEnd": 407,
                "start": 379,
                "end": 406,
                "fullWidth": 29,
                "width": 27,
                "modifiers": [],
                "variableDeclaration": {
                    "kind": "VariableDeclaration",
                    "fullStart": 378,
                    "fullEnd": 405,
                    "start": 379,
                    "end": 405,
                    "fullWidth": 27,
                    "width": 26,
                    "varKeyword": {
                        "kind": "VarKeyword",
                        "fullStart": 378,
                        "fullEnd": 383,
                        "start": 379,
                        "end": 382,
                        "fullWidth": 5,
                        "width": 3,
                        "text": "var",
                        "value": "var",
                        "valueText": "var",
                        "hasLeadingTrivia": true,
                        "hasLeadingNewLine": true,
                        "hasTrailingTrivia": true,
                        "leadingTrivia": [
                            {
                                "kind": "NewLineTrivia",
                                "text": "\n"
                            }
                        ],
                        "trailingTrivia": [
                            {
                                "kind": "WhitespaceTrivia",
                                "text": " "
                            }
                        ]
                    },
                    "variableDeclarators": [
                        {
                            "kind": "VariableDeclarator",
                            "fullStart": 383,
                            "fullEnd": 405,
                            "start": 383,
                            "end": 405,
                            "fullWidth": 22,
                            "width": 22,
                            "propertyName": {
                                "kind": "IdentifierName",
                                "fullStart": 383,
                                "fullEnd": 393,
                                "start": 383,
                                "end": 392,
                                "fullWidth": 10,
                                "width": 9,
                                "text": "arguments",
                                "value": "arguments",
                                "valueText": "arguments",
                                "hasTrailingTrivia": true,
                                "trailingTrivia": [
                                    {
                                        "kind": "WhitespaceTrivia",
                                        "text": " "
                                    }
                                ]
                            },
                            "equalsValueClause": {
                                "kind": "EqualsValueClause",
                                "fullStart": 393,
                                "fullEnd": 405,
                                "start": 393,
                                "end": 405,
                                "fullWidth": 12,
                                "width": 12,
                                "equalsToken": {
                                    "kind": "EqualsToken",
                                    "fullStart": 393,
                                    "fullEnd": 395,
                                    "start": 393,
                                    "end": 394,
                                    "fullWidth": 2,
                                    "width": 1,
                                    "text": "=",
                                    "value": "=",
                                    "valueText": "=",
                                    "hasTrailingTrivia": true,
                                    "trailingTrivia": [
                                        {
                                            "kind": "WhitespaceTrivia",
                                            "text": " "
                                        }
                                    ]
                                },
                                "value": {
                                    "kind": "IdentifierName",
                                    "fullStart": 395,
                                    "fullEnd": 405,
                                    "start": 395,
                                    "end": 405,
                                    "fullWidth": 10,
                                    "width": 10,
                                    "text": "THE_ANSWER",
                                    "value": "THE_ANSWER",
                                    "valueText": "THE_ANSWER"
                                }
                            }
                        }
                    ]
                },
                "semicolonToken": {
                    "kind": "SemicolonToken",
                    "fullStart": 405,
                    "fullEnd": 407,
                    "start": 405,
                    "end": 406,
                    "fullWidth": 2,
                    "width": 1,
                    "text": ";",
                    "value": ";",
                    "valueText": ";",
                    "hasTrailingTrivia": true,
                    "hasTrailingNewLine": true,
                    "trailingTrivia": [
                        {
                            "kind": "NewLineTrivia",
                            "text": "\n"
                        }
                    ]
                }
            },
            {
                "kind": "FunctionDeclaration",
                "fullStart": 407,
                "fullEnd": 450,
                "start": 408,
                "end": 450,
                "fullWidth": 43,
                "width": 42,
                "modifiers": [],
                "functionKeyword": {
                    "kind": "FunctionKeyword",
                    "fullStart": 407,
                    "fullEnd": 417,
                    "start": 408,
                    "end": 416,
                    "fullWidth": 10,
                    "width": 8,
                    "text": "function",
                    "value": "function",
                    "valueText": "function",
                    "hasLeadingTrivia": true,
                    "hasLeadingNewLine": true,
                    "hasTrailingTrivia": true,
                    "leadingTrivia": [
                        {
                            "kind": "NewLineTrivia",
                            "text": "\n"
                        }
                    ],
                    "trailingTrivia": [
                        {
                            "kind": "WhitespaceTrivia",
                            "text": " "
                        }
                    ]
                },
                "identifier": {
                    "kind": "IdentifierName",
                    "fullStart": 417,
                    "fullEnd": 423,
                    "start": 417,
                    "end": 423,
                    "fullWidth": 6,
                    "width": 6,
                    "text": "__func",
                    "value": "__func",
                    "valueText": "__func"
                },
                "callSignature": {
                    "kind": "CallSignature",
                    "fullStart": 423,
                    "fullEnd": 425,
                    "start": 423,
                    "end": 425,
                    "fullWidth": 2,
                    "width": 2,
                    "parameterList": {
                        "kind": "ParameterList",
                        "fullStart": 423,
                        "fullEnd": 425,
                        "start": 423,
                        "end": 425,
                        "fullWidth": 2,
                        "width": 2,
                        "openParenToken": {
                            "kind": "OpenParenToken",
                            "fullStart": 423,
                            "fullEnd": 424,
                            "start": 423,
                            "end": 424,
                            "fullWidth": 1,
                            "width": 1,
                            "text": "(",
                            "value": "(",
                            "valueText": "("
                        },
                        "parameters": [],
                        "closeParenToken": {
                            "kind": "CloseParenToken",
                            "fullStart": 424,
                            "fullEnd": 425,
                            "start": 424,
                            "end": 425,
                            "fullWidth": 1,
                            "width": 1,
                            "text": ")",
                            "value": ")",
                            "valueText": ")"
                        }
                    }
                },
                "block": {
                    "kind": "Block",
                    "fullStart": 425,
                    "fullEnd": 450,
                    "start": 425,
                    "end": 450,
                    "fullWidth": 25,
                    "width": 25,
                    "openBraceToken": {
                        "kind": "OpenBraceToken",
                        "fullStart": 425,
                        "fullEnd": 427,
                        "start": 425,
                        "end": 426,
                        "fullWidth": 2,
                        "width": 1,
                        "text": "{",
                        "value": "{",
                        "valueText": "{",
                        "hasTrailingTrivia": true,
                        "hasTrailingNewLine": true,
                        "trailingTrivia": [
                            {
                                "kind": "NewLineTrivia",
                                "text": "\n"
                            }
                        ]
                    },
                    "statements": [
                        {
                            "kind": "ReturnStatement",
                            "fullStart": 427,
                            "fullEnd": 449,
                            "start": 431,
                            "end": 448,
                            "fullWidth": 22,
                            "width": 17,
                            "returnKeyword": {
                                "kind": "ReturnKeyword",
                                "fullStart": 427,
                                "fullEnd": 438,
                                "start": 431,
                                "end": 437,
                                "fullWidth": 11,
                                "width": 6,
                                "text": "return",
                                "value": "return",
                                "valueText": "return",
                                "hasLeadingTrivia": true,
                                "hasTrailingTrivia": true,
                                "leadingTrivia": [
                                    {
                                        "kind": "WhitespaceTrivia",
                                        "text": "    "
                                    }
                                ],
                                "trailingTrivia": [
                                    {
                                        "kind": "WhitespaceTrivia",
                                        "text": " "
                                    }
                                ]
                            },
                            "expression": {
                                "kind": "IdentifierName",
                                "fullStart": 438,
                                "fullEnd": 447,
                                "start": 438,
                                "end": 447,
                                "fullWidth": 9,
                                "width": 9,
                                "text": "arguments",
                                "value": "arguments",
                                "valueText": "arguments"
                            },
                            "semicolonToken": {
                                "kind": "SemicolonToken",
                                "fullStart": 447,
                                "fullEnd": 449,
                                "start": 447,
                                "end": 448,
                                "fullWidth": 2,
                                "width": 1,
                                "text": ";",
                                "value": ";",
                                "valueText": ";",
                                "hasTrailingTrivia": true,
                                "hasTrailingNewLine": true,
                                "trailingTrivia": [
                                    {
                                        "kind": "NewLineTrivia",
                                        "text": "\n"
                                    }
                                ]
                            }
                        }
                    ],
                    "closeBraceToken": {
                        "kind": "CloseBraceToken",
                        "fullStart": 449,
                        "fullEnd": 450,
                        "start": 449,
                        "end": 450,
                        "fullWidth": 1,
                        "width": 1,
                        "text": "}",
                        "value": "}",
                        "valueText": "}"
                    }
                }
            },
            {
                "kind": "EmptyStatement",
                "fullStart": 450,
                "fullEnd": 452,
                "start": 450,
                "end": 451,
                "fullWidth": 2,
                "width": 1,
                "semicolonToken": {
                    "kind": "SemicolonToken",
                    "fullStart": 450,
                    "fullEnd": 452,
                    "start": 450,
                    "end": 451,
                    "fullWidth": 2,
                    "width": 1,
                    "text": ";",
                    "value": ";",
                    "valueText": ";",
                    "hasTrailingTrivia": true,
                    "hasTrailingNewLine": true,
                    "trailingTrivia": [
                        {
                            "kind": "NewLineTrivia",
                            "text": "\n"
                        }
                    ]
                }
            },
            {
                "kind": "IfStatement",
                "fullStart": 452,
                "fullEnd": 616,
                "start": 542,
                "end": 615,
                "fullWidth": 164,
                "width": 73,
                "ifKeyword": {
                    "kind": "IfKeyword",
                    "fullStart": 452,
                    "fullEnd": 545,
                    "start": 542,
                    "end": 544,
                    "fullWidth": 93,
                    "width": 2,
                    "text": "if",
                    "value": "if",
                    "valueText": "if",
                    "hasLeadingTrivia": true,
                    "hasLeadingComment": true,
                    "hasLeadingNewLine": true,
                    "hasTrailingTrivia": true,
                    "leadingTrivia": [
                        {
                            "kind": "NewLineTrivia",
                            "text": "\n"
                        },
                        {
                            "kind": "SingleLineCommentTrivia",
                            "text": "//////////////////////////////////////////////////////////////////////////////"
                        },
                        {
                            "kind": "NewLineTrivia",
                            "text": "\n"
                        },
                        {
                            "kind": "SingleLineCommentTrivia",
                            "text": "//CHECK#1"
                        },
                        {
                            "kind": "NewLineTrivia",
                            "text": "\n"
                        }
                    ],
                    "trailingTrivia": [
                        {
                            "kind": "WhitespaceTrivia",
                            "text": " "
                        }
                    ]
                },
                "openParenToken": {
                    "kind": "OpenParenToken",
                    "fullStart": 545,
                    "fullEnd": 547,
                    "start": 545,
                    "end": 546,
                    "fullWidth": 2,
                    "width": 1,
                    "text": "(",
                    "value": "(",
                    "valueText": "(",
                    "hasTrailingTrivia": true,
                    "trailingTrivia": [
                        {
                            "kind": "WhitespaceTrivia",
                            "text": " "
                        }
                    ]
                },
                "condition": {
                    "kind": "EqualsExpression",
                    "fullStart": 547,
                    "fullEnd": 570,
                    "start": 547,
                    "end": 570,
                    "fullWidth": 23,
                    "width": 23,
                    "left": {
                        "kind": "InvocationExpression",
                        "fullStart": 547,
                        "fullEnd": 556,
                        "start": 547,
                        "end": 555,
                        "fullWidth": 9,
                        "width": 8,
                        "expression": {
                            "kind": "IdentifierName",
                            "fullStart": 547,
                            "fullEnd": 553,
                            "start": 547,
                            "end": 553,
                            "fullWidth": 6,
                            "width": 6,
                            "text": "__func",
                            "value": "__func",
                            "valueText": "__func"
                        },
                        "argumentList": {
                            "kind": "ArgumentList",
                            "fullStart": 553,
                            "fullEnd": 556,
                            "start": 553,
                            "end": 555,
                            "fullWidth": 3,
                            "width": 2,
                            "openParenToken": {
                                "kind": "OpenParenToken",
                                "fullStart": 553,
                                "fullEnd": 554,
                                "start": 553,
                                "end": 554,
                                "fullWidth": 1,
                                "width": 1,
                                "text": "(",
                                "value": "(",
                                "valueText": "("
                            },
                            "arguments": [],
                            "closeParenToken": {
                                "kind": "CloseParenToken",
                                "fullStart": 554,
                                "fullEnd": 556,
                                "start": 554,
                                "end": 555,
                                "fullWidth": 2,
                                "width": 1,
                                "text": ")",
                                "value": ")",
                                "valueText": ")",
                                "hasTrailingTrivia": true,
                                "trailingTrivia": [
                                    {
                                        "kind": "WhitespaceTrivia",
                                        "text": " "
                                    }
                                ]
                            }
                        }
                    },
                    "operatorToken": {
                        "kind": "EqualsEqualsEqualsToken",
                        "fullStart": 556,
                        "fullEnd": 560,
                        "start": 556,
                        "end": 559,
                        "fullWidth": 4,
                        "width": 3,
                        "text": "===",
                        "value": "===",
                        "valueText": "===",
                        "hasTrailingTrivia": true,
                        "trailingTrivia": [
                            {
                                "kind": "WhitespaceTrivia",
                                "text": " "
                            }
                        ]
                    },
                    "right": {
                        "kind": "IdentifierName",
                        "fullStart": 560,
                        "fullEnd": 570,
                        "start": 560,
                        "end": 570,
                        "fullWidth": 10,
                        "width": 10,
                        "text": "THE_ANSWER",
                        "value": "THE_ANSWER",
                        "valueText": "THE_ANSWER"
                    }
                },
                "closeParenToken": {
                    "kind": "CloseParenToken",
                    "fullStart": 570,
                    "fullEnd": 572,
                    "start": 570,
                    "end": 571,
                    "fullWidth": 2,
                    "width": 1,
                    "text": ")",
                    "value": ")",
                    "valueText": ")",
                    "hasTrailingTrivia": true,
                    "trailingTrivia": [
                        {
                            "kind": "WhitespaceTrivia",
                            "text": " "
                        }
                    ]
                },
                "statement": {
                    "kind": "Block",
                    "fullStart": 572,
                    "fullEnd": 616,
                    "start": 572,
                    "end": 615,
                    "fullWidth": 44,
                    "width": 43,
                    "openBraceToken": {
                        "kind": "OpenBraceToken",
                        "fullStart": 572,
                        "fullEnd": 574,
                        "start": 572,
                        "end": 573,
                        "fullWidth": 2,
                        "width": 1,
                        "text": "{",
                        "value": "{",
                        "valueText": "{",
                        "hasTrailingTrivia": true,
                        "hasTrailingNewLine": true,
                        "trailingTrivia": [
                            {
                                "kind": "NewLineTrivia",
                                "text": "\n"
                            }
                        ]
                    },
                    "statements": [
                        {
                            "kind": "ExpressionStatement",
                            "fullStart": 574,
                            "fullEnd": 614,
                            "start": 575,
                            "end": 613,
                            "fullWidth": 40,
                            "width": 38,
                            "expression": {
                                "kind": "InvocationExpression",
                                "fullStart": 574,
                                "fullEnd": 612,
                                "start": 575,
                                "end": 612,
                                "fullWidth": 38,
                                "width": 37,
                                "expression": {
                                    "kind": "IdentifierName",
                                    "fullStart": 574,
                                    "fullEnd": 581,
                                    "start": 575,
                                    "end": 581,
                                    "fullWidth": 7,
                                    "width": 6,
                                    "text": "$ERROR",
                                    "value": "$ERROR",
                                    "valueText": "$ERROR",
                                    "hasLeadingTrivia": true,
                                    "leadingTrivia": [
                                        {
                                            "kind": "WhitespaceTrivia",
                                            "text": "\t"
                                        }
                                    ]
                                },
                                "argumentList": {
                                    "kind": "ArgumentList",
                                    "fullStart": 581,
                                    "fullEnd": 612,
                                    "start": 581,
                                    "end": 612,
                                    "fullWidth": 31,
                                    "width": 31,
                                    "openParenToken": {
                                        "kind": "OpenParenToken",
                                        "fullStart": 581,
                                        "fullEnd": 582,
                                        "start": 581,
                                        "end": 582,
                                        "fullWidth": 1,
                                        "width": 1,
                                        "text": "(",
                                        "value": "(",
                                        "valueText": "("
                                    },
                                    "arguments": [
                                        {
                                            "kind": "StringLiteral",
                                            "fullStart": 582,
                                            "fullEnd": 611,
                                            "start": 582,
                                            "end": 611,
                                            "fullWidth": 29,
                                            "width": 29,
                                            "text": "'#1: __func() !== THE_ANSWER'",
                                            "value": "#1: __func() !== THE_ANSWER",
                                            "valueText": "#1: __func() !== THE_ANSWER"
                                        }
                                    ],
                                    "closeParenToken": {
                                        "kind": "CloseParenToken",
                                        "fullStart": 611,
                                        "fullEnd": 612,
                                        "start": 611,
                                        "end": 612,
                                        "fullWidth": 1,
                                        "width": 1,
                                        "text": ")",
                                        "value": ")",
                                        "valueText": ")"
                                    }
                                }
                            },
                            "semicolonToken": {
                                "kind": "SemicolonToken",
                                "fullStart": 612,
                                "fullEnd": 614,
                                "start": 612,
                                "end": 613,
                                "fullWidth": 2,
                                "width": 1,
                                "text": ";",
                                "value": ";",
                                "valueText": ";",
                                "hasTrailingTrivia": true,
                                "hasTrailingNewLine": true,
                                "trailingTrivia": [
                                    {
                                        "kind": "NewLineTrivia",
                                        "text": "\n"
                                    }
                                ]
                            }
                        }
                    ],
                    "closeBraceToken": {
                        "kind": "CloseBraceToken",
                        "fullStart": 614,
                        "fullEnd": 616,
                        "start": 614,
                        "end": 615,
                        "fullWidth": 2,
                        "width": 1,
                        "text": "}",
                        "value": "}",
                        "valueText": "}",
                        "hasTrailingTrivia": true,
                        "hasTrailingNewLine": true,
                        "trailingTrivia": [
                            {
                                "kind": "NewLineTrivia",
                                "text": "\n"
                            }
                        ]
                    }
                }
            },
            {
                "kind": "IfStatement",
                "fullStart": 616,
                "fullEnd": 933,
                "start": 788,
                "end": 932,
                "fullWidth": 317,
                "width": 144,
                "ifKeyword": {
                    "kind": "IfKeyword",
                    "fullStart": 616,
                    "fullEnd": 791,
                    "start": 788,
                    "end": 790,
                    "fullWidth": 175,
                    "width": 2,
                    "text": "if",
                    "value": "if",
                    "valueText": "if",
                    "hasLeadingTrivia": true,
                    "hasLeadingComment": true,
                    "hasLeadingNewLine": true,
                    "hasTrailingTrivia": true,
                    "leadingTrivia": [
                        {
                            "kind": "SingleLineCommentTrivia",
                            "text": "//"
                        },
                        {
                            "kind": "NewLineTrivia",
                            "text": "\n"
                        },
                        {
                            "kind": "SingleLineCommentTrivia",
                            "text": "//////////////////////////////////////////////////////////////////////////////"
                        },
                        {
                            "kind": "NewLineTrivia",
                            "text": "\n"
                        },
                        {
                            "kind": "NewLineTrivia",
                            "text": "\n"
                        },
                        {
                            "kind": "SingleLineCommentTrivia",
                            "text": "//////////////////////////////////////////////////////////////////////////////"
                        },
                        {
                            "kind": "NewLineTrivia",
                            "text": "\n"
                        },
                        {
                            "kind": "SingleLineCommentTrivia",
                            "text": "//CHECK#2"
                        },
                        {
                            "kind": "NewLineTrivia",
                            "text": "\n"
                        }
                    ],
                    "trailingTrivia": [
                        {
                            "kind": "WhitespaceTrivia",
                            "text": " "
                        }
                    ]
                },
                "openParenToken": {
                    "kind": "OpenParenToken",
                    "fullStart": 791,
                    "fullEnd": 792,
                    "start": 791,
                    "end": 792,
                    "fullWidth": 1,
                    "width": 1,
                    "text": "(",
                    "value": "(",
                    "valueText": "("
                },
                "condition": {
                    "kind": "EqualsExpression",
                    "fullStart": 792,
                    "fullEnd": 851,
                    "start": 792,
                    "end": 851,
                    "fullWidth": 59,
                    "width": 59,
                    "left": {
                        "kind": "InvocationExpression",
                        "fullStart": 792,
                        "fullEnd": 824,
                        "start": 792,
                        "end": 823,
                        "fullWidth": 32,
                        "width": 31,
                        "expression": {
                            "kind": "IdentifierName",
                            "fullStart": 792,
                            "fullEnd": 798,
                            "start": 792,
                            "end": 798,
                            "fullWidth": 6,
                            "width": 6,
                            "text": "__func",
                            "value": "__func",
                            "valueText": "__func"
                        },
                        "argumentList": {
                            "kind": "ArgumentList",
                            "fullStart": 798,
                            "fullEnd": 824,
                            "start": 798,
                            "end": 823,
                            "fullWidth": 26,
                            "width": 25,
                            "openParenToken": {
                                "kind": "OpenParenToken",
                                "fullStart": 798,
                                "fullEnd": 799,
                                "start": 798,
                                "end": 799,
                                "fullWidth": 1,
                                "width": 1,
                                "text": "(",
                                "value": "(",
                                "valueText": "("
                            },
                            "arguments": [
                                {
                                    "kind": "StringLiteral",
                                    "fullStart": 799,
                                    "fullEnd": 822,
                                    "start": 799,
                                    "end": 822,
                                    "fullWidth": 23,
                                    "width": 23,
                                    "text": "\"The Ultimate Question\"",
                                    "value": "The Ultimate Question",
                                    "valueText": "The Ultimate Question"
                                }
                            ],
                            "closeParenToken": {
                                "kind": "CloseParenToken",
                                "fullStart": 822,
                                "fullEnd": 824,
                                "start": 822,
                                "end": 823,
                                "fullWidth": 2,
                                "width": 1,
                                "text": ")",
                                "value": ")",
                                "valueText": ")",
                                "hasTrailingTrivia": true,
                                "trailingTrivia": [
                                    {
                                        "kind": "WhitespaceTrivia",
                                        "text": " "
                                    }
                                ]
                            }
                        }
                    },
                    "operatorToken": {
                        "kind": "EqualsEqualsEqualsToken",
                        "fullStart": 824,
                        "fullEnd": 828,
                        "start": 824,
                        "end": 827,
                        "fullWidth": 4,
                        "width": 3,
                        "text": "===",
                        "value": "===",
                        "valueText": "===",
                        "hasTrailingTrivia": true,
                        "trailingTrivia": [
                            {
                                "kind": "WhitespaceTrivia",
                                "text": " "
                            }
                        ]
                    },
                    "right": {
                        "kind": "StringLiteral",
                        "fullStart": 828,
                        "fullEnd": 851,
                        "start": 828,
                        "end": 851,
                        "fullWidth": 23,
                        "width": 23,
                        "text": "\"The Ultimate Question\"",
                        "value": "The Ultimate Question",
                        "valueText": "The Ultimate Question"
                    }
                },
                "closeParenToken": {
                    "kind": "CloseParenToken",
                    "fullStart": 851,
                    "fullEnd": 853,
                    "start": 851,
                    "end": 852,
                    "fullWidth": 2,
                    "width": 1,
                    "text": ")",
                    "value": ")",
                    "valueText": ")",
                    "hasTrailingTrivia": true,
                    "trailingTrivia": [
                        {
                            "kind": "WhitespaceTrivia",
                            "text": " "
                        }
                    ]
                },
                "statement": {
                    "kind": "Block",
                    "fullStart": 853,
                    "fullEnd": 933,
                    "start": 853,
                    "end": 932,
                    "fullWidth": 80,
                    "width": 79,
                    "openBraceToken": {
                        "kind": "OpenBraceToken",
                        "fullStart": 853,
                        "fullEnd": 855,
                        "start": 853,
                        "end": 854,
                        "fullWidth": 2,
                        "width": 1,
                        "text": "{",
                        "value": "{",
                        "valueText": "{",
                        "hasTrailingTrivia": true,
                        "hasTrailingNewLine": true,
                        "trailingTrivia": [
                            {
                                "kind": "NewLineTrivia",
                                "text": "\n"
                            }
                        ]
                    },
                    "statements": [
                        {
                            "kind": "ExpressionStatement",
                            "fullStart": 855,
                            "fullEnd": 931,
                            "start": 856,
                            "end": 930,
                            "fullWidth": 76,
                            "width": 74,
                            "expression": {
                                "kind": "InvocationExpression",
                                "fullStart": 855,
                                "fullEnd": 929,
                                "start": 856,
                                "end": 929,
                                "fullWidth": 74,
                                "width": 73,
                                "expression": {
                                    "kind": "IdentifierName",
                                    "fullStart": 855,
                                    "fullEnd": 862,
                                    "start": 856,
                                    "end": 862,
                                    "fullWidth": 7,
                                    "width": 6,
                                    "text": "$ERROR",
                                    "value": "$ERROR",
                                    "valueText": "$ERROR",
                                    "hasLeadingTrivia": true,
                                    "leadingTrivia": [
                                        {
                                            "kind": "WhitespaceTrivia",
                                            "text": "\t"
                                        }
                                    ]
                                },
                                "argumentList": {
                                    "kind": "ArgumentList",
                                    "fullStart": 862,
                                    "fullEnd": 929,
                                    "start": 862,
                                    "end": 929,
                                    "fullWidth": 67,
                                    "width": 67,
                                    "openParenToken": {
                                        "kind": "OpenParenToken",
                                        "fullStart": 862,
                                        "fullEnd": 863,
                                        "start": 862,
                                        "end": 863,
                                        "fullWidth": 1,
                                        "width": 1,
                                        "text": "(",
                                        "value": "(",
                                        "valueText": "("
                                    },
                                    "arguments": [
                                        {
                                            "kind": "StringLiteral",
                                            "fullStart": 863,
                                            "fullEnd": 928,
                                            "start": 863,
                                            "end": 928,
                                            "fullWidth": 65,
                                            "width": 65,
                                            "text": "'#2: __func(\"The Ultimate Question\") !== \"The Ultimate Question\"'",
                                            "value": "#2: __func(\"The Ultimate Question\") !== \"The Ultimate Question\"",
                                            "valueText": "#2: __func(\"The Ultimate Question\") !== \"The Ultimate Question\""
                                        }
                                    ],
                                    "closeParenToken": {
                                        "kind": "CloseParenToken",
                                        "fullStart": 928,
                                        "fullEnd": 929,
                                        "start": 928,
                                        "end": 929,
                                        "fullWidth": 1,
                                        "width": 1,
                                        "text": ")",
                                        "value": ")",
                                        "valueText": ")"
                                    }
                                }
                            },
                            "semicolonToken": {
                                "kind": "SemicolonToken",
                                "fullStart": 929,
                                "fullEnd": 931,
                                "start": 929,
                                "end": 930,
                                "fullWidth": 2,
                                "width": 1,
                                "text": ";",
                                "value": ";",
                                "valueText": ";",
                                "hasTrailingTrivia": true,
                                "hasTrailingNewLine": true,
                                "trailingTrivia": [
                                    {
                                        "kind": "NewLineTrivia",
                                        "text": "\n"
                                    }
                                ]
                            }
                        }
                    ],
                    "closeBraceToken": {
                        "kind": "CloseBraceToken",
                        "fullStart": 931,
                        "fullEnd": 933,
                        "start": 931,
                        "end": 932,
                        "fullWidth": 2,
                        "width": 1,
                        "text": "}",
                        "value": "}",
                        "valueText": "}",
                        "hasTrailingTrivia": true,
                        "hasTrailingNewLine": true,
                        "trailingTrivia": [
                            {
                                "kind": "NewLineTrivia",
                                "text": "\n"
                            }
                        ]
                    }
                }
            }
        ],
        "endOfFileToken": {
            "kind": "EndOfFileToken",
            "fullStart": 933,
            "fullEnd": 1016,
            "start": 1016,
            "end": 1016,
            "fullWidth": 83,
            "width": 0,
            "text": "",
            "hasLeadingTrivia": true,
            "hasLeadingComment": true,
            "hasLeadingNewLine": true,
            "leadingTrivia": [
                {
                    "kind": "SingleLineCommentTrivia",
                    "text": "//"
                },
                {
                    "kind": "NewLineTrivia",
                    "text": "\n"
                },
                {
                    "kind": "SingleLineCommentTrivia",
                    "text": "//////////////////////////////////////////////////////////////////////////////"
                },
                {
                    "kind": "NewLineTrivia",
                    "text": "\n"
                },
                {
                    "kind": "NewLineTrivia",
                    "text": "\n"
                }
            ]
        }
    },
    "lineMap": {
        "lineStarts": [
            0,
            61,
            132,
            133,
            137,
            200,
            203,
            236,
            314,
            318,
            319,
            378,
            379,
            407,
            408,
            427,
            449,
            452,
            453,
            532,
            542,
            574,
            614,
            616,
            619,
            698,
            699,
            778,
            788,
            855,
            931,
            933,
            936,
            1015,
            1016
        ],
        "length": 1016
    }
}