{
    "isDeclaration": false,
    "languageVersion": "EcmaScript5",
    "parseOptions": {
        "allowAutomaticSemicolonInsertion": true
    },
    "sourceUnit": {
        "kind": "SourceUnit",
        "fullStart": 0,
        "fullEnd": 405,
        "start": 288,
        "end": 405,
        "fullWidth": 405,
        "width": 117,
        "moduleElements": [
            {
                "kind": "IfStatement",
                "fullStart": 0,
                "fullEnd": 403,
                "start": 288,
                "end": 402,
                "fullWidth": 403,
                "width": 114,
                "ifKeyword": {
                    "kind": "IfKeyword",
                    "fullStart": 0,
                    "fullEnd": 291,
                    "start": 288,
                    "end": 290,
                    "fullWidth": 291,
                    "width": 2,
                    "text": "if",
                    "value": "if",
                    "valueText": "if",
                    "hasLeadingTrivia": true,
                    "hasLeadingComment": true,
                    "hasLeadingNewLine": true,
                    "hasTrailingTrivia": true,
                    "leadingTrivia": [
                        {
                            "kind": "SingleLineCommentTrivia",
                            "text": "// Copyright 2009 the Sputnik authors.  All rights reserved."
                        },
                        {
                            "kind": "NewLineTrivia",
                            "text": "\n"
                        },
                        {
                            "kind": "SingleLineCommentTrivia",
                            "text": "// This code is governed by the BSD license found in the LICENSE file."
                        },
                        {
                            "kind": "NewLineTrivia",
                            "text": "\n"
                        },
                        {
                            "kind": "NewLineTrivia",
                            "text": "\n"
                        },
                        {
                            "kind": "MultiLineCommentTrivia",
                            "text": "/**\n * The RegExp has property prototype\n *\n * @path ch15/15.10/15.10.5/S15.10.5.1_A1.js\n * @description Checking RegExp.prototype property\n */"
                        },
                        {
                            "kind": "NewLineTrivia",
                            "text": "\n"
                        },
                        {
                            "kind": "NewLineTrivia",
                            "text": "\n"
                        },
                        {
                            "kind": "SingleLineCommentTrivia",
                            "text": "//CHECK#1"
                        },
                        {
                            "kind": "NewLineTrivia",
                            "text": "\n"
                        }
                    ],
                    "trailingTrivia": [
                        {
                            "kind": "WhitespaceTrivia",
                            "text": " "
                        }
                    ]
                },
                "openParenToken": {
                    "kind": "OpenParenToken",
                    "fullStart": 291,
                    "fullEnd": 292,
                    "start": 291,
                    "end": 292,
                    "fullWidth": 1,
                    "width": 1,
                    "text": "(",
                    "value": "(",
                    "valueText": "("
                },
                "condition": {
                    "kind": "NotEqualsExpression",
                    "fullStart": 292,
                    "fullEnd": 335,
                    "start": 292,
                    "end": 335,
                    "fullWidth": 43,
                    "width": 43,
                    "left": {
                        "kind": "InvocationExpression",
                        "fullStart": 292,
                        "fullEnd": 327,
                        "start": 292,
                        "end": 326,
                        "fullWidth": 35,
                        "width": 34,
                        "expression": {
                            "kind": "MemberAccessExpression",
                            "fullStart": 292,
                            "fullEnd": 313,
                            "start": 292,
                            "end": 313,
                            "fullWidth": 21,
                            "width": 21,
                            "expression": {
                                "kind": "IdentifierName",
                                "fullStart": 292,
                                "fullEnd": 298,
                                "start": 292,
                                "end": 298,
                                "fullWidth": 6,
                                "width": 6,
                                "text": "RegExp",
                                "value": "RegExp",
                                "valueText": "RegExp"
                            },
                            "dotToken": {
                                "kind": "DotToken",
                                "fullStart": 298,
                                "fullEnd": 299,
                                "start": 298,
                                "end": 299,
                                "fullWidth": 1,
                                "width": 1,
                                "text": ".",
                                "value": ".",
                                "valueText": "."
                            },
                            "name": {
                                "kind": "IdentifierName",
                                "fullStart": 299,
                                "fullEnd": 313,
                                "start": 299,
                                "end": 313,
                                "fullWidth": 14,
                                "width": 14,
                                "text": "hasOwnProperty",
                                "value": "hasOwnProperty",
                                "valueText": "hasOwnProperty"
                            }
                        },
                        "argumentList": {
                            "kind": "ArgumentList",
                            "fullStart": 313,
                            "fullEnd": 327,
                            "start": 313,
                            "end": 326,
                            "fullWidth": 14,
                            "width": 13,
                            "openParenToken": {
                                "kind": "OpenParenToken",
                                "fullStart": 313,
                                "fullEnd": 314,
                                "start": 313,
                                "end": 314,
                                "fullWidth": 1,
                                "width": 1,
                                "text": "(",
                                "value": "(",
                                "valueText": "("
                            },
                            "arguments": [
                                {
                                    "kind": "StringLiteral",
                                    "fullStart": 314,
                                    "fullEnd": 325,
                                    "start": 314,
                                    "end": 325,
                                    "fullWidth": 11,
                                    "width": 11,
                                    "text": "'prototype'",
                                    "value": "prototype",
                                    "valueText": "prototype"
                                }
                            ],
                            "closeParenToken": {
                                "kind": "CloseParenToken",
                                "fullStart": 325,
                                "fullEnd": 327,
                                "start": 325,
                                "end": 326,
                                "fullWidth": 2,
                                "width": 1,
                                "text": ")",
                                "value": ")",
                                "valueText": ")",
                                "hasTrailingTrivia": true,
                                "trailingTrivia": [
                                    {
                                        "kind": "WhitespaceTrivia",
                                        "text": " "
                                    }
                                ]
                            }
                        }
                    },
                    "operatorToken": {
                        "kind": "ExclamationEqualsEqualsToken",
                        "fullStart": 327,
                        "fullEnd": 331,
                        "start": 327,
                        "end": 330,
                        "fullWidth": 4,
                        "width": 3,
                        "text": "!==",
                        "value": "!==",
                        "valueText": "!==",
                        "hasTrailingTrivia": true,
                        "trailingTrivia": [
                            {
                                "kind": "WhitespaceTrivia",
                                "text": " "
                            }
                        ]
                    },
                    "right": {
                        "kind": "TrueKeyword",
                        "fullStart": 331,
                        "fullEnd": 335,
                        "start": 331,
                        "end": 335,
                        "fullWidth": 4,
                        "width": 4,
                        "text": "true",
                        "value": true,
                        "valueText": "true"
                    }
                },
                "closeParenToken": {
                    "kind": "CloseParenToken",
                    "fullStart": 335,
                    "fullEnd": 337,
                    "start": 335,
                    "end": 336,
                    "fullWidth": 2,
                    "width": 1,
                    "text": ")",
                    "value": ")",
                    "valueText": ")",
                    "hasTrailingTrivia": true,
                    "trailingTrivia": [
                        {
                            "kind": "WhitespaceTrivia",
                            "text": " "
                        }
                    ]
                },
                "statement": {
                    "kind": "Block",
                    "fullStart": 337,
                    "fullEnd": 403,
                    "start": 337,
                    "end": 402,
                    "fullWidth": 66,
                    "width": 65,
                    "openBraceToken": {
                        "kind": "OpenBraceToken",
                        "fullStart": 337,
                        "fullEnd": 339,
                        "start": 337,
                        "end": 338,
                        "fullWidth": 2,
                        "width": 1,
                        "text": "{",
                        "value": "{",
                        "valueText": "{",
                        "hasTrailingTrivia": true,
                        "hasTrailingNewLine": true,
                        "trailingTrivia": [
                            {
                                "kind": "NewLineTrivia",
                                "text": "\n"
                            }
                        ]
                    },
                    "statements": [
                        {
                            "kind": "ExpressionStatement",
                            "fullStart": 339,
                            "fullEnd": 401,
                            "start": 340,
                            "end": 400,
                            "fullWidth": 62,
                            "width": 60,
                            "expression": {
                                "kind": "InvocationExpression",
                                "fullStart": 339,
                                "fullEnd": 399,
                                "start": 340,
                                "end": 399,
                                "fullWidth": 60,
                                "width": 59,
                                "expression": {
                                    "kind": "IdentifierName",
                                    "fullStart": 339,
                                    "fullEnd": 346,
                                    "start": 340,
                                    "end": 346,
                                    "fullWidth": 7,
                                    "width": 6,
                                    "text": "$ERROR",
                                    "value": "$ERROR",
                                    "valueText": "$ERROR",
                                    "hasLeadingTrivia": true,
                                    "leadingTrivia": [
                                        {
                                            "kind": "WhitespaceTrivia",
                                            "text": "\t"
                                        }
                                    ]
                                },
                                "argumentList": {
                                    "kind": "ArgumentList",
                                    "fullStart": 346,
                                    "fullEnd": 399,
                                    "start": 346,
                                    "end": 399,
                                    "fullWidth": 53,
                                    "width": 53,
                                    "openParenToken": {
                                        "kind": "OpenParenToken",
                                        "fullStart": 346,
                                        "fullEnd": 347,
                                        "start": 346,
                                        "end": 347,
                                        "fullWidth": 1,
                                        "width": 1,
                                        "text": "(",
                                        "value": "(",
                                        "valueText": "("
                                    },
                                    "arguments": [
                                        {
                                            "kind": "StringLiteral",
                                            "fullStart": 347,
                                            "fullEnd": 398,
                                            "start": 347,
                                            "end": 398,
                                            "fullWidth": 51,
                                            "width": 51,
                                            "text": "'#1: RegExp.hasOwnProperty(\\'prototype\\') === true'",
                                            "value": "#1: RegExp.hasOwnProperty('prototype') === true",
                                            "valueText": "#1: RegExp.hasOwnProperty('prototype') === true"
                                        }
                                    ],
                                    "closeParenToken": {
                                        "kind": "CloseParenToken",
                                        "fullStart": 398,
                                        "fullEnd": 399,
                                        "start": 398,
                                        "end": 399,
                                        "fullWidth": 1,
                                        "width": 1,
                                        "text": ")",
                                        "value": ")",
                                        "valueText": ")"
                                    }
                                }
                            },
                            "semicolonToken": {
                                "kind": "SemicolonToken",
                                "fullStart": 399,
                                "fullEnd": 401,
                                "start": 399,
                                "end": 400,
                                "fullWidth": 2,
                                "width": 1,
                                "text": ";",
                                "value": ";",
                                "valueText": ";",
                                "hasTrailingTrivia": true,
                                "hasTrailingNewLine": true,
                                "trailingTrivia": [
                                    {
                                        "kind": "NewLineTrivia",
                                        "text": "\n"
                                    }
                                ]
                            }
                        }
                    ],
                    "closeBraceToken": {
                        "kind": "CloseBraceToken",
                        "fullStart": 401,
                        "fullEnd": 403,
                        "start": 401,
                        "end": 402,
                        "fullWidth": 2,
                        "width": 1,
                        "text": "}",
                        "value": "}",
                        "valueText": "}",
                        "hasTrailingTrivia": true,
                        "hasTrailingNewLine": true,
                        "trailingTrivia": [
                            {
                                "kind": "NewLineTrivia",
                                "text": "\n"
                            }
                        ]
                    }
                }
            }
        ],
        "endOfFileToken": {
            "kind": "EndOfFileToken",
            "fullStart": 403,
            "fullEnd": 405,
            "start": 405,
            "end": 405,
            "fullWidth": 2,
            "width": 0,
            "text": "",
            "hasLeadingTrivia": true,
            "hasLeadingNewLine": true,
            "leadingTrivia": [
                {
                    "kind": "NewLineTrivia",
                    "text": "\n"
                },
                {
                    "kind": "NewLineTrivia",
                    "text": "\n"
                }
            ]
        }
    },
    "lineMap": {
        "lineStarts": [
            0,
            61,
            132,
            133,
            137,
            174,
            177,
            222,
            273,
            277,
            278,
            288,
            339,
            401,
            403,
            404,
            405
        ],
        "length": 405
    }
}