{
    "isDeclaration": false,
    "languageVersion": "EcmaScript5",
    "parseOptions": {
        "allowAutomaticSemicolonInsertion": true
    },
    "sourceUnit": {
        "kind": "SourceUnit",
        "fullStart": 0,
        "fullEnd": 933,
        "start": 586,
        "end": 933,
        "fullWidth": 933,
        "width": 347,
        "isIncrementallyUnusable": true,
        "moduleElements": [
            {
                "kind": "FunctionDeclaration",
                "fullStart": 0,
                "fullEnd": 909,
                "start": 586,
                "end": 907,
                "fullWidth": 909,
                "width": 321,
                "isIncrementallyUnusable": true,
                "modifiers": [],
                "functionKeyword": {
                    "kind": "FunctionKeyword",
                    "fullStart": 0,
                    "fullEnd": 595,
                    "start": 586,
                    "end": 594,
                    "fullWidth": 595,
                    "width": 8,
                    "text": "function",
                    "value": "function",
                    "valueText": "function",
                    "hasLeadingTrivia": true,
                    "hasLeadingComment": true,
                    "hasLeadingNewLine": true,
                    "hasTrailingTrivia": true,
                    "leadingTrivia": [
                        {
                            "kind": "SingleLineCommentTrivia",
                            "text": "/// Copyright (c) 2012 Ecma International.  All rights reserved. "
                        },
                        {
                            "kind": "NewLineTrivia",
                            "text": "\r\n"
                        },
                        {
                            "kind": "SingleLineCommentTrivia",
                            "text": "/// Ecma International makes this code available under the terms and conditions set"
                        },
                        {
                            "kind": "NewLineTrivia",
                            "text": "\r\n"
                        },
                        {
                            "kind": "SingleLineCommentTrivia",
                            "text": "/// forth on http://hg.ecmascript.org/tests/test262/raw-file/tip/LICENSE (the "
                        },
                        {
                            "kind": "NewLineTrivia",
                            "text": "\r\n"
                        },
                        {
                            "kind": "SingleLineCommentTrivia",
                            "text": "/// \"Use Terms\").   Any redistribution of this code must retain the above "
                        },
                        {
                            "kind": "NewLineTrivia",
                            "text": "\r\n"
                        },
                        {
                            "kind": "SingleLineCommentTrivia",
                            "text": "/// copyright and this notice and otherwise comply with the Use Terms."
                        },
                        {
                            "kind": "NewLineTrivia",
                            "text": "\r\n"
                        },
                        {
                            "kind": "MultiLineCommentTrivia",
                            "text": "/**\r\n * @path ch15/15.2/15.2.3/15.2.3.7/15.2.3.7-5-b-221.js\r\n * @description Object.defineProperties - value of 'get' property of 'descObj' is primitive values( value is string) (8.10.5 step 7.b)\r\n */"
                        },
                        {
                            "kind": "NewLineTrivia",
                            "text": "\r\n"
                        },
                        {
                            "kind": "NewLineTrivia",
                            "text": "\r\n"
                        },
                        {
                            "kind": "NewLineTrivia",
                            "text": "\r\n"
                        }
                    ],
                    "trailingTrivia": [
                        {
                            "kind": "WhitespaceTrivia",
                            "text": " "
                        }
                    ]
                },
                "identifier": {
                    "kind": "IdentifierName",
                    "fullStart": 595,
                    "fullEnd": 603,
                    "start": 595,
                    "end": 603,
                    "fullWidth": 8,
                    "width": 8,
                    "text": "testcase",
                    "value": "testcase",
                    "valueText": "testcase"
                },
                "callSignature": {
                    "kind": "CallSignature",
                    "fullStart": 603,
                    "fullEnd": 606,
                    "start": 603,
                    "end": 605,
                    "fullWidth": 3,
                    "width": 2,
                    "parameterList": {
                        "kind": "ParameterList",
                        "fullStart": 603,
                        "fullEnd": 606,
                        "start": 603,
                        "end": 605,
                        "fullWidth": 3,
                        "width": 2,
                        "openParenToken": {
                            "kind": "OpenParenToken",
                            "fullStart": 603,
                            "fullEnd": 604,
                            "start": 603,
                            "end": 604,
                            "fullWidth": 1,
                            "width": 1,
                            "text": "(",
                            "value": "(",
                            "valueText": "("
                        },
                        "parameters": [],
                        "closeParenToken": {
                            "kind": "CloseParenToken",
                            "fullStart": 604,
                            "fullEnd": 606,
                            "start": 604,
                            "end": 605,
                            "fullWidth": 2,
                            "width": 1,
                            "text": ")",
                            "value": ")",
                            "valueText": ")",
                            "hasTrailingTrivia": true,
                            "trailingTrivia": [
                                {
                                    "kind": "WhitespaceTrivia",
                                    "text": " "
                                }
                            ]
                        }
                    }
                },
                "block": {
                    "kind": "Block",
                    "fullStart": 606,
                    "fullEnd": 909,
                    "start": 606,
                    "end": 907,
                    "fullWidth": 303,
                    "width": 301,
                    "isIncrementallyUnusable": true,
                    "openBraceToken": {
                        "kind": "OpenBraceToken",
                        "fullStart": 606,
                        "fullEnd": 609,
                        "start": 606,
                        "end": 607,
                        "fullWidth": 3,
                        "width": 1,
                        "text": "{",
                        "value": "{",
                        "valueText": "{",
                        "hasTrailingTrivia": true,
                        "hasTrailingNewLine": true,
                        "trailingTrivia": [
                            {
                                "kind": "NewLineTrivia",
                                "text": "\r\n"
                            }
                        ]
                    },
                    "statements": [
                        {
                            "kind": "VariableStatement",
                            "fullStart": 609,
                            "fullEnd": 632,
                            "start": 617,
                            "end": 630,
                            "fullWidth": 23,
                            "width": 13,
                            "modifiers": [],
                            "variableDeclaration": {
                                "kind": "VariableDeclaration",
                                "fullStart": 609,
                                "fullEnd": 629,
                                "start": 617,
                                "end": 629,
                                "fullWidth": 20,
                                "width": 12,
                                "varKeyword": {
                                    "kind": "VarKeyword",
                                    "fullStart": 609,
                                    "fullEnd": 621,
                                    "start": 617,
                                    "end": 620,
                                    "fullWidth": 12,
                                    "width": 3,
                                    "text": "var",
                                    "value": "var",
                                    "valueText": "var",
                                    "hasLeadingTrivia": true,
                                    "hasTrailingTrivia": true,
                                    "leadingTrivia": [
                                        {
                                            "kind": "WhitespaceTrivia",
                                            "text": "        "
                                        }
                                    ],
                                    "trailingTrivia": [
                                        {
                                            "kind": "WhitespaceTrivia",
                                            "text": " "
                                        }
                                    ]
                                },
                                "variableDeclarators": [
                                    {
                                        "kind": "VariableDeclarator",
                                        "fullStart": 621,
                                        "fullEnd": 629,
                                        "start": 621,
                                        "end": 629,
                                        "fullWidth": 8,
                                        "width": 8,
                                        "propertyName": {
                                            "kind": "IdentifierName",
                                            "fullStart": 621,
                                            "fullEnd": 625,
                                            "start": 621,
                                            "end": 624,
                                            "fullWidth": 4,
                                            "width": 3,
                                            "text": "obj",
                                            "value": "obj",
                                            "valueText": "obj",
                                            "hasTrailingTrivia": true,
                                            "trailingTrivia": [
                                                {
                                                    "kind": "WhitespaceTrivia",
                                                    "text": " "
                                                }
                                            ]
                                        },
                                        "equalsValueClause": {
                                            "kind": "EqualsValueClause",
                                            "fullStart": 625,
                                            "fullEnd": 629,
                                            "start": 625,
                                            "end": 629,
                                            "fullWidth": 4,
                                            "width": 4,
                                            "equalsToken": {
                                                "kind": "EqualsToken",
                                                "fullStart": 625,
                                                "fullEnd": 627,
                                                "start": 625,
                                                "end": 626,
                                                "fullWidth": 2,
                                                "width": 1,
                                                "text": "=",
                                                "value": "=",
                                                "valueText": "=",
                                                "hasTrailingTrivia": true,
                                                "trailingTrivia": [
                                                    {
                                                        "kind": "WhitespaceTrivia",
                                                        "text": " "
                                                    }
                                                ]
                                            },
                                            "value": {
                                                "kind": "ObjectLiteralExpression",
                                                "fullStart": 627,
                                                "fullEnd": 629,
                                                "start": 627,
                                                "end": 629,
                                                "fullWidth": 2,
                                                "width": 2,
                                                "openBraceToken": {
                                                    "kind": "OpenBraceToken",
                                                    "fullStart": 627,
                                                    "fullEnd": 628,
                                                    "start": 627,
                                                    "end": 628,
                                                    "fullWidth": 1,
                                                    "width": 1,
                                                    "text": "{",
                                                    "value": "{",
                                                    "valueText": "{"
                                                },
                                                "propertyAssignments": [],
                                                "closeBraceToken": {
                                                    "kind": "CloseBraceToken",
                                                    "fullStart": 628,
                                                    "fullEnd": 629,
                                                    "start": 628,
                                                    "end": 629,
                                                    "fullWidth": 1,
                                                    "width": 1,
                                                    "text": "}",
                                                    "value": "}",
                                                    "valueText": "}"
                                                }
                                            }
                                        }
                                    }
                                ]
                            },
                            "semicolonToken": {
                                "kind": "SemicolonToken",
                                "fullStart": 629,
                                "fullEnd": 632,
                                "start": 629,
                                "end": 630,
                                "fullWidth": 3,
                                "width": 1,
                                "text": ";",
                                "value": ";",
                                "valueText": ";",
                                "hasTrailingTrivia": true,
                                "hasTrailingNewLine": true,
                                "trailingTrivia": [
                                    {
                                        "kind": "NewLineTrivia",
                                        "text": "\r\n"
                                    }
                                ]
                            }
                        },
                        {
                            "kind": "TryStatement",
                            "fullStart": 632,
                            "fullEnd": 902,
                            "start": 642,
                            "end": 900,
                            "fullWidth": 270,
                            "width": 258,
                            "isIncrementallyUnusable": true,
                            "tryKeyword": {
                                "kind": "TryKeyword",
                                "fullStart": 632,
                                "fullEnd": 646,
                                "start": 642,
                                "end": 645,
                                "fullWidth": 14,
                                "width": 3,
                                "text": "try",
                                "value": "try",
                                "valueText": "try",
                                "hasLeadingTrivia": true,
                                "hasLeadingNewLine": true,
                                "hasTrailingTrivia": true,
                                "leadingTrivia": [
                                    {
                                        "kind": "NewLineTrivia",
                                        "text": "\r\n"
                                    },
                                    {
                                        "kind": "WhitespaceTrivia",
                                        "text": "        "
                                    }
                                ],
                                "trailingTrivia": [
                                    {
                                        "kind": "WhitespaceTrivia",
                                        "text": " "
                                    }
                                ]
                            },
                            "block": {
                                "kind": "Block",
                                "fullStart": 646,
                                "fullEnd": 832,
                                "start": 646,
                                "end": 831,
                                "fullWidth": 186,
                                "width": 185,
                                "isIncrementallyUnusable": true,
                                "openBraceToken": {
                                    "kind": "OpenBraceToken",
                                    "fullStart": 646,
                                    "fullEnd": 649,
                                    "start": 646,
                                    "end": 647,
                                    "fullWidth": 3,
                                    "width": 1,
                                    "text": "{",
                                    "value": "{",
                                    "valueText": "{",
                                    "hasTrailingTrivia": true,
                                    "hasTrailingNewLine": true,
                                    "trailingTrivia": [
                                        {
                                            "kind": "NewLineTrivia",
                                            "text": "\r\n"
                                        }
                                    ]
                                },
                                "statements": [
                                    {
                                        "kind": "ExpressionStatement",
                                        "fullStart": 649,
                                        "fullEnd": 793,
                                        "start": 661,
                                        "end": 791,
                                        "fullWidth": 144,
                                        "width": 130,
                                        "isIncrementallyUnusable": true,
                                        "expression": {
                                            "kind": "InvocationExpression",
                                            "fullStart": 649,
                                            "fullEnd": 790,
                                            "start": 661,
                                            "end": 790,
                                            "fullWidth": 141,
                                            "width": 129,
                                            "isIncrementallyUnusable": true,
                                            "expression": {
                                                "kind": "MemberAccessExpression",
                                                "fullStart": 649,
                                                "fullEnd": 684,
                                                "start": 661,
                                                "end": 684,
                                                "fullWidth": 35,
                                                "width": 23,
                                                "expression": {
                                                    "kind": "IdentifierName",
                                                    "fullStart": 649,
                                                    "fullEnd": 667,
                                                    "start": 661,
                                                    "end": 667,
                                                    "fullWidth": 18,
                                                    "width": 6,
                                                    "text": "Object",
                                                    "value": "Object",
                                                    "valueText": "Object",
                                                    "hasLeadingTrivia": true,
                                                    "leadingTrivia": [
                                                        {
                                                            "kind": "WhitespaceTrivia",
                                                            "text": "            "
                                                        }
                                                    ]
                                                },
                                                "dotToken": {
                                                    "kind": "DotToken",
                                                    "fullStart": 667,
                                                    "fullEnd": 668,
                                                    "start": 667,
                                                    "end": 668,
                                                    "fullWidth": 1,
                                                    "width": 1,
                                                    "text": ".",
                                                    "value": ".",
                                                    "valueText": "."
                                                },
                                                "name": {
                                                    "kind": "IdentifierName",
                                                    "fullStart": 668,
                                                    "fullEnd": 684,
                                                    "start": 668,
                                                    "end": 684,
                                                    "fullWidth": 16,
                                                    "width": 16,
                                                    "text": "defineProperties",
                                                    "value": "defineProperties",
                                                    "valueText": "defineProperties"
                                                }
                                            },
                                            "argumentList": {
                                                "kind": "ArgumentList",
                                                "fullStart": 684,
                                                "fullEnd": 790,
                                                "start": 684,
                                                "end": 790,
                                                "fullWidth": 106,
                                                "width": 106,
                                                "isIncrementallyUnusable": true,
                                                "openParenToken": {
                                                    "kind": "OpenParenToken",
                                                    "fullStart": 684,
                                                    "fullEnd": 685,
                                                    "start": 684,
                                                    "end": 685,
                                                    "fullWidth": 1,
                                                    "width": 1,
                                                    "text": "(",
                                                    "value": "(",
                                                    "valueText": "("
                                                },
                                                "arguments": [
                                                    {
                                                        "kind": "IdentifierName",
                                                        "fullStart": 685,
                                                        "fullEnd": 688,
                                                        "start": 685,
                                                        "end": 688,
                                                        "fullWidth": 3,
                                                        "width": 3,
                                                        "text": "obj",
                                                        "value": "obj",
                                                        "valueText": "obj"
                                                    },
                                                    {
                                                        "kind": "CommaToken",
                                                        "fullStart": 688,
                                                        "fullEnd": 690,
                                                        "start": 688,
                                                        "end": 689,
                                                        "fullWidth": 2,
                                                        "width": 1,
                                                        "text": ",",
                                                        "value": ",",
                                                        "valueText": ",",
                                                        "hasTrailingTrivia": true,
                                                        "trailingTrivia": [
                                                            {
                                                                "kind": "WhitespaceTrivia",
                                                                "text": " "
                                                            }
                                                        ]
                                                    },
                                                    {
                                                        "kind": "ObjectLiteralExpression",
                                                        "fullStart": 690,
                                                        "fullEnd": 789,
                                                        "start": 690,
                                                        "end": 789,
                                                        "fullWidth": 99,
                                                        "width": 99,
                                                        "isIncrementallyUnusable": true,
                                                        "openBraceToken": {
                                                            "kind": "OpenBraceToken",
                                                            "fullStart": 690,
                                                            "fullEnd": 693,
                                                            "start": 690,
                                                            "end": 691,
                                                            "fullWidth": 3,
                                                            "width": 1,
                                                            "text": "{",
                                                            "value": "{",
                                                            "valueText": "{",
                                                            "hasTrailingTrivia": true,
                                                            "hasTrailingNewLine": true,
                                                            "trailingTrivia": [
                                                                {
                                                                    "kind": "NewLineTrivia",
                                                                    "text": "\r\n"
                                                                }
                                                            ]
                                                        },
                                                        "propertyAssignments": [
                                                            {
                                                                "kind": "SimplePropertyAssignment",
                                                                "fullStart": 693,
                                                                "fullEnd": 776,
                                                                "start": 709,
                                                                "end": 774,
                                                                "fullWidth": 83,
                                                                "width": 65,
                                                                "isIncrementallyUnusable": true,
                                                                "propertyName": {
                                                                    "kind": "IdentifierName",
                                                                    "fullStart": 693,
                                                                    "fullEnd": 717,
                                                                    "start": 709,
                                                                    "end": 717,
                                                                    "fullWidth": 24,
                                                                    "width": 8,
                                                                    "text": "property",
                                                                    "value": "property",
                                                                    "valueText": "property",
                                                                    "hasLeadingTrivia": true,
                                                                    "leadingTrivia": [
                                                                        {
                                                                            "kind": "WhitespaceTrivia",
                                                                            "text": "                "
                                                                        }
                                                                    ]
                                                                },
                                                                "colonToken": {
                                                                    "kind": "ColonToken",
                                                                    "fullStart": 717,
                                                                    "fullEnd": 719,
                                                                    "start": 717,
                                                                    "end": 718,
                                                                    "fullWidth": 2,
                                                                    "width": 1,
                                                                    "text": ":",
                                                                    "value": ":",
                                                                    "valueText": ":",
                                                                    "hasTrailingTrivia": true,
                                                                    "trailingTrivia": [
                                                                        {
                                                                            "kind": "WhitespaceTrivia",
                                                                            "text": " "
                                                                        }
                                                                    ]
                                                                },
                                                                "expression": {
                                                                    "kind": "ObjectLiteralExpression",
                                                                    "fullStart": 719,
                                                                    "fullEnd": 776,
                                                                    "start": 719,
                                                                    "end": 774,
                                                                    "fullWidth": 57,
                                                                    "width": 55,
                                                                    "isIncrementallyUnusable": true,
                                                                    "openBraceToken": {
                                                                        "kind": "OpenBraceToken",
                                                                        "fullStart": 719,
                                                                        "fullEnd": 722,
                                                                        "start": 719,
                                                                        "end": 720,
                                                                        "fullWidth": 3,
                                                                        "width": 1,
                                                                        "text": "{",
                                                                        "value": "{",
                                                                        "valueText": "{",
                                                                        "hasTrailingTrivia": true,
                                                                        "hasTrailingNewLine": true,
                                                                        "trailingTrivia": [
                                                                            {
                                                                                "kind": "NewLineTrivia",
                                                                                "text": "\r\n"
                                                                            }
                                                                        ]
                                                                    },
                                                                    "propertyAssignments": [
                                                                        {
                                                                            "kind": "SimplePropertyAssignment",
                                                                            "fullStart": 722,
                                                                            "fullEnd": 757,
                                                                            "start": 742,
                                                                            "end": 755,
                                                                            "fullWidth": 35,
                                                                            "width": 13,
                                                                            "isIncrementallyUnusable": true,
                                                                            "propertyName": {
                                                                                "kind": "IdentifierName",
                                                                                "fullStart": 722,
                                                                                "fullEnd": 745,
                                                                                "start": 742,
                                                                                "end": 745,
                                                                                "fullWidth": 23,
                                                                                "width": 3,
                                                                                "text": "get",
                                                                                "value": "get",
                                                                                "valueText": "get",
                                                                                "hasLeadingTrivia": true,
                                                                                "leadingTrivia": [
                                                                                    {
                                                                                        "kind": "WhitespaceTrivia",
                                                                                        "text": "                    "
                                                                                    }
                                                                                ]
                                                                            },
                                                                            "colonToken": {
                                                                                "kind": "ColonToken",
                                                                                "fullStart": 745,
                                                                                "fullEnd": 747,
                                                                                "start": 745,
                                                                                "end": 746,
                                                                                "fullWidth": 2,
                                                                                "width": 1,
                                                                                "text": ":",
                                                                                "value": ":",
                                                                                "valueText": ":",
                                                                                "hasTrailingTrivia": true,
                                                                                "trailingTrivia": [
                                                                                    {
                                                                                        "kind": "WhitespaceTrivia",
                                                                                        "text": " "
                                                                                    }
                                                                                ]
                                                                            },
                                                                            "expression": {
                                                                                "kind": "StringLiteral",
                                                                                "fullStart": 747,
                                                                                "fullEnd": 757,
                                                                                "start": 747,
                                                                                "end": 755,
                                                                                "fullWidth": 10,
                                                                                "width": 8,
                                                                                "text": "\"string\"",
                                                                                "value": "string",
                                                                                "valueText": "string",
                                                                                "hasTrailingTrivia": true,
                                                                                "hasTrailingNewLine": true,
                                                                                "trailingTrivia": [
                                                                                    {
                                                                                        "kind": "NewLineTrivia",
                                                                                        "text": "\r\n"
                                                                                    }
                                                                                ]
                                                                            }
                                                                        }
                                                                    ],
                                                                    "closeBraceToken": {
                                                                        "kind": "CloseBraceToken",
                                                                        "fullStart": 757,
                                                                        "fullEnd": 776,
                                                                        "start": 773,
                                                                        "end": 774,
                                                                        "fullWidth": 19,
                                                                        "width": 1,
                                                                        "text": "}",
                                                                        "value": "}",
                                                                        "valueText": "}",
                                                                        "hasLeadingTrivia": true,
                                                                        "hasTrailingTrivia": true,
                                                                        "hasTrailingNewLine": true,
                                                                        "leadingTrivia": [
                                                                            {
                                                                                "kind": "WhitespaceTrivia",
                                                                                "text": "                "
                                                                            }
                                                                        ],
                                                                        "trailingTrivia": [
                                                                            {
                                                                                "kind": "NewLineTrivia",
                                                                                "text": "\r\n"
                                                                            }
                                                                        ]
                                                                    }
                                                                }
                                                            }
                                                        ],
                                                        "closeBraceToken": {
                                                            "kind": "CloseBraceToken",
                                                            "fullStart": 776,
                                                            "fullEnd": 789,
                                                            "start": 788,
                                                            "end": 789,
                                                            "fullWidth": 13,
                                                            "width": 1,
                                                            "text": "}",
                                                            "value": "}",
                                                            "valueText": "}",
                                                            "hasLeadingTrivia": true,
                                                            "leadingTrivia": [
                                                                {
                                                                    "kind": "WhitespaceTrivia",
                                                                    "text": "            "
                                                                }
                                                            ]
                                                        }
                                                    }
                                                ],
                                                "closeParenToken": {
                                                    "kind": "CloseParenToken",
                                                    "fullStart": 789,
                                                    "fullEnd": 790,
                                                    "start": 789,
                                                    "end": 790,
                                                    "fullWidth": 1,
                                                    "width": 1,
                                                    "text": ")",
                                                    "value": ")",
                                                    "valueText": ")"
                                                }
                                            }
                                        },
                                        "semicolonToken": {
                                            "kind": "SemicolonToken",
                                            "fullStart": 790,
                                            "fullEnd": 793,
                                            "start": 790,
                                            "end": 791,
                                            "fullWidth": 3,
                                            "width": 1,
                                            "text": ";",
                                            "value": ";",
                                            "valueText": ";",
                                            "hasTrailingTrivia": true,
                                            "hasTrailingNewLine": true,
                                            "trailingTrivia": [
                                                {
                                                    "kind": "NewLineTrivia",
                                                    "text": "\r\n"
                                                }
                                            ]
                                        }
                                    },
                                    {
                                        "kind": "ReturnStatement",
                                        "fullStart": 793,
                                        "fullEnd": 822,
                                        "start": 807,
                                        "end": 820,
                                        "fullWidth": 29,
                                        "width": 13,
                                        "returnKeyword": {
                                            "kind": "ReturnKeyword",
                                            "fullStart": 793,
                                            "fullEnd": 814,
                                            "start": 807,
                                            "end": 813,
                                            "fullWidth": 21,
                                            "width": 6,
                                            "text": "return",
                                            "value": "return",
                                            "valueText": "return",
                                            "hasLeadingTrivia": true,
                                            "hasLeadingNewLine": true,
                                            "hasTrailingTrivia": true,
                                            "leadingTrivia": [
                                                {
                                                    "kind": "NewLineTrivia",
                                                    "text": "\r\n"
                                                },
                                                {
                                                    "kind": "WhitespaceTrivia",
                                                    "text": "            "
                                                }
                                            ],
                                            "trailingTrivia": [
                                                {
                                                    "kind": "WhitespaceTrivia",
                                                    "text": " "
                                                }
                                            ]
                                        },
                                        "expression": {
                                            "kind": "FalseKeyword",
                                            "fullStart": 814,
                                            "fullEnd": 819,
                                            "start": 814,
                                            "end": 819,
                                            "fullWidth": 5,
                                            "width": 5,
                                            "text": "false",
                                            "value": false,
                                            "valueText": "false"
                                        },
                                        "semicolonToken": {
                                            "kind": "SemicolonToken",
                                            "fullStart": 819,
                                            "fullEnd": 822,
                                            "start": 819,
                                            "end": 820,
                                            "fullWidth": 3,
                                            "width": 1,
                                            "text": ";",
                                            "value": ";",
                                            "valueText": ";",
                                            "hasTrailingTrivia": true,
                                            "hasTrailingNewLine": true,
                                            "trailingTrivia": [
                                                {
                                                    "kind": "NewLineTrivia",
                                                    "text": "\r\n"
                                                }
                                            ]
                                        }
                                    }
                                ],
                                "closeBraceToken": {
                                    "kind": "CloseBraceToken",
                                    "fullStart": 822,
                                    "fullEnd": 832,
                                    "start": 830,
                                    "end": 831,
                                    "fullWidth": 10,
                                    "width": 1,
                                    "text": "}",
                                    "value": "}",
                                    "valueText": "}",
                                    "hasLeadingTrivia": true,
                                    "hasTrailingTrivia": true,
                                    "leadingTrivia": [
                                        {
                                            "kind": "WhitespaceTrivia",
                                            "text": "        "
                                        }
                                    ],
                                    "trailingTrivia": [
                                        {
                                            "kind": "WhitespaceTrivia",
                                            "text": " "
                                        }
                                    ]
                                }
                            },
                            "catchClause": {
                                "kind": "CatchClause",
                                "fullStart": 832,
                                "fullEnd": 902,
                                "start": 832,
                                "end": 900,
                                "fullWidth": 70,
                                "width": 68,
                                "catchKeyword": {
                                    "kind": "CatchKeyword",
                                    "fullStart": 832,
                                    "fullEnd": 838,
                                    "start": 832,
                                    "end": 837,
                                    "fullWidth": 6,
                                    "width": 5,
                                    "text": "catch",
                                    "value": "catch",
                                    "valueText": "catch",
                                    "hasTrailingTrivia": true,
                                    "trailingTrivia": [
                                        {
                                            "kind": "WhitespaceTrivia",
                                            "text": " "
                                        }
                                    ]
                                },
                                "openParenToken": {
                                    "kind": "OpenParenToken",
                                    "fullStart": 838,
                                    "fullEnd": 839,
                                    "start": 838,
                                    "end": 839,
                                    "fullWidth": 1,
                                    "width": 1,
                                    "text": "(",
                                    "value": "(",
                                    "valueText": "("
                                },
                                "identifier": {
                                    "kind": "IdentifierName",
                                    "fullStart": 839,
                                    "fullEnd": 840,
                                    "start": 839,
                                    "end": 840,
                                    "fullWidth": 1,
                                    "width": 1,
                                    "text": "e",
                                    "value": "e",
                                    "valueText": "e"
                                },
                                "closeParenToken": {
                                    "kind": "CloseParenToken",
                                    "fullStart": 840,
                                    "fullEnd": 842,
                                    "start": 840,
                                    "end": 841,
                                    "fullWidth": 2,
                                    "width": 1,
                                    "text": ")",
                                    "value": ")",
                                    "valueText": ")",
                                    "hasTrailingTrivia": true,
                                    "trailingTrivia": [
                                        {
                                            "kind": "WhitespaceTrivia",
                                            "text": " "
                                        }
                                    ]
                                },
                                "block": {
                                    "kind": "Block",
                                    "fullStart": 842,
                                    "fullEnd": 902,
                                    "start": 842,
                                    "end": 900,
                                    "fullWidth": 60,
                                    "width": 58,
                                    "openBraceToken": {
                                        "kind": "OpenBraceToken",
                                        "fullStart": 842,
                                        "fullEnd": 845,
                                        "start": 842,
                                        "end": 843,
                                        "fullWidth": 3,
                                        "width": 1,
                                        "text": "{",
                                        "value": "{",
                                        "valueText": "{",
                                        "hasTrailingTrivia": true,
                                        "hasTrailingNewLine": true,
                                        "trailingTrivia": [
                                            {
                                                "kind": "NewLineTrivia",
                                                "text": "\r\n"
                                            }
                                        ]
                                    },
                                    "statements": [
                                        {
                                            "kind": "ReturnStatement",
                                            "fullStart": 845,
                                            "fullEnd": 891,
                                            "start": 857,
                                            "end": 889,
                                            "fullWidth": 46,
                                            "width": 32,
                                            "returnKeyword": {
                                                "kind": "ReturnKeyword",
                                                "fullStart": 845,
                                                "fullEnd": 864,
                                                "start": 857,
                                                "end": 863,
                                                "fullWidth": 19,
                                                "width": 6,
                                                "text": "return",
                                                "value": "return",
                                                "valueText": "return",
                                                "hasLeadingTrivia": true,
                                                "hasTrailingTrivia": true,
                                                "leadingTrivia": [
                                                    {
                                                        "kind": "WhitespaceTrivia",
                                                        "text": "            "
                                                    }
                                                ],
                                                "trailingTrivia": [
                                                    {
                                                        "kind": "WhitespaceTrivia",
                                                        "text": " "
                                                    }
                                                ]
                                            },
                                            "expression": {
                                                "kind": "ParenthesizedExpression",
                                                "fullStart": 864,
                                                "fullEnd": 888,
                                                "start": 864,
                                                "end": 888,
                                                "fullWidth": 24,
                                                "width": 24,
                                                "openParenToken": {
                                                    "kind": "OpenParenToken",
                                                    "fullStart": 864,
                                                    "fullEnd": 865,
                                                    "start": 864,
                                                    "end": 865,
                                                    "fullWidth": 1,
                                                    "width": 1,
                                                    "text": "(",
                                                    "value": "(",
                                                    "valueText": "("
                                                },
                                                "expression": {
                                                    "kind": "InstanceOfExpression",
                                                    "fullStart": 865,
                                                    "fullEnd": 887,
                                                    "start": 865,
                                                    "end": 887,
                                                    "fullWidth": 22,
                                                    "width": 22,
                                                    "left": {
                                                        "kind": "IdentifierName",
                                                        "fullStart": 865,
                                                        "fullEnd": 867,
                                                        "start": 865,
                                                        "end": 866,
                                                        "fullWidth": 2,
                                                        "width": 1,
                                                        "text": "e",
                                                        "value": "e",
                                                        "valueText": "e",
                                                        "hasTrailingTrivia": true,
                                                        "trailingTrivia": [
                                                            {
                                                                "kind": "WhitespaceTrivia",
                                                                "text": " "
                                                            }
                                                        ]
                                                    },
                                                    "operatorToken": {
                                                        "kind": "InstanceOfKeyword",
                                                        "fullStart": 867,
                                                        "fullEnd": 878,
                                                        "start": 867,
                                                        "end": 877,
                                                        "fullWidth": 11,
                                                        "width": 10,
                                                        "text": "instanceof",
                                                        "value": "instanceof",
                                                        "valueText": "instanceof",
                                                        "hasTrailingTrivia": true,
                                                        "trailingTrivia": [
                                                            {
                                                                "kind": "WhitespaceTrivia",
                                                                "text": " "
                                                            }
                                                        ]
                                                    },
                                                    "right": {
                                                        "kind": "IdentifierName",
                                                        "fullStart": 878,
                                                        "fullEnd": 887,
                                                        "start": 878,
                                                        "end": 887,
                                                        "fullWidth": 9,
                                                        "width": 9,
                                                        "text": "TypeError",
                                                        "value": "TypeError",
                                                        "valueText": "TypeError"
                                                    }
                                                },
                                                "closeParenToken": {
                                                    "kind": "CloseParenToken",
                                                    "fullStart": 887,
                                                    "fullEnd": 888,
                                                    "start": 887,
                                                    "end": 888,
                                                    "fullWidth": 1,
                                                    "width": 1,
                                                    "text": ")",
                                                    "value": ")",
                                                    "valueText": ")"
                                                }
                                            },
                                            "semicolonToken": {
                                                "kind": "SemicolonToken",
                                                "fullStart": 888,
                                                "fullEnd": 891,
                                                "start": 888,
                                                "end": 889,
                                                "fullWidth": 3,
                                                "width": 1,
                                                "text": ";",
                                                "value": ";",
                                                "valueText": ";",
                                                "hasTrailingTrivia": true,
                                                "hasTrailingNewLine": true,
                                                "trailingTrivia": [
                                                    {
                                                        "kind": "NewLineTrivia",
                                                        "text": "\r\n"
                                                    }
                                                ]
                                            }
                                        }
                                    ],
                                    "closeBraceToken": {
                                        "kind": "CloseBraceToken",
                                        "fullStart": 891,
                                        "fullEnd": 902,
                                        "start": 899,
                                        "end": 900,
                                        "fullWidth": 11,
                                        "width": 1,
                                        "text": "}",
                                        "value": "}",
                                        "valueText": "}",
                                        "hasLeadingTrivia": true,
                                        "hasTrailingTrivia": true,
                                        "hasTrailingNewLine": true,
                                        "leadingTrivia": [
                                            {
                                                "kind": "WhitespaceTrivia",
                                                "text": "        "
                                            }
                                        ],
                                        "trailingTrivia": [
                                            {
                                                "kind": "NewLineTrivia",
                                                "text": "\r\n"
                                            }
                                        ]
                                    }
                                }
                            }
                        }
                    ],
                    "closeBraceToken": {
                        "kind": "CloseBraceToken",
                        "fullStart": 902,
                        "fullEnd": 909,
                        "start": 906,
                        "end": 907,
                        "fullWidth": 7,
                        "width": 1,
                        "text": "}",
                        "value": "}",
                        "valueText": "}",
                        "hasLeadingTrivia": true,
                        "hasTrailingTrivia": true,
                        "hasTrailingNewLine": true,
                        "leadingTrivia": [
                            {
                                "kind": "WhitespaceTrivia",
                                "text": "    "
                            }
                        ],
                        "trailingTrivia": [
                            {
                                "kind": "NewLineTrivia",
                                "text": "\r\n"
                            }
                        ]
                    }
                }
            },
            {
                "kind": "ExpressionStatement",
                "fullStart": 909,
                "fullEnd": 933,
                "start": 909,
                "end": 931,
                "fullWidth": 24,
                "width": 22,
                "expression": {
                    "kind": "InvocationExpression",
                    "fullStart": 909,
                    "fullEnd": 930,
                    "start": 909,
                    "end": 930,
                    "fullWidth": 21,
                    "width": 21,
                    "expression": {
                        "kind": "IdentifierName",
                        "fullStart": 909,
                        "fullEnd": 920,
                        "start": 909,
                        "end": 920,
                        "fullWidth": 11,
                        "width": 11,
                        "text": "runTestCase",
                        "value": "runTestCase",
                        "valueText": "runTestCase"
                    },
                    "argumentList": {
                        "kind": "ArgumentList",
                        "fullStart": 920,
                        "fullEnd": 930,
                        "start": 920,
                        "end": 930,
                        "fullWidth": 10,
                        "width": 10,
                        "openParenToken": {
                            "kind": "OpenParenToken",
                            "fullStart": 920,
                            "fullEnd": 921,
                            "start": 920,
                            "end": 921,
                            "fullWidth": 1,
                            "width": 1,
                            "text": "(",
                            "value": "(",
                            "valueText": "("
                        },
                        "arguments": [
                            {
                                "kind": "IdentifierName",
                                "fullStart": 921,
                                "fullEnd": 929,
                                "start": 921,
                                "end": 929,
                                "fullWidth": 8,
                                "width": 8,
                                "text": "testcase",
                                "value": "testcase",
                                "valueText": "testcase"
                            }
                        ],
                        "closeParenToken": {
                            "kind": "CloseParenToken",
                            "fullStart": 929,
                            "fullEnd": 930,
                            "start": 929,
                            "end": 930,
                            "fullWidth": 1,
                            "width": 1,
                            "text": ")",
                            "value": ")",
                            "valueText": ")"
                        }
                    }
                },
                "semicolonToken": {
                    "kind": "SemicolonToken",
                    "fullStart": 930,
                    "fullEnd": 933,
                    "start": 930,
                    "end": 931,
                    "fullWidth": 3,
                    "width": 1,
                    "text": ";",
                    "value": ";",
                    "valueText": ";",
                    "hasTrailingTrivia": true,
                    "hasTrailingNewLine": true,
                    "trailingTrivia": [
                        {
                            "kind": "NewLineTrivia",
                            "text": "\r\n"
                        }
                    ]
                }
            }
        ],
        "endOfFileToken": {
            "kind": "EndOfFileToken",
            "fullStart": 933,
            "fullEnd": 933,
            "start": 933,
            "end": 933,
            "fullWidth": 0,
            "width": 0,
            "text": ""
        }
    },
    "lineMap": {
        "lineStarts": [
            0,
            67,
            152,
            232,
            308,
            380,
            385,
            441,
            577,
            582,
            584,
            586,
            609,
            632,
            634,
            649,
            693,
            722,
            757,
            776,
            793,
            795,
            822,
            845,
            891,
            902,
            909,
            933
        ],
        "length": 933
    }
}