{
    "isDeclaration": false,
    "languageVersion": "EcmaScript5",
    "parseOptions": {
        "allowAutomaticSemicolonInsertion": true
    },
    "diagnostics": [
        {
            "start": 301,
            "length": 1,
            "diagnosticCode": "Unexpected token; '{0}' expected.",
            "arguments": [
                "module, class, interface, enum, import or statement"
            ]
        }
    ],
    "sourceUnit": {
        "kind": "SourceUnit",
        "fullStart": 0,
        "fullEnd": 311,
        "start": 302,
        "end": 311,
        "fullWidth": 311,
        "width": 9,
        "isIncrementallyUnusable": true,
        "moduleElements": [
            {
                "kind": "ExpressionStatement",
                "fullStart": 0,
                "fullEnd": 310,
                "start": 302,
                "end": 309,
                "fullWidth": 310,
                "width": 7,
                "isIncrementallyUnusable": true,
                "expression": {
                    "kind": "IdentifierName",
                    "fullStart": 0,
                    "fullEnd": 308,
                    "start": 302,
                    "end": 308,
                    "fullWidth": 308,
                    "width": 6,
                    "text": "source",
                    "value": "source",
                    "valueText": "source",
                    "hasLeadingTrivia": true,
                    "hasLeadingComment": true,
                    "hasLeadingNewLine": true,
                    "hasLeadingSkippedText": true,
                    "leadingTrivia": [
                        {
                            "kind": "SingleLineCommentTrivia",
                            "text": "// Copyright 2009 the Sputnik authors.  All rights reserved."
                        },
                        {
                            "kind": "NewLineTrivia",
                            "text": "\n"
                        },
                        {
                            "kind": "SingleLineCommentTrivia",
                            "text": "// This code is governed by the BSD license found in the LICENSE file."
                        },
                        {
                            "kind": "NewLineTrivia",
                            "text": "\n"
                        },
                        {
                            "kind": "NewLineTrivia",
                            "text": "\n"
                        },
                        {
                            "kind": "MultiLineCommentTrivia",
                            "text": "/**\n * RegularExpressionFirstChar :: * or \\ or / or [empty] is incorrect\n *\n * @path ch07/7.8/7.8.5/S7.8.5_A1.2_T3.js\n * @description /\n * @negative\n */"
                        },
                        {
                            "kind": "NewLineTrivia",
                            "text": "\n"
                        },
                        {
                            "kind": "NewLineTrivia",
                            "text": "\n"
                        },
                        {
                            "kind": "SingleLineCommentTrivia",
                            "text": "//CHECK#1"
                        },
                        {
                            "kind": "NewLineTrivia",
                            "text": "\n"
                        },
                        {
                            "kind": "SingleLineCommentTrivia",
                            "text": "///"
                        },
                        {
                            "kind": "NewLineTrivia",
                            "text": "\n"
                        },
                        {
                            "kind": "SkippedTokenTrivia",
                            "skippedToken": {
                                "kind": "DotToken",
                                "fullStart": 301,
                                "fullEnd": 302,
                                "start": 301,
                                "end": 302,
                                "fullWidth": 1,
                                "width": 1,
                                "text": ".",
                                "value": ".",
                                "valueText": "."
                            }
                        }
                    ]
                },
                "semicolonToken": {
                    "kind": "SemicolonToken",
                    "fullStart": 308,
                    "fullEnd": 310,
                    "start": 308,
                    "end": 309,
                    "fullWidth": 2,
                    "width": 1,
                    "text": ";",
                    "value": ";",
                    "valueText": ";",
                    "hasTrailingTrivia": true,
                    "hasTrailingNewLine": true,
                    "trailingTrivia": [
                        {
                            "kind": "NewLineTrivia",
                            "text": "\n"
                        }
                    ]
                }
            }
        ],
        "endOfFileToken": {
            "kind": "EndOfFileToken",
            "fullStart": 310,
            "fullEnd": 311,
            "start": 311,
            "end": 311,
            "fullWidth": 1,
            "width": 0,
            "text": "",
            "hasLeadingTrivia": true,
            "hasLeadingNewLine": true,
            "leadingTrivia": [
                {
                    "kind": "NewLineTrivia",
                    "text": "\n"
                }
            ]
        }
    },
    "lineMap": {
        "lineStarts": [
            0,
            61,
            132,
            133,
            137,
            206,
            209,
            251,
            269,
            282,
            286,
            287,
            297,
            301,
            310,
            311
        ],
        "length": 311
    }
}