{
    "isDeclaration": false,
    "languageVersion": "EcmaScript5",
    "parseOptions": {
        "allowAutomaticSemicolonInsertion": true
    },
    "diagnostics": [
        {
            "start": 306,
            "length": 1,
            "diagnosticCode": "Identifier expected."
        },
        {
            "start": 312,
            "length": 0,
            "diagnosticCode": "Identifier expected."
        }
    ],
    "sourceUnit": {
        "kind": "SourceUnit",
        "fullStart": 0,
        "fullEnd": 312,
        "start": 306,
        "end": 312,
        "fullWidth": 312,
        "width": 6,
        "isIncrementallyUnusable": true,
        "moduleElements": [
            {
                "kind": "ExpressionStatement",
                "fullStart": 0,
                "fullEnd": 311,
                "start": 306,
                "end": 310,
                "fullWidth": 311,
                "width": 4,
                "isIncrementallyUnusable": true,
                "expression": {
                    "kind": "DivideExpression",
                    "fullStart": 0,
                    "fullEnd": 311,
                    "start": 306,
                    "end": 310,
                    "fullWidth": 311,
                    "width": 4,
                    "isIncrementallyUnusable": true,
                    "left": {
                        "kind": "DivideExpression",
                        "fullStart": 0,
                        "fullEnd": 309,
                        "start": 306,
                        "end": 308,
                        "fullWidth": 309,
                        "width": 2,
                        "isIncrementallyUnusable": true,
                        "left": {
                            "kind": "IdentifierName",
                            "fullStart": -1,
                            "fullEnd": -1,
                            "start": -1,
                            "end": -1,
                            "fullWidth": 0,
                            "width": 0,
                            "text": ""
                        },
                        "operatorToken": {
                            "kind": "SlashToken",
                            "fullStart": 0,
                            "fullEnd": 307,
                            "start": 306,
                            "end": 307,
                            "fullWidth": 307,
                            "width": 1,
                            "text": "/",
                            "value": "/",
                            "valueText": "/",
                            "hasLeadingTrivia": true,
                            "hasLeadingComment": true,
                            "hasLeadingNewLine": true,
                            "leadingTrivia": [
                                {
                                    "kind": "SingleLineCommentTrivia",
                                    "text": "// Copyright 2009 the Sputnik authors.  All rights reserved."
                                },
                                {
                                    "kind": "NewLineTrivia",
                                    "text": "\n"
                                },
                                {
                                    "kind": "SingleLineCommentTrivia",
                                    "text": "// This code is governed by the BSD license found in the LICENSE file."
                                },
                                {
                                    "kind": "NewLineTrivia",
                                    "text": "\n"
                                },
                                {
                                    "kind": "NewLineTrivia",
                                    "text": "\n"
                                },
                                {
                                    "kind": "MultiLineCommentTrivia",
                                    "text": "/**\n * RegularExpressionChar :: LineTerminator is incorrect\n *\n * @path ch07/7.8/7.8.5/S7.8.5_A2.3_T1.js\n * @description Line Feed, without eval\n * @negative\n */"
                                },
                                {
                                    "kind": "NewLineTrivia",
                                    "text": "\n"
                                },
                                {
                                    "kind": "NewLineTrivia",
                                    "text": "\n"
                                },
                                {
                                    "kind": "SingleLineCommentTrivia",
                                    "text": "//CHECK#1"
                                },
                                {
                                    "kind": "NewLineTrivia",
                                    "text": "\n"
                                }
                            ]
                        },
                        "right": {
                            "kind": "IdentifierName",
                            "fullStart": 307,
                            "fullEnd": 309,
                            "start": 307,
                            "end": 308,
                            "fullWidth": 2,
                            "width": 1,
                            "text": "a",
                            "value": "a",
                            "valueText": "a",
                            "hasTrailingTrivia": true,
                            "hasTrailingNewLine": true,
                            "trailingTrivia": [
                                {
                                    "kind": "NewLineTrivia",
                                    "text": "\n"
                                }
                            ]
                        }
                    },
                    "operatorToken": {
                        "kind": "SlashToken",
                        "fullStart": 309,
                        "fullEnd": 311,
                        "start": 309,
                        "end": 310,
                        "fullWidth": 2,
                        "width": 1,
                        "text": "/",
                        "value": "/",
                        "valueText": "/",
                        "hasTrailingTrivia": true,
                        "hasTrailingNewLine": true,
                        "trailingTrivia": [
                            {
                                "kind": "NewLineTrivia",
                                "text": "\n"
                            }
                        ]
                    },
                    "right": {
                        "kind": "IdentifierName",
                        "fullStart": -1,
                        "fullEnd": -1,
                        "start": -1,
                        "end": -1,
                        "fullWidth": 0,
                        "width": 0,
                        "text": ""
                    }
                },
                "semicolonToken": {
                    "kind": "SemicolonToken",
                    "fullStart": -1,
                    "fullEnd": -1,
                    "start": -1,
                    "end": -1,
                    "fullWidth": 0,
                    "width": 0,
                    "text": ""
                }
            }
        ],
        "endOfFileToken": {
            "kind": "EndOfFileToken",
            "fullStart": 311,
            "fullEnd": 312,
            "start": 312,
            "end": 312,
            "fullWidth": 1,
            "width": 0,
            "text": "",
            "hasLeadingTrivia": true,
            "hasLeadingNewLine": true,
            "leadingTrivia": [
                {
                    "kind": "NewLineTrivia",
                    "text": "\n"
                }
            ]
        }
    },
    "lineMap": {
        "lineStarts": [
            0,
            61,
            132,
            133,
            137,
            193,
            196,
            238,
            278,
            291,
            295,
            296,
            306,
            309,
            311,
            312
        ],
        "length": 312
    }
}