{
    "isDeclaration": false,
    "languageVersion": "EcmaScript5",
    "parseOptions": {
        "allowAutomaticSemicolonInsertion": true
    },
    "sourceUnit": {
        "kind": "SourceUnit",
        "fullStart": 0,
        "fullEnd": 749,
        "start": 570,
        "end": 749,
        "fullWidth": 749,
        "width": 179,
        "isIncrementallyUnusable": true,
        "moduleElements": [
            {
                "kind": "FunctionDeclaration",
                "fullStart": 0,
                "fullEnd": 725,
                "start": 570,
                "end": 723,
                "fullWidth": 725,
                "width": 153,
                "isIncrementallyUnusable": true,
                "modifiers": [],
                "functionKeyword": {
                    "kind": "FunctionKeyword",
                    "fullStart": 0,
                    "fullEnd": 579,
                    "start": 570,
                    "end": 578,
                    "fullWidth": 579,
                    "width": 8,
                    "text": "function",
                    "value": "function",
                    "valueText": "function",
                    "hasLeadingTrivia": true,
                    "hasLeadingComment": true,
                    "hasLeadingNewLine": true,
                    "hasTrailingTrivia": true,
                    "leadingTrivia": [
                        {
                            "kind": "SingleLineCommentTrivia",
                            "text": "/// Copyright (c) 2012 Ecma International.  All rights reserved. "
                        },
                        {
                            "kind": "NewLineTrivia",
                            "text": "\r\n"
                        },
                        {
                            "kind": "SingleLineCommentTrivia",
                            "text": "/// Ecma International makes this code available under the terms and conditions set"
                        },
                        {
                            "kind": "NewLineTrivia",
                            "text": "\r\n"
                        },
                        {
                            "kind": "SingleLineCommentTrivia",
                            "text": "/// forth on http://hg.ecmascript.org/tests/test262/raw-file/tip/LICENSE (the "
                        },
                        {
                            "kind": "NewLineTrivia",
                            "text": "\r\n"
                        },
                        {
                            "kind": "SingleLineCommentTrivia",
                            "text": "/// \"Use Terms\").   Any redistribution of this code must retain the above "
                        },
                        {
                            "kind": "NewLineTrivia",
                            "text": "\r\n"
                        },
                        {
                            "kind": "SingleLineCommentTrivia",
                            "text": "/// copyright and this notice and otherwise comply with the Use Terms."
                        },
                        {
                            "kind": "NewLineTrivia",
                            "text": "\r\n"
                        },
                        {
                            "kind": "MultiLineCommentTrivia",
                            "text": "/**\r\n * @path ch10/10.1/10.1.1/10.1.1-6-s.js\r\n * @description Strict Mode - Use Strict Directive Prologue is ''use strict';' which appears in the middle of the block\r\n * @noStrict\r\n */"
                        },
                        {
                            "kind": "NewLineTrivia",
                            "text": "\r\n"
                        },
                        {
                            "kind": "NewLineTrivia",
                            "text": "\r\n"
                        },
                        {
                            "kind": "NewLineTrivia",
                            "text": "\r\n"
                        }
                    ],
                    "trailingTrivia": [
                        {
                            "kind": "WhitespaceTrivia",
                            "text": " "
                        }
                    ]
                },
                "identifier": {
                    "kind": "IdentifierName",
                    "fullStart": 579,
                    "fullEnd": 587,
                    "start": 579,
                    "end": 587,
                    "fullWidth": 8,
                    "width": 8,
                    "text": "testcase",
                    "value": "testcase",
                    "valueText": "testcase"
                },
                "callSignature": {
                    "kind": "CallSignature",
                    "fullStart": 587,
                    "fullEnd": 590,
                    "start": 587,
                    "end": 589,
                    "fullWidth": 3,
                    "width": 2,
                    "parameterList": {
                        "kind": "ParameterList",
                        "fullStart": 587,
                        "fullEnd": 590,
                        "start": 587,
                        "end": 589,
                        "fullWidth": 3,
                        "width": 2,
                        "openParenToken": {
                            "kind": "OpenParenToken",
                            "fullStart": 587,
                            "fullEnd": 588,
                            "start": 587,
                            "end": 588,
                            "fullWidth": 1,
                            "width": 1,
                            "text": "(",
                            "value": "(",
                            "valueText": "("
                        },
                        "parameters": [],
                        "closeParenToken": {
                            "kind": "CloseParenToken",
                            "fullStart": 588,
                            "fullEnd": 590,
                            "start": 588,
                            "end": 589,
                            "fullWidth": 2,
                            "width": 1,
                            "text": ")",
                            "value": ")",
                            "valueText": ")",
                            "hasTrailingTrivia": true,
                            "trailingTrivia": [
                                {
                                    "kind": "WhitespaceTrivia",
                                    "text": " "
                                }
                            ]
                        }
                    }
                },
                "block": {
                    "kind": "Block",
                    "fullStart": 590,
                    "fullEnd": 725,
                    "start": 590,
                    "end": 723,
                    "fullWidth": 135,
                    "width": 133,
                    "isIncrementallyUnusable": true,
                    "openBraceToken": {
                        "kind": "OpenBraceToken",
                        "fullStart": 590,
                        "fullEnd": 593,
                        "start": 590,
                        "end": 591,
                        "fullWidth": 3,
                        "width": 1,
                        "text": "{",
                        "value": "{",
                        "valueText": "{",
                        "hasTrailingTrivia": true,
                        "hasTrailingNewLine": true,
                        "trailingTrivia": [
                            {
                                "kind": "NewLineTrivia",
                                "text": "\r\n"
                            }
                        ]
                    },
                    "statements": [
                        {
                            "kind": "VariableStatement",
                            "fullStart": 593,
                            "fullEnd": 621,
                            "start": 601,
                            "end": 619,
                            "fullWidth": 28,
                            "width": 18,
                            "isIncrementallyUnusable": true,
                            "modifiers": [],
                            "variableDeclaration": {
                                "kind": "VariableDeclaration",
                                "fullStart": 593,
                                "fullEnd": 618,
                                "start": 601,
                                "end": 618,
                                "fullWidth": 25,
                                "width": 17,
                                "isIncrementallyUnusable": true,
                                "varKeyword": {
                                    "kind": "VarKeyword",
                                    "fullStart": 593,
                                    "fullEnd": 605,
                                    "start": 601,
                                    "end": 604,
                                    "fullWidth": 12,
                                    "width": 3,
                                    "text": "var",
                                    "value": "var",
                                    "valueText": "var",
                                    "hasLeadingTrivia": true,
                                    "hasTrailingTrivia": true,
                                    "leadingTrivia": [
                                        {
                                            "kind": "WhitespaceTrivia",
                                            "text": "        "
                                        }
                                    ],
                                    "trailingTrivia": [
                                        {
                                            "kind": "WhitespaceTrivia",
                                            "text": " "
                                        }
                                    ]
                                },
                                "variableDeclarators": [
                                    {
                                        "kind": "VariableDeclarator",
                                        "fullStart": 605,
                                        "fullEnd": 618,
                                        "start": 605,
                                        "end": 618,
                                        "fullWidth": 13,
                                        "width": 13,
                                        "isIncrementallyUnusable": true,
                                        "propertyName": {
                                            "kind": "IdentifierName",
                                            "fullStart": 605,
                                            "fullEnd": 615,
                                            "start": 605,
                                            "end": 614,
                                            "fullWidth": 10,
                                            "width": 9,
                                            "text": "interface",
                                            "value": "interface",
                                            "valueText": "interface",
                                            "hasTrailingTrivia": true,
                                            "trailingTrivia": [
                                                {
                                                    "kind": "WhitespaceTrivia",
                                                    "text": " "
                                                }
                                            ]
                                        },
                                        "equalsValueClause": {
                                            "kind": "EqualsValueClause",
                                            "fullStart": 615,
                                            "fullEnd": 618,
                                            "start": 615,
                                            "end": 618,
                                            "fullWidth": 3,
                                            "width": 3,
                                            "equalsToken": {
                                                "kind": "EqualsToken",
                                                "fullStart": 615,
                                                "fullEnd": 617,
                                                "start": 615,
                                                "end": 616,
                                                "fullWidth": 2,
                                                "width": 1,
                                                "text": "=",
                                                "value": "=",
                                                "valueText": "=",
                                                "hasTrailingTrivia": true,
                                                "trailingTrivia": [
                                                    {
                                                        "kind": "WhitespaceTrivia",
                                                        "text": " "
                                                    }
                                                ]
                                            },
                                            "value": {
                                                "kind": "NumericLiteral",
                                                "fullStart": 617,
                                                "fullEnd": 618,
                                                "start": 617,
                                                "end": 618,
                                                "fullWidth": 1,
                                                "width": 1,
                                                "text": "2",
                                                "value": 2,
                                                "valueText": "2"
                                            }
                                        }
                                    }
                                ]
                            },
                            "semicolonToken": {
                                "kind": "SemicolonToken",
                                "fullStart": 618,
                                "fullEnd": 621,
                                "start": 618,
                                "end": 619,
                                "fullWidth": 3,
                                "width": 1,
                                "text": ";",
                                "value": ";",
                                "valueText": ";",
                                "hasTrailingTrivia": true,
                                "hasTrailingNewLine": true,
                                "trailingTrivia": [
                                    {
                                        "kind": "NewLineTrivia",
                                        "text": "\r\n"
                                    }
                                ]
                            }
                        },
                        {
                            "kind": "ExpressionStatement",
                            "fullStart": 621,
                            "fullEnd": 644,
                            "start": 629,
                            "end": 642,
                            "fullWidth": 23,
                            "width": 13,
                            "expression": {
                                "kind": "StringLiteral",
                                "fullStart": 621,
                                "fullEnd": 641,
                                "start": 629,
                                "end": 641,
                                "fullWidth": 20,
                                "width": 12,
                                "text": "\"use strict\"",
                                "value": "use strict",
                                "valueText": "use strict",
                                "hasLeadingTrivia": true,
                                "leadingTrivia": [
                                    {
                                        "kind": "WhitespaceTrivia",
                                        "text": "        "
                                    }
                                ]
                            },
                            "semicolonToken": {
                                "kind": "SemicolonToken",
                                "fullStart": 641,
                                "fullEnd": 644,
                                "start": 641,
                                "end": 642,
                                "fullWidth": 3,
                                "width": 1,
                                "text": ";",
                                "value": ";",
                                "valueText": ";",
                                "hasTrailingTrivia": true,
                                "hasTrailingNewLine": true,
                                "trailingTrivia": [
                                    {
                                        "kind": "NewLineTrivia",
                                        "text": "\r\n"
                                    }
                                ]
                            }
                        },
                        {
                            "kind": "VariableStatement",
                            "fullStart": 644,
                            "fullEnd": 669,
                            "start": 652,
                            "end": 667,
                            "fullWidth": 25,
                            "width": 15,
                            "isIncrementallyUnusable": true,
                            "modifiers": [],
                            "variableDeclaration": {
                                "kind": "VariableDeclaration",
                                "fullStart": 644,
                                "fullEnd": 666,
                                "start": 652,
                                "end": 666,
                                "fullWidth": 22,
                                "width": 14,
                                "isIncrementallyUnusable": true,
                                "varKeyword": {
                                    "kind": "VarKeyword",
                                    "fullStart": 644,
                                    "fullEnd": 656,
                                    "start": 652,
                                    "end": 655,
                                    "fullWidth": 12,
                                    "width": 3,
                                    "text": "var",
                                    "value": "var",
                                    "valueText": "var",
                                    "hasLeadingTrivia": true,
                                    "hasTrailingTrivia": true,
                                    "leadingTrivia": [
                                        {
                                            "kind": "WhitespaceTrivia",
                                            "text": "        "
                                        }
                                    ],
                                    "trailingTrivia": [
                                        {
                                            "kind": "WhitespaceTrivia",
                                            "text": " "
                                        }
                                    ]
                                },
                                "variableDeclarators": [
                                    {
                                        "kind": "VariableDeclarator",
                                        "fullStart": 656,
                                        "fullEnd": 666,
                                        "start": 656,
                                        "end": 666,
                                        "fullWidth": 10,
                                        "width": 10,
                                        "isIncrementallyUnusable": true,
                                        "propertyName": {
                                            "kind": "IdentifierName",
                                            "fullStart": 656,
                                            "fullEnd": 663,
                                            "start": 656,
                                            "end": 662,
                                            "fullWidth": 7,
                                            "width": 6,
                                            "text": "public",
                                            "value": "public",
                                            "valueText": "public",
                                            "hasTrailingTrivia": true,
                                            "trailingTrivia": [
                                                {
                                                    "kind": "WhitespaceTrivia",
                                                    "text": " "
                                                }
                                            ]
                                        },
                                        "equalsValueClause": {
                                            "kind": "EqualsValueClause",
                                            "fullStart": 663,
                                            "fullEnd": 666,
                                            "start": 663,
                                            "end": 666,
                                            "fullWidth": 3,
                                            "width": 3,
                                            "equalsToken": {
                                                "kind": "EqualsToken",
                                                "fullStart": 663,
                                                "fullEnd": 665,
                                                "start": 663,
                                                "end": 664,
                                                "fullWidth": 2,
                                                "width": 1,
                                                "text": "=",
                                                "value": "=",
                                                "valueText": "=",
                                                "hasTrailingTrivia": true,
                                                "trailingTrivia": [
                                                    {
                                                        "kind": "WhitespaceTrivia",
                                                        "text": " "
                                                    }
                                                ]
                                            },
                                            "value": {
                                                "kind": "NumericLiteral",
                                                "fullStart": 665,
                                                "fullEnd": 666,
                                                "start": 665,
                                                "end": 666,
                                                "fullWidth": 1,
                                                "width": 1,
                                                "text": "1",
                                                "value": 1,
                                                "valueText": "1"
                                            }
                                        }
                                    }
                                ]
                            },
                            "semicolonToken": {
                                "kind": "SemicolonToken",
                                "fullStart": 666,
                                "fullEnd": 669,
                                "start": 666,
                                "end": 667,
                                "fullWidth": 3,
                                "width": 1,
                                "text": ";",
                                "value": ";",
                                "valueText": ";",
                                "hasTrailingTrivia": true,
                                "hasTrailingNewLine": true,
                                "trailingTrivia": [
                                    {
                                        "kind": "NewLineTrivia",
                                        "text": "\r\n"
                                    }
                                ]
                            }
                        },
                        {
                            "kind": "ReturnStatement",
                            "fullStart": 669,
                            "fullEnd": 718,
                            "start": 677,
                            "end": 716,
                            "fullWidth": 49,
                            "width": 39,
                            "isIncrementallyUnusable": true,
                            "returnKeyword": {
                                "kind": "ReturnKeyword",
                                "fullStart": 669,
                                "fullEnd": 684,
                                "start": 677,
                                "end": 683,
                                "fullWidth": 15,
                                "width": 6,
                                "text": "return",
                                "value": "return",
                                "valueText": "return",
                                "hasLeadingTrivia": true,
                                "hasTrailingTrivia": true,
                                "leadingTrivia": [
                                    {
                                        "kind": "WhitespaceTrivia",
                                        "text": "        "
                                    }
                                ],
                                "trailingTrivia": [
                                    {
                                        "kind": "WhitespaceTrivia",
                                        "text": " "
                                    }
                                ]
                            },
                            "expression": {
                                "kind": "LogicalAndExpression",
                                "fullStart": 684,
                                "fullEnd": 715,
                                "start": 684,
                                "end": 715,
                                "fullWidth": 31,
                                "width": 31,
                                "isIncrementallyUnusable": true,
                                "left": {
                                    "kind": "EqualsExpression",
                                    "fullStart": 684,
                                    "fullEnd": 697,
                                    "start": 684,
                                    "end": 696,
                                    "fullWidth": 13,
                                    "width": 12,
                                    "isIncrementallyUnusable": true,
                                    "left": {
                                        "kind": "IdentifierName",
                                        "fullStart": 684,
                                        "fullEnd": 691,
                                        "start": 684,
                                        "end": 690,
                                        "fullWidth": 7,
                                        "width": 6,
                                        "text": "public",
                                        "value": "public",
                                        "valueText": "public",
                                        "hasTrailingTrivia": true,
                                        "trailingTrivia": [
                                            {
                                                "kind": "WhitespaceTrivia",
                                                "text": " "
                                            }
                                        ]
                                    },
                                    "operatorToken": {
                                        "kind": "EqualsEqualsEqualsToken",
                                        "fullStart": 691,
                                        "fullEnd": 695,
                                        "start": 691,
                                        "end": 694,
                                        "fullWidth": 4,
                                        "width": 3,
                                        "text": "===",
                                        "value": "===",
                                        "valueText": "===",
                                        "hasTrailingTrivia": true,
                                        "trailingTrivia": [
                                            {
                                                "kind": "WhitespaceTrivia",
                                                "text": " "
                                            }
                                        ]
                                    },
                                    "right": {
                                        "kind": "NumericLiteral",
                                        "fullStart": 695,
                                        "fullEnd": 697,
                                        "start": 695,
                                        "end": 696,
                                        "fullWidth": 2,
                                        "width": 1,
                                        "text": "1",
                                        "value": 1,
                                        "valueText": "1",
                                        "hasTrailingTrivia": true,
                                        "trailingTrivia": [
                                            {
                                                "kind": "WhitespaceTrivia",
                                                "text": " "
                                            }
                                        ]
                                    }
                                },
                                "operatorToken": {
                                    "kind": "AmpersandAmpersandToken",
                                    "fullStart": 697,
                                    "fullEnd": 700,
                                    "start": 697,
                                    "end": 699,
                                    "fullWidth": 3,
                                    "width": 2,
                                    "text": "&&",
                                    "value": "&&",
                                    "valueText": "&&",
                                    "hasTrailingTrivia": true,
                                    "trailingTrivia": [
                                        {
                                            "kind": "WhitespaceTrivia",
                                            "text": " "
                                        }
                                    ]
                                },
                                "right": {
                                    "kind": "EqualsExpression",
                                    "fullStart": 700,
                                    "fullEnd": 715,
                                    "start": 700,
                                    "end": 715,
                                    "fullWidth": 15,
                                    "width": 15,
                                    "isIncrementallyUnusable": true,
                                    "left": {
                                        "kind": "IdentifierName",
                                        "fullStart": 700,
                                        "fullEnd": 710,
                                        "start": 700,
                                        "end": 709,
                                        "fullWidth": 10,
                                        "width": 9,
                                        "text": "interface",
                                        "value": "interface",
                                        "valueText": "interface",
                                        "hasTrailingTrivia": true,
                                        "trailingTrivia": [
                                            {
                                                "kind": "WhitespaceTrivia",
                                                "text": " "
                                            }
                                        ]
                                    },
                                    "operatorToken": {
                                        "kind": "EqualsEqualsEqualsToken",
                                        "fullStart": 710,
                                        "fullEnd": 714,
                                        "start": 710,
                                        "end": 713,
                                        "fullWidth": 4,
                                        "width": 3,
                                        "text": "===",
                                        "value": "===",
                                        "valueText": "===",
                                        "hasTrailingTrivia": true,
                                        "trailingTrivia": [
                                            {
                                                "kind": "WhitespaceTrivia",
                                                "text": " "
                                            }
                                        ]
                                    },
                                    "right": {
                                        "kind": "NumericLiteral",
                                        "fullStart": 714,
                                        "fullEnd": 715,
                                        "start": 714,
                                        "end": 715,
                                        "fullWidth": 1,
                                        "width": 1,
                                        "text": "2",
                                        "value": 2,
                                        "valueText": "2"
                                    }
                                }
                            },
                            "semicolonToken": {
                                "kind": "SemicolonToken",
                                "fullStart": 715,
                                "fullEnd": 718,
                                "start": 715,
                                "end": 716,
                                "fullWidth": 3,
                                "width": 1,
                                "text": ";",
                                "value": ";",
                                "valueText": ";",
                                "hasTrailingTrivia": true,
                                "hasTrailingNewLine": true,
                                "trailingTrivia": [
                                    {
                                        "kind": "NewLineTrivia",
                                        "text": "\r\n"
                                    }
                                ]
                            }
                        }
                    ],
                    "closeBraceToken": {
                        "kind": "CloseBraceToken",
                        "fullStart": 718,
                        "fullEnd": 725,
                        "start": 722,
                        "end": 723,
                        "fullWidth": 7,
                        "width": 1,
                        "text": "}",
                        "value": "}",
                        "valueText": "}",
                        "hasLeadingTrivia": true,
                        "hasTrailingTrivia": true,
                        "hasTrailingNewLine": true,
                        "leadingTrivia": [
                            {
                                "kind": "WhitespaceTrivia",
                                "text": "    "
                            }
                        ],
                        "trailingTrivia": [
                            {
                                "kind": "NewLineTrivia",
                                "text": "\r\n"
                            }
                        ]
                    }
                }
            },
            {
                "kind": "ExpressionStatement",
                "fullStart": 725,
                "fullEnd": 749,
                "start": 725,
                "end": 747,
                "fullWidth": 24,
                "width": 22,
                "expression": {
                    "kind": "InvocationExpression",
                    "fullStart": 725,
                    "fullEnd": 746,
                    "start": 725,
                    "end": 746,
                    "fullWidth": 21,
                    "width": 21,
                    "expression": {
                        "kind": "IdentifierName",
                        "fullStart": 725,
                        "fullEnd": 736,
                        "start": 725,
                        "end": 736,
                        "fullWidth": 11,
                        "width": 11,
                        "text": "runTestCase",
                        "value": "runTestCase",
                        "valueText": "runTestCase"
                    },
                    "argumentList": {
                        "kind": "ArgumentList",
                        "fullStart": 736,
                        "fullEnd": 746,
                        "start": 736,
                        "end": 746,
                        "fullWidth": 10,
                        "width": 10,
                        "openParenToken": {
                            "kind": "OpenParenToken",
                            "fullStart": 736,
                            "fullEnd": 737,
                            "start": 736,
                            "end": 737,
                            "fullWidth": 1,
                            "width": 1,
                            "text": "(",
                            "value": "(",
                            "valueText": "("
                        },
                        "arguments": [
                            {
                                "kind": "IdentifierName",
                                "fullStart": 737,
                                "fullEnd": 745,
                                "start": 737,
                                "end": 745,
                                "fullWidth": 8,
                                "width": 8,
                                "text": "testcase",
                                "value": "testcase",
                                "valueText": "testcase"
                            }
                        ],
                        "closeParenToken": {
                            "kind": "CloseParenToken",
                            "fullStart": 745,
                            "fullEnd": 746,
                            "start": 745,
                            "end": 746,
                            "fullWidth": 1,
                            "width": 1,
                            "text": ")",
                            "value": ")",
                            "valueText": ")"
                        }
                    }
                },
                "semicolonToken": {
                    "kind": "SemicolonToken",
                    "fullStart": 746,
                    "fullEnd": 749,
                    "start": 746,
                    "end": 747,
                    "fullWidth": 3,
                    "width": 1,
                    "text": ";",
                    "value": ";",
                    "valueText": ";",
                    "hasTrailingTrivia": true,
                    "hasTrailingNewLine": true,
                    "trailingTrivia": [
                        {
                            "kind": "NewLineTrivia",
                            "text": "\r\n"
                        }
                    ]
                }
            }
        ],
        "endOfFileToken": {
            "kind": "EndOfFileToken",
            "fullStart": 749,
            "fullEnd": 749,
            "start": 749,
            "end": 749,
            "fullWidth": 0,
            "width": 0,
            "text": ""
        }
    },
    "lineMap": {
        "lineStarts": [
            0,
            67,
            152,
            232,
            308,
            380,
            385,
            426,
            547,
            561,
            566,
            568,
            570,
            593,
            621,
            644,
            669,
            718,
            725,
            749
        ],
        "length": 749
    }
}