{
    "isDeclaration": false,
    "languageVersion": "EcmaScript5",
    "parseOptions": {
        "allowAutomaticSemicolonInsertion": true
    },
    "diagnostics": [
        {
            "start": 317,
            "length": 1,
            "diagnosticCode": "Missing close quote character."
        },
        {
            "start": 328,
            "length": 1,
            "diagnosticCode": "Missing close quote character."
        }
    ],
    "sourceUnit": {
        "kind": "SourceUnit",
        "fullStart": 0,
        "fullEnd": 330,
        "start": 316,
        "end": 330,
        "fullWidth": 330,
        "width": 14,
        "isIncrementallyUnusable": true,
        "moduleElements": [
            {
                "kind": "ExpressionStatement",
                "fullStart": 0,
                "fullEnd": 318,
                "start": 316,
                "end": 317,
                "fullWidth": 318,
                "width": 1,
                "isIncrementallyUnusable": true,
                "expression": {
                    "kind": "StringLiteral",
                    "fullStart": 0,
                    "fullEnd": 318,
                    "start": 316,
                    "end": 317,
                    "fullWidth": 318,
                    "width": 1,
                    "text": "\"",
                    "value": "",
                    "valueText": "",
                    "hasLeadingTrivia": true,
                    "hasLeadingComment": true,
                    "hasLeadingNewLine": true,
                    "hasTrailingTrivia": true,
                    "hasTrailingNewLine": true,
                    "leadingTrivia": [
                        {
                            "kind": "SingleLineCommentTrivia",
                            "text": "// Copyright 2009 the Sputnik authors.  All rights reserved."
                        },
                        {
                            "kind": "NewLineTrivia",
                            "text": "\n"
                        },
                        {
                            "kind": "SingleLineCommentTrivia",
                            "text": "// This code is governed by the BSD license found in the LICENSE file."
                        },
                        {
                            "kind": "NewLineTrivia",
                            "text": "\n"
                        },
                        {
                            "kind": "NewLineTrivia",
                            "text": "\n"
                        },
                        {
                            "kind": "MultiLineCommentTrivia",
                            "text": "/**\n * CARRIAGE RETURN (U+000D) within strings is not allowed\n *\n * @path ch07/7.3/S7.3_A2.2_T2.js\n * @description Insert real CARRIAGE RETURN into string\n * @negative\n */"
                        },
                        {
                            "kind": "NewLineTrivia",
                            "text": "\n"
                        },
                        {
                            "kind": "NewLineTrivia",
                            "text": "\n"
                        },
                        {
                            "kind": "SingleLineCommentTrivia",
                            "text": "//CHECK#1"
                        },
                        {
                            "kind": "NewLineTrivia",
                            "text": "\n"
                        }
                    ],
                    "trailingTrivia": [
                        {
                            "kind": "NewLineTrivia",
                            "text": "\n"
                        }
                    ]
                },
                "semicolonToken": {
                    "kind": "SemicolonToken",
                    "fullStart": -1,
                    "fullEnd": -1,
                    "start": -1,
                    "end": -1,
                    "fullWidth": 0,
                    "width": 0,
                    "text": ""
                }
            },
            {
                "kind": "ExpressionStatement",
                "fullStart": 318,
                "fullEnd": 322,
                "start": 318,
                "end": 321,
                "fullWidth": 4,
                "width": 3,
                "isIncrementallyUnusable": true,
                "expression": {
                    "kind": "IdentifierName",
                    "fullStart": 318,
                    "fullEnd": 322,
                    "start": 318,
                    "end": 321,
                    "fullWidth": 4,
                    "width": 3,
                    "text": "str",
                    "value": "str",
                    "valueText": "str",
                    "hasTrailingTrivia": true,
                    "hasTrailingNewLine": true,
                    "trailingTrivia": [
                        {
                            "kind": "NewLineTrivia",
                            "text": "\n"
                        }
                    ]
                },
                "semicolonToken": {
                    "kind": "SemicolonToken",
                    "fullStart": -1,
                    "fullEnd": -1,
                    "start": -1,
                    "end": -1,
                    "fullWidth": 0,
                    "width": 0,
                    "text": ""
                }
            },
            {
                "kind": "ExpressionStatement",
                "fullStart": 322,
                "fullEnd": 326,
                "start": 322,
                "end": 325,
                "fullWidth": 4,
                "width": 3,
                "isIncrementallyUnusable": true,
                "expression": {
                    "kind": "IdentifierName",
                    "fullStart": 322,
                    "fullEnd": 326,
                    "start": 322,
                    "end": 325,
                    "fullWidth": 4,
                    "width": 3,
                    "text": "ing",
                    "value": "ing",
                    "valueText": "ing",
                    "hasTrailingTrivia": true,
                    "hasTrailingNewLine": true,
                    "trailingTrivia": [
                        {
                            "kind": "NewLineTrivia",
                            "text": "\n"
                        }
                    ]
                },
                "semicolonToken": {
                    "kind": "SemicolonToken",
                    "fullStart": -1,
                    "fullEnd": -1,
                    "start": -1,
                    "end": -1,
                    "fullWidth": 0,
                    "width": 0,
                    "text": ""
                }
            },
            {
                "kind": "ExpressionStatement",
                "fullStart": 326,
                "fullEnd": 329,
                "start": 326,
                "end": 328,
                "fullWidth": 3,
                "width": 2,
                "isIncrementallyUnusable": true,
                "expression": {
                    "kind": "StringLiteral",
                    "fullStart": 326,
                    "fullEnd": 329,
                    "start": 326,
                    "end": 328,
                    "fullWidth": 3,
                    "width": 2,
                    "text": "\";",
                    "value": ";",
                    "valueText": ";",
                    "hasTrailingTrivia": true,
                    "hasTrailingNewLine": true,
                    "trailingTrivia": [
                        {
                            "kind": "NewLineTrivia",
                            "text": "\n"
                        }
                    ]
                },
                "semicolonToken": {
                    "kind": "SemicolonToken",
                    "fullStart": -1,
                    "fullEnd": -1,
                    "start": -1,
                    "end": -1,
                    "fullWidth": 0,
                    "width": 0,
                    "text": ""
                }
            }
        ],
        "endOfFileToken": {
            "kind": "EndOfFileToken",
            "fullStart": 329,
            "fullEnd": 330,
            "start": 330,
            "end": 330,
            "fullWidth": 1,
            "width": 0,
            "text": "",
            "hasLeadingTrivia": true,
            "hasLeadingNewLine": true,
            "leadingTrivia": [
                {
                    "kind": "NewLineTrivia",
                    "text": "\n"
                }
            ]
        }
    },
    "lineMap": {
        "lineStarts": [
            0,
            61,
            132,
            133,
            137,
            195,
            198,
            232,
            288,
            301,
            305,
            306,
            316,
            318,
            322,
            326,
            329,
            330
        ],
        "length": 330
    }
}