{
    "isDeclaration": false,
    "languageVersion": "EcmaScript5",
    "parseOptions": {
        "allowAutomaticSemicolonInsertion": true
    },
    "sourceUnit": {
        "kind": "SourceUnit",
        "fullStart": 0,
        "fullEnd": 1585,
        "start": 548,
        "end": 1585,
        "fullWidth": 1585,
        "width": 1037,
        "isIncrementallyUnusable": true,
        "moduleElements": [
            {
                "kind": "FunctionDeclaration",
                "fullStart": 0,
                "fullEnd": 1561,
                "start": 548,
                "end": 1559,
                "fullWidth": 1561,
                "width": 1011,
                "modifiers": [],
                "functionKeyword": {
                    "kind": "FunctionKeyword",
                    "fullStart": 0,
                    "fullEnd": 557,
                    "start": 548,
                    "end": 556,
                    "fullWidth": 557,
                    "width": 8,
                    "text": "function",
                    "value": "function",
                    "valueText": "function",
                    "hasLeadingTrivia": true,
                    "hasLeadingComment": true,
                    "hasLeadingNewLine": true,
                    "hasTrailingTrivia": true,
                    "leadingTrivia": [
                        {
                            "kind": "SingleLineCommentTrivia",
                            "text": "/// Copyright (c) 2012 Ecma International.  All rights reserved. "
                        },
                        {
                            "kind": "NewLineTrivia",
                            "text": "\r\n"
                        },
                        {
                            "kind": "SingleLineCommentTrivia",
                            "text": "/// Ecma International makes this code available under the terms and conditions set"
                        },
                        {
                            "kind": "NewLineTrivia",
                            "text": "\r\n"
                        },
                        {
                            "kind": "SingleLineCommentTrivia",
                            "text": "/// forth on http://hg.ecmascript.org/tests/test262/raw-file/tip/LICENSE (the "
                        },
                        {
                            "kind": "NewLineTrivia",
                            "text": "\r\n"
                        },
                        {
                            "kind": "SingleLineCommentTrivia",
                            "text": "/// \"Use Terms\").   Any redistribution of this code must retain the above "
                        },
                        {
                            "kind": "NewLineTrivia",
                            "text": "\r\n"
                        },
                        {
                            "kind": "SingleLineCommentTrivia",
                            "text": "/// copyright and this notice and otherwise comply with the Use Terms."
                        },
                        {
                            "kind": "NewLineTrivia",
                            "text": "\r\n"
                        },
                        {
                            "kind": "MultiLineCommentTrivia",
                            "text": "/**\r\n * @path ch15/15.4/15.4.4/15.4.4.15/15.4.4.15-4-8.js\r\n * @description Array.prototype.lastIndexOf returns -1 if 'length' is 0 (length is an empty array)\r\n */"
                        },
                        {
                            "kind": "NewLineTrivia",
                            "text": "\r\n"
                        },
                        {
                            "kind": "NewLineTrivia",
                            "text": "\r\n"
                        },
                        {
                            "kind": "NewLineTrivia",
                            "text": "\r\n"
                        }
                    ],
                    "trailingTrivia": [
                        {
                            "kind": "WhitespaceTrivia",
                            "text": " "
                        }
                    ]
                },
                "identifier": {
                    "kind": "IdentifierName",
                    "fullStart": 557,
                    "fullEnd": 565,
                    "start": 557,
                    "end": 565,
                    "fullWidth": 8,
                    "width": 8,
                    "text": "testcase",
                    "value": "testcase",
                    "valueText": "testcase"
                },
                "callSignature": {
                    "kind": "CallSignature",
                    "fullStart": 565,
                    "fullEnd": 568,
                    "start": 565,
                    "end": 567,
                    "fullWidth": 3,
                    "width": 2,
                    "parameterList": {
                        "kind": "ParameterList",
                        "fullStart": 565,
                        "fullEnd": 568,
                        "start": 565,
                        "end": 567,
                        "fullWidth": 3,
                        "width": 2,
                        "openParenToken": {
                            "kind": "OpenParenToken",
                            "fullStart": 565,
                            "fullEnd": 566,
                            "start": 565,
                            "end": 566,
                            "fullWidth": 1,
                            "width": 1,
                            "text": "(",
                            "value": "(",
                            "valueText": "("
                        },
                        "parameters": [],
                        "closeParenToken": {
                            "kind": "CloseParenToken",
                            "fullStart": 566,
                            "fullEnd": 568,
                            "start": 566,
                            "end": 567,
                            "fullWidth": 2,
                            "width": 1,
                            "text": ")",
                            "value": ")",
                            "valueText": ")",
                            "hasTrailingTrivia": true,
                            "trailingTrivia": [
                                {
                                    "kind": "WhitespaceTrivia",
                                    "text": " "
                                }
                            ]
                        }
                    }
                },
                "block": {
                    "kind": "Block",
                    "fullStart": 568,
                    "fullEnd": 1561,
                    "start": 568,
                    "end": 1559,
                    "fullWidth": 993,
                    "width": 991,
                    "openBraceToken": {
                        "kind": "OpenBraceToken",
                        "fullStart": 568,
                        "fullEnd": 571,
                        "start": 568,
                        "end": 569,
                        "fullWidth": 3,
                        "width": 1,
                        "text": "{",
                        "value": "{",
                        "valueText": "{",
                        "hasTrailingTrivia": true,
                        "hasTrailingNewLine": true,
                        "trailingTrivia": [
                            {
                                "kind": "NewLineTrivia",
                                "text": "\r\n"
                            }
                        ]
                    },
                    "statements": [
                        {
                            "kind": "VariableStatement",
                            "fullStart": 571,
                            "fullEnd": 1511,
                            "start": 1450,
                            "end": 1509,
                            "fullWidth": 940,
                            "width": 59,
                            "modifiers": [],
                            "variableDeclaration": {
                                "kind": "VariableDeclaration",
                                "fullStart": 571,
                                "fullEnd": 1508,
                                "start": 1450,
                                "end": 1508,
                                "fullWidth": 937,
                                "width": 58,
                                "varKeyword": {
                                    "kind": "VarKeyword",
                                    "fullStart": 571,
                                    "fullEnd": 1454,
                                    "start": 1450,
                                    "end": 1453,
                                    "fullWidth": 883,
                                    "width": 3,
                                    "text": "var",
                                    "value": "var",
                                    "valueText": "var",
                                    "hasLeadingTrivia": true,
                                    "hasLeadingComment": true,
                                    "hasLeadingNewLine": true,
                                    "hasTrailingTrivia": true,
                                    "leadingTrivia": [
                                        {
                                            "kind": "NewLineTrivia",
                                            "text": "\r\n"
                                        },
                                        {
                                            "kind": "WhitespaceTrivia",
                                            "text": "  "
                                        },
                                        {
                                            "kind": "NewLineTrivia",
                                            "text": "\r\n"
                                        },
                                        {
                                            "kind": "WhitespaceTrivia",
                                            "text": "  "
                                        },
                                        {
                                            "kind": "SingleLineCommentTrivia",
                                            "text": "// objects inherit the default valueOf method of the Object object;"
                                        },
                                        {
                                            "kind": "NewLineTrivia",
                                            "text": "\r\n"
                                        },
                                        {
                                            "kind": "WhitespaceTrivia",
                                            "text": "  "
                                        },
                                        {
                                            "kind": "SingleLineCommentTrivia",
                                            "text": "// that simply returns the itself. Since the default valueOf() method"
                                        },
                                        {
                                            "kind": "NewLineTrivia",
                                            "text": "\r\n"
                                        },
                                        {
                                            "kind": "WhitespaceTrivia",
                                            "text": "  "
                                        },
                                        {
                                            "kind": "SingleLineCommentTrivia",
                                            "text": "// does not return a primitive value, ES next tries to convert the object"
                                        },
                                        {
                                            "kind": "NewLineTrivia",
                                            "text": "\r\n"
                                        },
                                        {
                                            "kind": "WhitespaceTrivia",
                                            "text": "  "
                                        },
                                        {
                                            "kind": "SingleLineCommentTrivia",
                                            "text": "// to a number by calling its toString() method and converting the"
                                        },
                                        {
                                            "kind": "NewLineTrivia",
                                            "text": "\r\n"
                                        },
                                        {
                                            "kind": "WhitespaceTrivia",
                                            "text": "  "
                                        },
                                        {
                                            "kind": "SingleLineCommentTrivia",
                                            "text": "// resulting string to a number."
                                        },
                                        {
                                            "kind": "NewLineTrivia",
                                            "text": "\r\n"
                                        },
                                        {
                                            "kind": "WhitespaceTrivia",
                                            "text": "  "
                                        },
                                        {
                                            "kind": "SingleLineCommentTrivia",
                                            "text": "//"
                                        },
                                        {
                                            "kind": "NewLineTrivia",
                                            "text": "\r\n"
                                        },
                                        {
                                            "kind": "WhitespaceTrivia",
                                            "text": "  "
                                        },
                                        {
                                            "kind": "SingleLineCommentTrivia",
                                            "text": "// The toString( ) method on Array converts the array elements to strings,"
                                        },
                                        {
                                            "kind": "NewLineTrivia",
                                            "text": "\r\n"
                                        },
                                        {
                                            "kind": "WhitespaceTrivia",
                                            "text": "  "
                                        },
                                        {
                                            "kind": "SingleLineCommentTrivia",
                                            "text": "// then returns the result of concatenating these strings, with commas in"
                                        },
                                        {
                                            "kind": "NewLineTrivia",
                                            "text": "\r\n"
                                        },
                                        {
                                            "kind": "WhitespaceTrivia",
                                            "text": "  "
                                        },
                                        {
                                            "kind": "SingleLineCommentTrivia",
                                            "text": "// between. An array with no elements converts to the empty string, which"
                                        },
                                        {
                                            "kind": "NewLineTrivia",
                                            "text": "\r\n"
                                        },
                                        {
                                            "kind": "WhitespaceTrivia",
                                            "text": "  "
                                        },
                                        {
                                            "kind": "SingleLineCommentTrivia",
                                            "text": "// converts to the number 0. If an array has a single element that is a"
                                        },
                                        {
                                            "kind": "NewLineTrivia",
                                            "text": "\r\n"
                                        },
                                        {
                                            "kind": "WhitespaceTrivia",
                                            "text": "  "
                                        },
                                        {
                                            "kind": "SingleLineCommentTrivia",
                                            "text": "// number n, the array converts to a string representation of n, which is"
                                        },
                                        {
                                            "kind": "NewLineTrivia",
                                            "text": "\r\n"
                                        },
                                        {
                                            "kind": "WhitespaceTrivia",
                                            "text": "  "
                                        },
                                        {
                                            "kind": "SingleLineCommentTrivia",
                                            "text": "// then converted back to n itself. If an array contains more than one element,"
                                        },
                                        {
                                            "kind": "NewLineTrivia",
                                            "text": "\r\n"
                                        },
                                        {
                                            "kind": "WhitespaceTrivia",
                                            "text": "  "
                                        },
                                        {
                                            "kind": "SingleLineCommentTrivia",
                                            "text": "// or if its one element is not a number, the array converts to NaN."
                                        },
                                        {
                                            "kind": "NewLineTrivia",
                                            "text": "\r\n"
                                        },
                                        {
                                            "kind": "WhitespaceTrivia",
                                            "text": " "
                                        }
                                    ],
                                    "trailingTrivia": [
                                        {
                                            "kind": "WhitespaceTrivia",
                                            "text": " "
                                        }
                                    ]
                                },
                                "variableDeclarators": [
                                    {
                                        "kind": "VariableDeclarator",
                                        "fullStart": 1454,
                                        "fullEnd": 1508,
                                        "start": 1454,
                                        "end": 1508,
                                        "fullWidth": 54,
                                        "width": 54,
                                        "propertyName": {
                                            "kind": "IdentifierName",
                                            "fullStart": 1454,
                                            "fullEnd": 1456,
                                            "start": 1454,
                                            "end": 1455,
                                            "fullWidth": 2,
                                            "width": 1,
                                            "text": "i",
                                            "value": "i",
                                            "valueText": "i",
                                            "hasTrailingTrivia": true,
                                            "trailingTrivia": [
                                                {
                                                    "kind": "WhitespaceTrivia",
                                                    "text": " "
                                                }
                                            ]
                                        },
                                        "equalsValueClause": {
                                            "kind": "EqualsValueClause",
                                            "fullStart": 1456,
                                            "fullEnd": 1508,
                                            "start": 1456,
                                            "end": 1508,
                                            "fullWidth": 52,
                                            "width": 52,
                                            "equalsToken": {
                                                "kind": "EqualsToken",
                                                "fullStart": 1456,
                                                "fullEnd": 1458,
                                                "start": 1456,
                                                "end": 1457,
                                                "fullWidth": 2,
                                                "width": 1,
                                                "text": "=",
                                                "value": "=",
                                                "valueText": "=",
                                                "hasTrailingTrivia": true,
                                                "trailingTrivia": [
                                                    {
                                                        "kind": "WhitespaceTrivia",
                                                        "text": " "
                                                    }
                                                ]
                                            },
                                            "value": {
                                                "kind": "InvocationExpression",
                                                "fullStart": 1458,
                                                "fullEnd": 1508,
                                                "start": 1458,
                                                "end": 1508,
                                                "fullWidth": 50,
                                                "width": 50,
                                                "expression": {
                                                    "kind": "MemberAccessExpression",
                                                    "fullStart": 1458,
                                                    "fullEnd": 1490,
                                                    "start": 1458,
                                                    "end": 1490,
                                                    "fullWidth": 32,
                                                    "width": 32,
                                                    "expression": {
                                                        "kind": "MemberAccessExpression",
                                                        "fullStart": 1458,
                                                        "fullEnd": 1485,
                                                        "start": 1458,
                                                        "end": 1485,
                                                        "fullWidth": 27,
                                                        "width": 27,
                                                        "expression": {
                                                            "kind": "MemberAccessExpression",
                                                            "fullStart": 1458,
                                                            "fullEnd": 1473,
                                                            "start": 1458,
                                                            "end": 1473,
                                                            "fullWidth": 15,
                                                            "width": 15,
                                                            "expression": {
                                                                "kind": "IdentifierName",
                                                                "fullStart": 1458,
                                                                "fullEnd": 1463,
                                                                "start": 1458,
                                                                "end": 1463,
                                                                "fullWidth": 5,
                                                                "width": 5,
                                                                "text": "Array",
                                                                "value": "Array",
                                                                "valueText": "Array"
                                                            },
                                                            "dotToken": {
                                                                "kind": "DotToken",
                                                                "fullStart": 1463,
                                                                "fullEnd": 1464,
                                                                "start": 1463,
                                                                "end": 1464,
                                                                "fullWidth": 1,
                                                                "width": 1,
                                                                "text": ".",
                                                                "value": ".",
                                                                "valueText": "."
                                                            },
                                                            "name": {
                                                                "kind": "IdentifierName",
                                                                "fullStart": 1464,
                                                                "fullEnd": 1473,
                                                                "start": 1464,
                                                                "end": 1473,
                                                                "fullWidth": 9,
                                                                "width": 9,
                                                                "text": "prototype",
                                                                "value": "prototype",
                                                                "valueText": "prototype"
                                                            }
                                                        },
                                                        "dotToken": {
                                                            "kind": "DotToken",
                                                            "fullStart": 1473,
                                                            "fullEnd": 1474,
                                                            "start": 1473,
                                                            "end": 1474,
                                                            "fullWidth": 1,
                                                            "width": 1,
                                                            "text": ".",
                                                            "value": ".",
                                                            "valueText": "."
                                                        },
                                                        "name": {
                                                            "kind": "IdentifierName",
                                                            "fullStart": 1474,
                                                            "fullEnd": 1485,
                                                            "start": 1474,
                                                            "end": 1485,
                                                            "fullWidth": 11,
                                                            "width": 11,
                                                            "text": "lastIndexOf",
                                                            "value": "lastIndexOf",
                                                            "valueText": "lastIndexOf"
                                                        }
                                                    },
                                                    "dotToken": {
                                                        "kind": "DotToken",
                                                        "fullStart": 1485,
                                                        "fullEnd": 1486,
                                                        "start": 1485,
                                                        "end": 1486,
                                                        "fullWidth": 1,
                                                        "width": 1,
                                                        "text": ".",
                                                        "value": ".",
                                                        "valueText": "."
                                                    },
                                                    "name": {
                                                        "kind": "IdentifierName",
                                                        "fullStart": 1486,
                                                        "fullEnd": 1490,
                                                        "start": 1486,
                                                        "end": 1490,
                                                        "fullWidth": 4,
                                                        "width": 4,
                                                        "text": "call",
                                                        "value": "call",
                                                        "valueText": "call"
                                                    }
                                                },
                                                "argumentList": {
                                                    "kind": "ArgumentList",
                                                    "fullStart": 1490,
                                                    "fullEnd": 1508,
                                                    "start": 1490,
                                                    "end": 1508,
                                                    "fullWidth": 18,
                                                    "width": 18,
                                                    "openParenToken": {
                                                        "kind": "OpenParenToken",
                                                        "fullStart": 1490,
                                                        "fullEnd": 1491,
                                                        "start": 1490,
                                                        "end": 1491,
                                                        "fullWidth": 1,
                                                        "width": 1,
                                                        "text": "(",
                                                        "value": "(",
                                                        "valueText": "("
                                                    },
                                                    "arguments": [
                                                        {
                                                            "kind": "ObjectLiteralExpression",
                                                            "fullStart": 1491,
                                                            "fullEnd": 1504,
                                                            "start": 1491,
                                                            "end": 1504,
                                                            "fullWidth": 13,
                                                            "width": 13,
                                                            "openBraceToken": {
                                                                "kind": "OpenBraceToken",
                                                                "fullStart": 1491,
                                                                "fullEnd": 1492,
                                                                "start": 1491,
                                                                "end": 1492,
                                                                "fullWidth": 1,
                                                                "width": 1,
                                                                "text": "{",
                                                                "value": "{",
                                                                "valueText": "{"
                                                            },
                                                            "propertyAssignments": [
                                                                {
                                                                    "kind": "SimplePropertyAssignment",
                                                                    "fullStart": 1492,
                                                                    "fullEnd": 1503,
                                                                    "start": 1492,
                                                                    "end": 1503,
                                                                    "fullWidth": 11,
                                                                    "width": 11,
                                                                    "propertyName": {
                                                                        "kind": "IdentifierName",
                                                                        "fullStart": 1492,
                                                                        "fullEnd": 1498,
                                                                        "start": 1492,
                                                                        "end": 1498,
                                                                        "fullWidth": 6,
                                                                        "width": 6,
                                                                        "text": "length",
                                                                        "value": "length",
                                                                        "valueText": "length"
                                                                    },
                                                                    "colonToken": {
                                                                        "kind": "ColonToken",
                                                                        "fullStart": 1498,
                                                                        "fullEnd": 1500,
                                                                        "start": 1498,
                                                                        "end": 1499,
                                                                        "fullWidth": 2,
                                                                        "width": 1,
                                                                        "text": ":",
                                                                        "value": ":",
                                                                        "valueText": ":",
                                                                        "hasTrailingTrivia": true,
                                                                        "trailingTrivia": [
                                                                            {
                                                                                "kind": "WhitespaceTrivia",
                                                                                "text": " "
                                                                            }
                                                                        ]
                                                                    },
                                                                    "expression": {
                                                                        "kind": "ArrayLiteralExpression",
                                                                        "fullStart": 1500,
                                                                        "fullEnd": 1503,
                                                                        "start": 1500,
                                                                        "end": 1503,
                                                                        "fullWidth": 3,
                                                                        "width": 3,
                                                                        "openBracketToken": {
                                                                            "kind": "OpenBracketToken",
                                                                            "fullStart": 1500,
                                                                            "fullEnd": 1502,
                                                                            "start": 1500,
                                                                            "end": 1501,
                                                                            "fullWidth": 2,
                                                                            "width": 1,
                                                                            "text": "[",
                                                                            "value": "[",
                                                                            "valueText": "[",
                                                                            "hasTrailingTrivia": true,
                                                                            "trailingTrivia": [
                                                                                {
                                                                                    "kind": "WhitespaceTrivia",
                                                                                    "text": " "
                                                                                }
                                                                            ]
                                                                        },
                                                                        "expressions": [],
                                                                        "closeBracketToken": {
                                                                            "kind": "CloseBracketToken",
                                                                            "fullStart": 1502,
                                                                            "fullEnd": 1503,
                                                                            "start": 1502,
                                                                            "end": 1503,
                                                                            "fullWidth": 1,
                                                                            "width": 1,
                                                                            "text": "]",
                                                                            "value": "]",
                                                                            "valueText": "]"
                                                                        }
                                                                    }
                                                                }
                                                            ],
                                                            "closeBraceToken": {
                                                                "kind": "CloseBraceToken",
                                                                "fullStart": 1503,
                                                                "fullEnd": 1504,
                                                                "start": 1503,
                                                                "end": 1504,
                                                                "fullWidth": 1,
                                                                "width": 1,
                                                                "text": "}",
                                                                "value": "}",
                                                                "valueText": "}"
                                                            }
                                                        },
                                                        {
                                                            "kind": "CommaToken",
                                                            "fullStart": 1504,
                                                            "fullEnd": 1506,
                                                            "start": 1504,
                                                            "end": 1505,
                                                            "fullWidth": 2,
                                                            "width": 1,
                                                            "text": ",",
                                                            "value": ",",
                                                            "valueText": ",",
                                                            "hasTrailingTrivia": true,
                                                            "trailingTrivia": [
                                                                {
                                                                    "kind": "WhitespaceTrivia",
                                                                    "text": " "
                                                                }
                                                            ]
                                                        },
                                                        {
                                                            "kind": "NumericLiteral",
                                                            "fullStart": 1506,
                                                            "fullEnd": 1507,
                                                            "start": 1506,
                                                            "end": 1507,
                                                            "fullWidth": 1,
                                                            "width": 1,
                                                            "text": "1",
                                                            "value": 1,
                                                            "valueText": "1"
                                                        }
                                                    ],
                                                    "closeParenToken": {
                                                        "kind": "CloseParenToken",
                                                        "fullStart": 1507,
                                                        "fullEnd": 1508,
                                                        "start": 1507,
                                                        "end": 1508,
                                                        "fullWidth": 1,
                                                        "width": 1,
                                                        "text": ")",
                                                        "value": ")",
                                                        "valueText": ")"
                                                    }
                                                }
                                            }
                                        }
                                    }
                                ]
                            },
                            "semicolonToken": {
                                "kind": "SemicolonToken",
                                "fullStart": 1508,
                                "fullEnd": 1511,
                                "start": 1508,
                                "end": 1509,
                                "fullWidth": 3,
                                "width": 1,
                                "text": ";",
                                "value": ";",
                                "valueText": ";",
                                "hasTrailingTrivia": true,
                                "hasTrailingNewLine": true,
                                "trailingTrivia": [
                                    {
                                        "kind": "NewLineTrivia",
                                        "text": "\r\n"
                                    }
                                ]
                            }
                        },
                        {
                            "kind": "IfStatement",
                            "fullStart": 1511,
                            "fullEnd": 1557,
                            "start": 1517,
                            "end": 1555,
                            "fullWidth": 46,
                            "width": 38,
                            "ifKeyword": {
                                "kind": "IfKeyword",
                                "fullStart": 1511,
                                "fullEnd": 1520,
                                "start": 1517,
                                "end": 1519,
                                "fullWidth": 9,
                                "width": 2,
                                "text": "if",
                                "value": "if",
                                "valueText": "if",
                                "hasLeadingTrivia": true,
                                "hasLeadingNewLine": true,
                                "hasTrailingTrivia": true,
                                "leadingTrivia": [
                                    {
                                        "kind": "WhitespaceTrivia",
                                        "text": "  "
                                    },
                                    {
                                        "kind": "NewLineTrivia",
                                        "text": "\r\n"
                                    },
                                    {
                                        "kind": "WhitespaceTrivia",
                                        "text": "  "
                                    }
                                ],
                                "trailingTrivia": [
                                    {
                                        "kind": "WhitespaceTrivia",
                                        "text": " "
                                    }
                                ]
                            },
                            "openParenToken": {
                                "kind": "OpenParenToken",
                                "fullStart": 1520,
                                "fullEnd": 1521,
                                "start": 1520,
                                "end": 1521,
                                "fullWidth": 1,
                                "width": 1,
                                "text": "(",
                                "value": "(",
                                "valueText": "("
                            },
                            "condition": {
                                "kind": "EqualsExpression",
                                "fullStart": 1521,
                                "fullEnd": 1529,
                                "start": 1521,
                                "end": 1529,
                                "fullWidth": 8,
                                "width": 8,
                                "left": {
                                    "kind": "IdentifierName",
                                    "fullStart": 1521,
                                    "fullEnd": 1523,
                                    "start": 1521,
                                    "end": 1522,
                                    "fullWidth": 2,
                                    "width": 1,
                                    "text": "i",
                                    "value": "i",
                                    "valueText": "i",
                                    "hasTrailingTrivia": true,
                                    "trailingTrivia": [
                                        {
                                            "kind": "WhitespaceTrivia",
                                            "text": " "
                                        }
                                    ]
                                },
                                "operatorToken": {
                                    "kind": "EqualsEqualsEqualsToken",
                                    "fullStart": 1523,
                                    "fullEnd": 1527,
                                    "start": 1523,
                                    "end": 1526,
                                    "fullWidth": 4,
                                    "width": 3,
                                    "text": "===",
                                    "value": "===",
                                    "valueText": "===",
                                    "hasTrailingTrivia": true,
                                    "trailingTrivia": [
                                        {
                                            "kind": "WhitespaceTrivia",
                                            "text": " "
                                        }
                                    ]
                                },
                                "right": {
                                    "kind": "NegateExpression",
                                    "fullStart": 1527,
                                    "fullEnd": 1529,
                                    "start": 1527,
                                    "end": 1529,
                                    "fullWidth": 2,
                                    "width": 2,
                                    "operatorToken": {
                                        "kind": "MinusToken",
                                        "fullStart": 1527,
                                        "fullEnd": 1528,
                                        "start": 1527,
                                        "end": 1528,
                                        "fullWidth": 1,
                                        "width": 1,
                                        "text": "-",
                                        "value": "-",
                                        "valueText": "-"
                                    },
                                    "operand": {
                                        "kind": "NumericLiteral",
                                        "fullStart": 1528,
                                        "fullEnd": 1529,
                                        "start": 1528,
                                        "end": 1529,
                                        "fullWidth": 1,
                                        "width": 1,
                                        "text": "1",
                                        "value": 1,
                                        "valueText": "1"
                                    }
                                }
                            },
                            "closeParenToken": {
                                "kind": "CloseParenToken",
                                "fullStart": 1529,
                                "fullEnd": 1531,
                                "start": 1529,
                                "end": 1530,
                                "fullWidth": 2,
                                "width": 1,
                                "text": ")",
                                "value": ")",
                                "valueText": ")",
                                "hasTrailingTrivia": true,
                                "trailingTrivia": [
                                    {
                                        "kind": "WhitespaceTrivia",
                                        "text": " "
                                    }
                                ]
                            },
                            "statement": {
                                "kind": "Block",
                                "fullStart": 1531,
                                "fullEnd": 1557,
                                "start": 1531,
                                "end": 1555,
                                "fullWidth": 26,
                                "width": 24,
                                "openBraceToken": {
                                    "kind": "OpenBraceToken",
                                    "fullStart": 1531,
                                    "fullEnd": 1534,
                                    "start": 1531,
                                    "end": 1532,
                                    "fullWidth": 3,
                                    "width": 1,
                                    "text": "{",
                                    "value": "{",
                                    "valueText": "{",
                                    "hasTrailingTrivia": true,
                                    "hasTrailingNewLine": true,
                                    "trailingTrivia": [
                                        {
                                            "kind": "NewLineTrivia",
                                            "text": "\r\n"
                                        }
                                    ]
                                },
                                "statements": [
                                    {
                                        "kind": "ReturnStatement",
                                        "fullStart": 1534,
                                        "fullEnd": 1552,
                                        "start": 1538,
                                        "end": 1550,
                                        "fullWidth": 18,
                                        "width": 12,
                                        "returnKeyword": {
                                            "kind": "ReturnKeyword",
                                            "fullStart": 1534,
                                            "fullEnd": 1545,
                                            "start": 1538,
                                            "end": 1544,
                                            "fullWidth": 11,
                                            "width": 6,
                                            "text": "return",
                                            "value": "return",
                                            "valueText": "return",
                                            "hasLeadingTrivia": true,
                                            "hasTrailingTrivia": true,
                                            "leadingTrivia": [
                                                {
                                                    "kind": "WhitespaceTrivia",
                                                    "text": "    "
                                                }
                                            ],
                                            "trailingTrivia": [
                                                {
                                                    "kind": "WhitespaceTrivia",
                                                    "text": " "
                                                }
                                            ]
                                        },
                                        "expression": {
                                            "kind": "TrueKeyword",
                                            "fullStart": 1545,
                                            "fullEnd": 1549,
                                            "start": 1545,
                                            "end": 1549,
                                            "fullWidth": 4,
                                            "width": 4,
                                            "text": "true",
                                            "value": true,
                                            "valueText": "true"
                                        },
                                        "semicolonToken": {
                                            "kind": "SemicolonToken",
                                            "fullStart": 1549,
                                            "fullEnd": 1552,
                                            "start": 1549,
                                            "end": 1550,
                                            "fullWidth": 3,
                                            "width": 1,
                                            "text": ";",
                                            "value": ";",
                                            "valueText": ";",
                                            "hasTrailingTrivia": true,
                                            "hasTrailingNewLine": true,
                                            "trailingTrivia": [
                                                {
                                                    "kind": "NewLineTrivia",
                                                    "text": "\r\n"
                                                }
                                            ]
                                        }
                                    }
                                ],
                                "closeBraceToken": {
                                    "kind": "CloseBraceToken",
                                    "fullStart": 1552,
                                    "fullEnd": 1557,
                                    "start": 1554,
                                    "end": 1555,
                                    "fullWidth": 5,
                                    "width": 1,
                                    "text": "}",
                                    "value": "}",
                                    "valueText": "}",
                                    "hasLeadingTrivia": true,
                                    "hasTrailingTrivia": true,
                                    "hasTrailingNewLine": true,
                                    "leadingTrivia": [
                                        {
                                            "kind": "WhitespaceTrivia",
                                            "text": "  "
                                        }
                                    ],
                                    "trailingTrivia": [
                                        {
                                            "kind": "NewLineTrivia",
                                            "text": "\r\n"
                                        }
                                    ]
                                }
                            }
                        }
                    ],
                    "closeBraceToken": {
                        "kind": "CloseBraceToken",
                        "fullStart": 1557,
                        "fullEnd": 1561,
                        "start": 1558,
                        "end": 1559,
                        "fullWidth": 4,
                        "width": 1,
                        "text": "}",
                        "value": "}",
                        "valueText": "}",
                        "hasLeadingTrivia": true,
                        "hasTrailingTrivia": true,
                        "hasTrailingNewLine": true,
                        "leadingTrivia": [
                            {
                                "kind": "WhitespaceTrivia",
                                "text": " "
                            }
                        ],
                        "trailingTrivia": [
                            {
                                "kind": "NewLineTrivia",
                                "text": "\r\n"
                            }
                        ]
                    }
                }
            },
            {
                "kind": "ExpressionStatement",
                "fullStart": 1561,
                "fullEnd": 1585,
                "start": 1561,
                "end": 1583,
                "fullWidth": 24,
                "width": 22,
                "expression": {
                    "kind": "InvocationExpression",
                    "fullStart": 1561,
                    "fullEnd": 1582,
                    "start": 1561,
                    "end": 1582,
                    "fullWidth": 21,
                    "width": 21,
                    "expression": {
                        "kind": "IdentifierName",
                        "fullStart": 1561,
                        "fullEnd": 1572,
                        "start": 1561,
                        "end": 1572,
                        "fullWidth": 11,
                        "width": 11,
                        "text": "runTestCase",
                        "value": "runTestCase",
                        "valueText": "runTestCase"
                    },
                    "argumentList": {
                        "kind": "ArgumentList",
                        "fullStart": 1572,
                        "fullEnd": 1582,
                        "start": 1572,
                        "end": 1582,
                        "fullWidth": 10,
                        "width": 10,
                        "openParenToken": {
                            "kind": "OpenParenToken",
                            "fullStart": 1572,
                            "fullEnd": 1573,
                            "start": 1572,
                            "end": 1573,
                            "fullWidth": 1,
                            "width": 1,
                            "text": "(",
                            "value": "(",
                            "valueText": "("
                        },
                        "arguments": [
                            {
                                "kind": "IdentifierName",
                                "fullStart": 1573,
                                "fullEnd": 1581,
                                "start": 1573,
                                "end": 1581,
                                "fullWidth": 8,
                                "width": 8,
                                "text": "testcase",
                                "value": "testcase",
                                "valueText": "testcase"
                            }
                        ],
                        "closeParenToken": {
                            "kind": "CloseParenToken",
                            "fullStart": 1581,
                            "fullEnd": 1582,
                            "start": 1581,
                            "end": 1582,
                            "fullWidth": 1,
                            "width": 1,
                            "text": ")",
                            "value": ")",
                            "valueText": ")"
                        }
                    }
                },
                "semicolonToken": {
                    "kind": "SemicolonToken",
                    "fullStart": 1582,
                    "fullEnd": 1585,
                    "start": 1582,
                    "end": 1583,
                    "fullWidth": 3,
                    "width": 1,
                    "text": ";",
                    "value": ";",
                    "valueText": ";",
                    "hasTrailingTrivia": true,
                    "hasTrailingNewLine": true,
                    "trailingTrivia": [
                        {
                            "kind": "NewLineTrivia",
                            "text": "\r\n"
                        }
                    ]
                }
            }
        ],
        "endOfFileToken": {
            "kind": "EndOfFileToken",
            "fullStart": 1585,
            "fullEnd": 1585,
            "start": 1585,
            "end": 1585,
            "fullWidth": 0,
            "width": 0,
            "text": ""
        }
    },
    "lineMap": {
        "lineStarts": [
            0,
            67,
            152,
            232,
            308,
            380,
            385,
            439,
            539,
            544,
            546,
            548,
            571,
            573,
            577,
            648,
            721,
            798,
            868,
            904,
            910,
            988,
            1065,
            1142,
            1217,
            1294,
            1377,
            1449,
            1511,
            1515,
            1534,
            1552,
            1557,
            1561,
            1585
        ],
        "length": 1585
    }
}