{
    "isDeclaration": false,
    "languageVersion": "EcmaScript5",
    "parseOptions": {
        "allowAutomaticSemicolonInsertion": true
    },
    "sourceUnit": {
        "kind": "SourceUnit",
        "fullStart": 0,
        "fullEnd": 357,
        "start": 329,
        "end": 357,
        "fullWidth": 357,
        "width": 28,
        "isIncrementallyUnusable": true,
        "moduleElements": [
            {
                "kind": "VariableStatement",
                "fullStart": 0,
                "fullEnd": 357,
                "start": 329,
                "end": 356,
                "fullWidth": 357,
                "width": 27,
                "isIncrementallyUnusable": true,
                "modifiers": [],
                "variableDeclaration": {
                    "kind": "VariableDeclaration",
                    "fullStart": 0,
                    "fullEnd": 355,
                    "start": 329,
                    "end": 355,
                    "fullWidth": 355,
                    "width": 26,
                    "isIncrementallyUnusable": true,
                    "varKeyword": {
                        "kind": "VarKeyword",
                        "fullStart": 0,
                        "fullEnd": 333,
                        "start": 329,
                        "end": 332,
                        "fullWidth": 333,
                        "width": 3,
                        "text": "var",
                        "value": "var",
                        "valueText": "var",
                        "hasLeadingTrivia": true,
                        "hasLeadingComment": true,
                        "hasLeadingNewLine": true,
                        "hasTrailingTrivia": true,
                        "leadingTrivia": [
                            {
                                "kind": "SingleLineCommentTrivia",
                                "text": "// Copyright 2009 the Sputnik authors.  All rights reserved."
                            },
                            {
                                "kind": "NewLineTrivia",
                                "text": "\n"
                            },
                            {
                                "kind": "SingleLineCommentTrivia",
                                "text": "// This code is governed by the BSD license found in the LICENSE file."
                            },
                            {
                                "kind": "NewLineTrivia",
                                "text": "\n"
                            },
                            {
                                "kind": "NewLineTrivia",
                                "text": "\n"
                            },
                            {
                                "kind": "MultiLineCommentTrivia",
                                "text": "/**\n * The PropertyName is not really a nullLiteral\n *\n * @path ch11/11.1/11.1.5/S11.1.5_A4.2.js\n * @description Checking if execution of \"var object = {null : true}\" does not fail\n */"
                            },
                            {
                                "kind": "NewLineTrivia",
                                "text": "\n"
                            },
                            {
                                "kind": "NewLineTrivia",
                                "text": "\n"
                            },
                            {
                                "kind": "SingleLineCommentTrivia",
                                "text": "//CHECK#1"
                            },
                            {
                                "kind": "NewLineTrivia",
                                "text": "\n"
                            }
                        ],
                        "trailingTrivia": [
                            {
                                "kind": "WhitespaceTrivia",
                                "text": " "
                            }
                        ]
                    },
                    "variableDeclarators": [
                        {
                            "kind": "VariableDeclarator",
                            "fullStart": 333,
                            "fullEnd": 355,
                            "start": 333,
                            "end": 355,
                            "fullWidth": 22,
                            "width": 22,
                            "isIncrementallyUnusable": true,
                            "propertyName": {
                                "kind": "IdentifierName",
                                "fullStart": 333,
                                "fullEnd": 340,
                                "start": 333,
                                "end": 339,
                                "fullWidth": 7,
                                "width": 6,
                                "text": "object",
                                "value": "object",
                                "valueText": "object",
                                "hasTrailingTrivia": true,
                                "trailingTrivia": [
                                    {
                                        "kind": "WhitespaceTrivia",
                                        "text": " "
                                    }
                                ]
                            },
                            "equalsValueClause": {
                                "kind": "EqualsValueClause",
                                "fullStart": 340,
                                "fullEnd": 355,
                                "start": 340,
                                "end": 355,
                                "fullWidth": 15,
                                "width": 15,
                                "isIncrementallyUnusable": true,
                                "equalsToken": {
                                    "kind": "EqualsToken",
                                    "fullStart": 340,
                                    "fullEnd": 342,
                                    "start": 340,
                                    "end": 341,
                                    "fullWidth": 2,
                                    "width": 1,
                                    "text": "=",
                                    "value": "=",
                                    "valueText": "=",
                                    "hasTrailingTrivia": true,
                                    "trailingTrivia": [
                                        {
                                            "kind": "WhitespaceTrivia",
                                            "text": " "
                                        }
                                    ]
                                },
                                "value": {
                                    "kind": "ObjectLiteralExpression",
                                    "fullStart": 342,
                                    "fullEnd": 355,
                                    "start": 342,
                                    "end": 355,
                                    "fullWidth": 13,
                                    "width": 13,
                                    "isIncrementallyUnusable": true,
                                    "openBraceToken": {
                                        "kind": "OpenBraceToken",
                                        "fullStart": 342,
                                        "fullEnd": 343,
                                        "start": 342,
                                        "end": 343,
                                        "fullWidth": 1,
                                        "width": 1,
                                        "text": "{",
                                        "value": "{",
                                        "valueText": "{"
                                    },
                                    "propertyAssignments": [
                                        {
                                            "kind": "SimplePropertyAssignment",
                                            "fullStart": 343,
                                            "fullEnd": 354,
                                            "start": 343,
                                            "end": 354,
                                            "fullWidth": 11,
                                            "width": 11,
                                            "isIncrementallyUnusable": true,
                                            "propertyName": {
                                                "kind": "IdentifierName",
                                                "fullStart": 343,
                                                "fullEnd": 348,
                                                "start": 343,
                                                "end": 347,
                                                "fullWidth": 5,
                                                "width": 4,
                                                "text": "null",
                                                "value": "null",
                                                "valueText": "null",
                                                "hasTrailingTrivia": true,
                                                "trailingTrivia": [
                                                    {
                                                        "kind": "WhitespaceTrivia",
                                                        "text": " "
                                                    }
                                                ]
                                            },
                                            "colonToken": {
                                                "kind": "ColonToken",
                                                "fullStart": 348,
                                                "fullEnd": 350,
                                                "start": 348,
                                                "end": 349,
                                                "fullWidth": 2,
                                                "width": 1,
                                                "text": ":",
                                                "value": ":",
                                                "valueText": ":",
                                                "hasTrailingTrivia": true,
                                                "trailingTrivia": [
                                                    {
                                                        "kind": "WhitespaceTrivia",
                                                        "text": " "
                                                    }
                                                ]
                                            },
                                            "expression": {
                                                "kind": "TrueKeyword",
                                                "fullStart": 350,
                                                "fullEnd": 354,
                                                "start": 350,
                                                "end": 354,
                                                "fullWidth": 4,
                                                "width": 4,
                                                "text": "true",
                                                "value": true,
                                                "valueText": "true"
                                            }
                                        }
                                    ],
                                    "closeBraceToken": {
                                        "kind": "CloseBraceToken",
                                        "fullStart": 354,
                                        "fullEnd": 355,
                                        "start": 354,
                                        "end": 355,
                                        "fullWidth": 1,
                                        "width": 1,
                                        "text": "}",
                                        "value": "}",
                                        "valueText": "}"
                                    }
                                }
                            }
                        }
                    ]
                },
                "semicolonToken": {
                    "kind": "SemicolonToken",
                    "fullStart": 355,
                    "fullEnd": 357,
                    "start": 355,
                    "end": 356,
                    "fullWidth": 2,
                    "width": 1,
                    "text": ";",
                    "value": ";",
                    "valueText": ";",
                    "hasTrailingTrivia": true,
                    "hasTrailingNewLine": true,
                    "trailingTrivia": [
                        {
                            "kind": "NewLineTrivia",
                            "text": "\n"
                        }
                    ]
                }
            }
        ],
        "endOfFileToken": {
            "kind": "EndOfFileToken",
            "fullStart": 357,
            "fullEnd": 357,
            "start": 357,
            "end": 357,
            "fullWidth": 0,
            "width": 0,
            "text": ""
        }
    },
    "lineMap": {
        "lineStarts": [
            0,
            61,
            132,
            133,
            137,
            185,
            188,
            230,
            314,
            318,
            319,
            329,
            357
        ],
        "length": 357
    }
}