{
    "isDeclaration": false,
    "languageVersion": "EcmaScript3",
    "sourceUnit": {
        "kind": "SourceUnit",
        "fullStart": 0,
        "fullEnd": 17,
        "start": 12,
        "end": 17,
        "fullWidth": 17,
        "width": 5,
        "moduleElements": [
            {
                "kind": "ExpressionStatement",
                "fullStart": 0,
                "fullEnd": 17,
                "start": 12,
                "end": 17,
                "fullWidth": 17,
                "width": 5,
                "expression": {
                    "kind": "XJSElement",
                    "fullStart": 0,
                    "fullEnd": 17,
                    "start": 12,
                    "end": 17,
                    "fullWidth": 17,
                    "width": 5,
                    "openingElement": {
                        "kind": "XJSOpeningElement",
                        "fullStart": 0,
                        "fullEnd": 17,
                        "start": 12,
                        "end": 17,
                        "fullWidth": 17,
                        "width": 5,
                        "lessThanToken": {
                            "kind": "LessThanToken",
                            "fullStart": 0,
                            "fullEnd": 13,
                            "start": 12,
                            "end": 13,
                            "fullWidth": 13,
                            "width": 1,
                            "text": "<",
                            "value": "<",
                            "valueText": "<",
                            "hasLeadingTrivia": true,
                            "hasLeadingComment": true,
                            "hasLeadingNewLine": true,
                            "leadingTrivia": [
                                {
                                    "kind": "SingleLineCommentTrivia",
                                    "fullStart": 0,
                                    "fullEnd": 10,
                                    "text": "///<jsx />"
                                },
                                {
                                    "kind": "NewLineTrivia",
                                    "fullStart": 10,
                                    "fullEnd": 11,
                                    "text": "\n"
                                },
                                {
                                    "kind": "NewLineTrivia",
                                    "fullStart": 11,
                                    "fullEnd": 12,
                                    "text": "\n"
                                }
                            ]
                        },
                        "name": {
                            "kind": "IdentifierName",
                            "fullStart": 13,
                            "fullEnd": 15,
                            "start": 13,
                            "end": 14,
                            "fullWidth": 2,
                            "width": 1,
                            "text": "a",
                            "value": "a",
                            "valueText": "a",
                            "hasTrailingTrivia": true,
                            "trailingTrivia": [
                                {
                                    "kind": "WhitespaceTrivia",
                                    "fullStart": 14,
                                    "fullEnd": 15,
                                    "text": " "
                                }
                            ]
                        },
                        "attributes": [],
                        "slashToken": {
                            "kind": "SlashToken",
                            "fullStart": 15,
                            "fullEnd": 16,
                            "start": 15,
                            "end": 16,
                            "fullWidth": 1,
                            "width": 1,
                            "text": "/",
                            "value": "/",
                            "valueText": "/"
                        },
                        "greaterThanToken": {
                            "kind": "GreaterThanToken",
                            "fullStart": 16,
                            "fullEnd": 17,
                            "start": 16,
                            "end": 17,
                            "fullWidth": 1,
                            "width": 1,
                            "text": ">",
                            "value": ">",
                            "valueText": ">"
                        }
                    },
                    "children": []
                }
            }
        ],
        "endOfFileToken": {
            "kind": "EndOfFileToken",
            "fullStart": 17,
            "fullEnd": 17,
            "start": 17,
            "end": 17,
            "fullWidth": 0,
            "width": 0,
            "text": ""
        }
    },
    "lineMap": {
        "lineStarts": [
            0,
            11,
            12
        ],
        "length": 17
    }
}