{
    "isDeclaration": false,
    "languageVersion": "EcmaScript5",
    "parseOptions": {
        "allowAutomaticSemicolonInsertion": true
    },
    "sourceUnit": {
        "kind": "SourceUnit",
        "fullStart": 0,
        "fullEnd": 697,
        "start": 560,
        "end": 697,
        "fullWidth": 697,
        "width": 137,
        "isIncrementallyUnusable": true,
        "moduleElements": [
            {
                "kind": "ExpressionStatement",
                "fullStart": 0,
                "fullEnd": 575,
                "start": 560,
                "end": 573,
                "fullWidth": 575,
                "width": 13,
                "expression": {
                    "kind": "StringLiteral",
                    "fullStart": 0,
                    "fullEnd": 572,
                    "start": 560,
                    "end": 572,
                    "fullWidth": 572,
                    "width": 12,
                    "text": "\"use strict\"",
                    "value": "use strict",
                    "valueText": "use strict",
                    "hasLeadingTrivia": true,
                    "hasLeadingComment": true,
                    "hasLeadingNewLine": true,
                    "leadingTrivia": [
                        {
                            "kind": "SingleLineCommentTrivia",
                            "text": "/// Copyright (c) 2012 Ecma International.  All rights reserved. "
                        },
                        {
                            "kind": "NewLineTrivia",
                            "text": "\r\n"
                        },
                        {
                            "kind": "SingleLineCommentTrivia",
                            "text": "/// Ecma International makes this code available under the terms and conditions set"
                        },
                        {
                            "kind": "NewLineTrivia",
                            "text": "\r\n"
                        },
                        {
                            "kind": "SingleLineCommentTrivia",
                            "text": "/// forth on http://hg.ecmascript.org/tests/test262/raw-file/tip/LICENSE (the "
                        },
                        {
                            "kind": "NewLineTrivia",
                            "text": "\r\n"
                        },
                        {
                            "kind": "SingleLineCommentTrivia",
                            "text": "/// \"Use Terms\").   Any redistribution of this code must retain the above"
                        },
                        {
                            "kind": "NewLineTrivia",
                            "text": "\r\n"
                        },
                        {
                            "kind": "SingleLineCommentTrivia",
                            "text": "/// copyright and this notice and otherwise comply with the Use Terms."
                        },
                        {
                            "kind": "NewLineTrivia",
                            "text": "\r\n"
                        },
                        {
                            "kind": "MultiLineCommentTrivia",
                            "text": "/**\r\n * @path ch10/10.4/10.4.3/10.4.3-1-9gs.js\r\n * @description Strict - checking 'this' from a global scope (FunctionExpression defined within strict mode)\r\n * @onlyStrict\r\n */"
                        },
                        {
                            "kind": "NewLineTrivia",
                            "text": "\r\n"
                        },
                        {
                            "kind": "NewLineTrivia",
                            "text": "\r\n"
                        }
                    ]
                },
                "semicolonToken": {
                    "kind": "SemicolonToken",
                    "fullStart": 572,
                    "fullEnd": 575,
                    "start": 572,
                    "end": 573,
                    "fullWidth": 3,
                    "width": 1,
                    "text": ";",
                    "value": ";",
                    "valueText": ";",
                    "hasTrailingTrivia": true,
                    "hasTrailingNewLine": true,
                    "trailingTrivia": [
                        {
                            "kind": "NewLineTrivia",
                            "text": "\r\n"
                        }
                    ]
                }
            },
            {
                "kind": "VariableStatement",
                "fullStart": 575,
                "fullEnd": 626,
                "start": 575,
                "end": 624,
                "fullWidth": 51,
                "width": 49,
                "isIncrementallyUnusable": true,
                "parsedInStrictMode": true,
                "modifiers": [],
                "variableDeclaration": {
                    "kind": "VariableDeclaration",
                    "fullStart": 575,
                    "fullEnd": 626,
                    "start": 575,
                    "end": 624,
                    "fullWidth": 51,
                    "width": 49,
                    "parsedInStrictMode": true,
                    "varKeyword": {
                        "kind": "VarKeyword",
                        "fullStart": 575,
                        "fullEnd": 579,
                        "start": 575,
                        "end": 578,
                        "fullWidth": 4,
                        "width": 3,
                        "text": "var",
                        "value": "var",
                        "valueText": "var",
                        "hasTrailingTrivia": true,
                        "trailingTrivia": [
                            {
                                "kind": "WhitespaceTrivia",
                                "text": " "
                            }
                        ]
                    },
                    "variableDeclarators": [
                        {
                            "kind": "VariableDeclarator",
                            "fullStart": 579,
                            "fullEnd": 626,
                            "start": 579,
                            "end": 624,
                            "fullWidth": 47,
                            "width": 45,
                            "parsedInStrictMode": true,
                            "propertyName": {
                                "kind": "IdentifierName",
                                "fullStart": 579,
                                "fullEnd": 581,
                                "start": 579,
                                "end": 580,
                                "fullWidth": 2,
                                "width": 1,
                                "text": "f",
                                "value": "f",
                                "valueText": "f",
                                "hasTrailingTrivia": true,
                                "trailingTrivia": [
                                    {
                                        "kind": "WhitespaceTrivia",
                                        "text": " "
                                    }
                                ]
                            },
                            "equalsValueClause": {
                                "kind": "EqualsValueClause",
                                "fullStart": 581,
                                "fullEnd": 626,
                                "start": 581,
                                "end": 624,
                                "fullWidth": 45,
                                "width": 43,
                                "parsedInStrictMode": true,
                                "equalsToken": {
                                    "kind": "EqualsToken",
                                    "fullStart": 581,
                                    "fullEnd": 583,
                                    "start": 581,
                                    "end": 582,
                                    "fullWidth": 2,
                                    "width": 1,
                                    "text": "=",
                                    "value": "=",
                                    "valueText": "=",
                                    "hasTrailingTrivia": true,
                                    "trailingTrivia": [
                                        {
                                            "kind": "WhitespaceTrivia",
                                            "text": " "
                                        }
                                    ]
                                },
                                "value": {
                                    "kind": "FunctionExpression",
                                    "fullStart": 583,
                                    "fullEnd": 626,
                                    "start": 583,
                                    "end": 624,
                                    "fullWidth": 43,
                                    "width": 41,
                                    "parsedInStrictMode": true,
                                    "functionKeyword": {
                                        "kind": "FunctionKeyword",
                                        "fullStart": 583,
                                        "fullEnd": 592,
                                        "start": 583,
                                        "end": 591,
                                        "fullWidth": 9,
                                        "width": 8,
                                        "text": "function",
                                        "value": "function",
                                        "valueText": "function",
                                        "hasTrailingTrivia": true,
                                        "trailingTrivia": [
                                            {
                                                "kind": "WhitespaceTrivia",
                                                "text": " "
                                            }
                                        ]
                                    },
                                    "callSignature": {
                                        "kind": "CallSignature",
                                        "fullStart": 592,
                                        "fullEnd": 595,
                                        "start": 592,
                                        "end": 594,
                                        "fullWidth": 3,
                                        "width": 2,
                                        "parsedInStrictMode": true,
                                        "parameterList": {
                                            "kind": "ParameterList",
                                            "fullStart": 592,
                                            "fullEnd": 595,
                                            "start": 592,
                                            "end": 594,
                                            "fullWidth": 3,
                                            "width": 2,
                                            "parsedInStrictMode": true,
                                            "openParenToken": {
                                                "kind": "OpenParenToken",
                                                "fullStart": 592,
                                                "fullEnd": 593,
                                                "start": 592,
                                                "end": 593,
                                                "fullWidth": 1,
                                                "width": 1,
                                                "text": "(",
                                                "value": "(",
                                                "valueText": "("
                                            },
                                            "parameters": [],
                                            "closeParenToken": {
                                                "kind": "CloseParenToken",
                                                "fullStart": 593,
                                                "fullEnd": 595,
                                                "start": 593,
                                                "end": 594,
                                                "fullWidth": 2,
                                                "width": 1,
                                                "text": ")",
                                                "value": ")",
                                                "valueText": ")",
                                                "hasTrailingTrivia": true,
                                                "trailingTrivia": [
                                                    {
                                                        "kind": "WhitespaceTrivia",
                                                        "text": " "
                                                    }
                                                ]
                                            }
                                        }
                                    },
                                    "block": {
                                        "kind": "Block",
                                        "fullStart": 595,
                                        "fullEnd": 626,
                                        "start": 595,
                                        "end": 624,
                                        "fullWidth": 31,
                                        "width": 29,
                                        "parsedInStrictMode": true,
                                        "openBraceToken": {
                                            "kind": "OpenBraceToken",
                                            "fullStart": 595,
                                            "fullEnd": 598,
                                            "start": 595,
                                            "end": 596,
                                            "fullWidth": 3,
                                            "width": 1,
                                            "text": "{",
                                            "value": "{",
                                            "valueText": "{",
                                            "hasTrailingTrivia": true,
                                            "hasTrailingNewLine": true,
                                            "trailingTrivia": [
                                                {
                                                    "kind": "NewLineTrivia",
                                                    "text": "\r\n"
                                                }
                                            ]
                                        },
                                        "statements": [
                                            {
                                                "kind": "ReturnStatement",
                                                "fullStart": 598,
                                                "fullEnd": 623,
                                                "start": 602,
                                                "end": 621,
                                                "fullWidth": 25,
                                                "width": 19,
                                                "parsedInStrictMode": true,
                                                "returnKeyword": {
                                                    "kind": "ReturnKeyword",
                                                    "fullStart": 598,
                                                    "fullEnd": 609,
                                                    "start": 602,
                                                    "end": 608,
                                                    "fullWidth": 11,
                                                    "width": 6,
                                                    "text": "return",
                                                    "value": "return",
                                                    "valueText": "return",
                                                    "hasLeadingTrivia": true,
                                                    "hasTrailingTrivia": true,
                                                    "leadingTrivia": [
                                                        {
                                                            "kind": "WhitespaceTrivia",
                                                            "text": "    "
                                                        }
                                                    ],
                                                    "trailingTrivia": [
                                                        {
                                                            "kind": "WhitespaceTrivia",
                                                            "text": " "
                                                        }
                                                    ]
                                                },
                                                "expression": {
                                                    "kind": "TypeOfExpression",
                                                    "fullStart": 609,
                                                    "fullEnd": 620,
                                                    "start": 609,
                                                    "end": 620,
                                                    "fullWidth": 11,
                                                    "width": 11,
                                                    "parsedInStrictMode": true,
                                                    "typeOfKeyword": {
                                                        "kind": "TypeOfKeyword",
                                                        "fullStart": 609,
                                                        "fullEnd": 616,
                                                        "start": 609,
                                                        "end": 615,
                                                        "fullWidth": 7,
                                                        "width": 6,
                                                        "text": "typeof",
                                                        "value": "typeof",
                                                        "valueText": "typeof",
                                                        "hasTrailingTrivia": true,
                                                        "trailingTrivia": [
                                                            {
                                                                "kind": "WhitespaceTrivia",
                                                                "text": " "
                                                            }
                                                        ]
                                                    },
                                                    "expression": {
                                                        "kind": "ThisKeyword",
                                                        "fullStart": 616,
                                                        "fullEnd": 620,
                                                        "start": 616,
                                                        "end": 620,
                                                        "fullWidth": 4,
                                                        "width": 4,
                                                        "text": "this",
                                                        "value": "this",
                                                        "valueText": "this"
                                                    }
                                                },
                                                "semicolonToken": {
                                                    "kind": "SemicolonToken",
                                                    "fullStart": 620,
                                                    "fullEnd": 623,
                                                    "start": 620,
                                                    "end": 621,
                                                    "fullWidth": 3,
                                                    "width": 1,
                                                    "text": ";",
                                                    "value": ";",
                                                    "valueText": ";",
                                                    "hasTrailingTrivia": true,
                                                    "hasTrailingNewLine": true,
                                                    "trailingTrivia": [
                                                        {
                                                            "kind": "NewLineTrivia",
                                                            "text": "\r\n"
                                                        }
                                                    ]
                                                }
                                            }
                                        ],
                                        "closeBraceToken": {
                                            "kind": "CloseBraceToken",
                                            "fullStart": 623,
                                            "fullEnd": 626,
                                            "start": 623,
                                            "end": 624,
                                            "fullWidth": 3,
                                            "width": 1,
                                            "text": "}",
                                            "value": "}",
                                            "valueText": "}",
                                            "hasTrailingTrivia": true,
                                            "hasTrailingNewLine": true,
                                            "trailingTrivia": [
                                                {
                                                    "kind": "NewLineTrivia",
                                                    "text": "\r\n"
                                                }
                                            ]
                                        }
                                    }
                                }
                            }
                        }
                    ]
                },
                "semicolonToken": {
                    "kind": "SemicolonToken",
                    "fullStart": -1,
                    "fullEnd": -1,
                    "start": -1,
                    "end": -1,
                    "fullWidth": 0,
                    "width": 0,
                    "text": ""
                }
            },
            {
                "kind": "IfStatement",
                "fullStart": 626,
                "fullEnd": 697,
                "start": 626,
                "end": 697,
                "fullWidth": 71,
                "width": 71,
                "parsedInStrictMode": true,
                "ifKeyword": {
                    "kind": "IfKeyword",
                    "fullStart": 626,
                    "fullEnd": 629,
                    "start": 626,
                    "end": 628,
                    "fullWidth": 3,
                    "width": 2,
                    "text": "if",
                    "value": "if",
                    "valueText": "if",
                    "hasTrailingTrivia": true,
                    "trailingTrivia": [
                        {
                            "kind": "WhitespaceTrivia",
                            "text": " "
                        }
                    ]
                },
                "openParenToken": {
                    "kind": "OpenParenToken",
                    "fullStart": 629,
                    "fullEnd": 630,
                    "start": 629,
                    "end": 630,
                    "fullWidth": 1,
                    "width": 1,
                    "text": "(",
                    "value": "(",
                    "valueText": "("
                },
                "condition": {
                    "kind": "NotEqualsExpression",
                    "fullStart": 630,
                    "fullEnd": 649,
                    "start": 630,
                    "end": 649,
                    "fullWidth": 19,
                    "width": 19,
                    "parsedInStrictMode": true,
                    "left": {
                        "kind": "InvocationExpression",
                        "fullStart": 630,
                        "fullEnd": 634,
                        "start": 630,
                        "end": 633,
                        "fullWidth": 4,
                        "width": 3,
                        "parsedInStrictMode": true,
                        "expression": {
                            "kind": "IdentifierName",
                            "fullStart": 630,
                            "fullEnd": 631,
                            "start": 630,
                            "end": 631,
                            "fullWidth": 1,
                            "width": 1,
                            "text": "f",
                            "value": "f",
                            "valueText": "f"
                        },
                        "argumentList": {
                            "kind": "ArgumentList",
                            "fullStart": 631,
                            "fullEnd": 634,
                            "start": 631,
                            "end": 633,
                            "fullWidth": 3,
                            "width": 2,
                            "parsedInStrictMode": true,
                            "openParenToken": {
                                "kind": "OpenParenToken",
                                "fullStart": 631,
                                "fullEnd": 632,
                                "start": 631,
                                "end": 632,
                                "fullWidth": 1,
                                "width": 1,
                                "text": "(",
                                "value": "(",
                                "valueText": "("
                            },
                            "arguments": [],
                            "closeParenToken": {
                                "kind": "CloseParenToken",
                                "fullStart": 632,
                                "fullEnd": 634,
                                "start": 632,
                                "end": 633,
                                "fullWidth": 2,
                                "width": 1,
                                "text": ")",
                                "value": ")",
                                "valueText": ")",
                                "hasTrailingTrivia": true,
                                "trailingTrivia": [
                                    {
                                        "kind": "WhitespaceTrivia",
                                        "text": " "
                                    }
                                ]
                            }
                        }
                    },
                    "operatorToken": {
                        "kind": "ExclamationEqualsEqualsToken",
                        "fullStart": 634,
                        "fullEnd": 638,
                        "start": 634,
                        "end": 637,
                        "fullWidth": 4,
                        "width": 3,
                        "text": "!==",
                        "value": "!==",
                        "valueText": "!==",
                        "hasTrailingTrivia": true,
                        "trailingTrivia": [
                            {
                                "kind": "WhitespaceTrivia",
                                "text": " "
                            }
                        ]
                    },
                    "right": {
                        "kind": "StringLiteral",
                        "fullStart": 638,
                        "fullEnd": 649,
                        "start": 638,
                        "end": 649,
                        "fullWidth": 11,
                        "width": 11,
                        "text": "\"undefined\"",
                        "value": "undefined",
                        "valueText": "undefined"
                    }
                },
                "closeParenToken": {
                    "kind": "CloseParenToken",
                    "fullStart": 649,
                    "fullEnd": 651,
                    "start": 649,
                    "end": 650,
                    "fullWidth": 2,
                    "width": 1,
                    "text": ")",
                    "value": ")",
                    "valueText": ")",
                    "hasTrailingTrivia": true,
                    "trailingTrivia": [
                        {
                            "kind": "WhitespaceTrivia",
                            "text": " "
                        }
                    ]
                },
                "statement": {
                    "kind": "Block",
                    "fullStart": 651,
                    "fullEnd": 697,
                    "start": 651,
                    "end": 697,
                    "fullWidth": 46,
                    "width": 46,
                    "parsedInStrictMode": true,
                    "openBraceToken": {
                        "kind": "OpenBraceToken",
                        "fullStart": 651,
                        "fullEnd": 654,
                        "start": 651,
                        "end": 652,
                        "fullWidth": 3,
                        "width": 1,
                        "text": "{",
                        "value": "{",
                        "valueText": "{",
                        "hasTrailingTrivia": true,
                        "hasTrailingNewLine": true,
                        "trailingTrivia": [
                            {
                                "kind": "NewLineTrivia",
                                "text": "\r\n"
                            }
                        ]
                    },
                    "statements": [
                        {
                            "kind": "ThrowStatement",
                            "fullStart": 654,
                            "fullEnd": 696,
                            "start": 658,
                            "end": 694,
                            "fullWidth": 42,
                            "width": 36,
                            "parsedInStrictMode": true,
                            "throwKeyword": {
                                "kind": "ThrowKeyword",
                                "fullStart": 654,
                                "fullEnd": 664,
                                "start": 658,
                                "end": 663,
                                "fullWidth": 10,
                                "width": 5,
                                "text": "throw",
                                "value": "throw",
                                "valueText": "throw",
                                "hasLeadingTrivia": true,
                                "hasTrailingTrivia": true,
                                "leadingTrivia": [
                                    {
                                        "kind": "WhitespaceTrivia",
                                        "text": "    "
                                    }
                                ],
                                "trailingTrivia": [
                                    {
                                        "kind": "WhitespaceTrivia",
                                        "text": " "
                                    }
                                ]
                            },
                            "expression": {
                                "kind": "StringLiteral",
                                "fullStart": 664,
                                "fullEnd": 693,
                                "start": 664,
                                "end": 693,
                                "fullWidth": 29,
                                "width": 29,
                                "text": "\"'this' had incorrect value!\"",
                                "value": "'this' had incorrect value!",
                                "valueText": "'this' had incorrect value!"
                            },
                            "semicolonToken": {
                                "kind": "SemicolonToken",
                                "fullStart": 693,
                                "fullEnd": 696,
                                "start": 693,
                                "end": 694,
                                "fullWidth": 3,
                                "width": 1,
                                "text": ";",
                                "value": ";",
                                "valueText": ";",
                                "hasTrailingTrivia": true,
                                "hasTrailingNewLine": true,
                                "trailingTrivia": [
                                    {
                                        "kind": "NewLineTrivia",
                                        "text": "\r\n"
                                    }
                                ]
                            }
                        }
                    ],
                    "closeBraceToken": {
                        "kind": "CloseBraceToken",
                        "fullStart": 696,
                        "fullEnd": 697,
                        "start": 696,
                        "end": 697,
                        "fullWidth": 1,
                        "width": 1,
                        "text": "}",
                        "value": "}",
                        "valueText": "}"
                    }
                }
            }
        ],
        "endOfFileToken": {
            "kind": "EndOfFileToken",
            "fullStart": 697,
            "fullEnd": 697,
            "start": 697,
            "end": 697,
            "fullWidth": 0,
            "width": 0,
            "text": ""
        }
    },
    "lineMap": {
        "lineStarts": [
            0,
            67,
            152,
            232,
            307,
            379,
            384,
            427,
            537,
            553,
            558,
            560,
            575,
            598,
            623,
            626,
            654,
            696
        ],
        "length": 697
    }
}