{
    "isDeclaration": false,
    "languageVersion": "EcmaScript5",
    "parseOptions": {
        "allowAutomaticSemicolonInsertion": true
    },
    "sourceUnit": {
        "kind": "SourceUnit",
        "fullStart": 0,
        "fullEnd": 339,
        "start": 330,
        "end": 339,
        "fullWidth": 339,
        "width": 9,
        "moduleElements": [
            {
                "kind": "EmptyStatement",
                "fullStart": 0,
                "fullEnd": 332,
                "start": 330,
                "end": 331,
                "fullWidth": 332,
                "width": 1,
                "semicolonToken": {
                    "kind": "SemicolonToken",
                    "fullStart": 0,
                    "fullEnd": 332,
                    "start": 330,
                    "end": 331,
                    "fullWidth": 332,
                    "width": 1,
                    "text": ";",
                    "value": ";",
                    "valueText": ";",
                    "hasLeadingTrivia": true,
                    "hasLeadingComment": true,
                    "hasLeadingNewLine": true,
                    "hasTrailingTrivia": true,
                    "hasTrailingNewLine": true,
                    "leadingTrivia": [
                        {
                            "kind": "SingleLineCommentTrivia",
                            "text": "// Copyright 2009 the Sputnik authors.  All rights reserved."
                        },
                        {
                            "kind": "NewLineTrivia",
                            "text": "\n"
                        },
                        {
                            "kind": "SingleLineCommentTrivia",
                            "text": "// This code is governed by the BSD license found in the LICENSE file."
                        },
                        {
                            "kind": "NewLineTrivia",
                            "text": "\n"
                        },
                        {
                            "kind": "NewLineTrivia",
                            "text": "\n"
                        },
                        {
                            "kind": "MultiLineCommentTrivia",
                            "text": "/**\n * Check Empty Statement for automatic semicolon insertion\n *\n * @path ch07/7.9/S7.9_A8_T2.js\n * @description Checking if execution of some semicolons with LineTerminators pases\n */"
                        },
                        {
                            "kind": "NewLineTrivia",
                            "text": "\n"
                        },
                        {
                            "kind": "NewLineTrivia",
                            "text": "\n"
                        },
                        {
                            "kind": "SingleLineCommentTrivia",
                            "text": "//CHECK#1"
                        },
                        {
                            "kind": "NewLineTrivia",
                            "text": "\n"
                        }
                    ],
                    "trailingTrivia": [
                        {
                            "kind": "NewLineTrivia",
                            "text": "\n"
                        }
                    ]
                }
            },
            {
                "kind": "EmptyStatement",
                "fullStart": 332,
                "fullEnd": 334,
                "start": 332,
                "end": 333,
                "fullWidth": 2,
                "width": 1,
                "semicolonToken": {
                    "kind": "SemicolonToken",
                    "fullStart": 332,
                    "fullEnd": 334,
                    "start": 332,
                    "end": 333,
                    "fullWidth": 2,
                    "width": 1,
                    "text": ";",
                    "value": ";",
                    "valueText": ";",
                    "hasTrailingTrivia": true,
                    "hasTrailingNewLine": true,
                    "trailingTrivia": [
                        {
                            "kind": "NewLineTrivia",
                            "text": "\n"
                        }
                    ]
                }
            },
            {
                "kind": "EmptyStatement",
                "fullStart": 334,
                "fullEnd": 336,
                "start": 334,
                "end": 335,
                "fullWidth": 2,
                "width": 1,
                "semicolonToken": {
                    "kind": "SemicolonToken",
                    "fullStart": 334,
                    "fullEnd": 336,
                    "start": 334,
                    "end": 335,
                    "fullWidth": 2,
                    "width": 1,
                    "text": ";",
                    "value": ";",
                    "valueText": ";",
                    "hasTrailingTrivia": true,
                    "hasTrailingNewLine": true,
                    "trailingTrivia": [
                        {
                            "kind": "NewLineTrivia",
                            "text": "\n"
                        }
                    ]
                }
            },
            {
                "kind": "EmptyStatement",
                "fullStart": 336,
                "fullEnd": 338,
                "start": 336,
                "end": 337,
                "fullWidth": 2,
                "width": 1,
                "semicolonToken": {
                    "kind": "SemicolonToken",
                    "fullStart": 336,
                    "fullEnd": 338,
                    "start": 336,
                    "end": 337,
                    "fullWidth": 2,
                    "width": 1,
                    "text": ";",
                    "value": ";",
                    "valueText": ";",
                    "hasTrailingTrivia": true,
                    "hasTrailingNewLine": true,
                    "trailingTrivia": [
                        {
                            "kind": "NewLineTrivia",
                            "text": "\n"
                        }
                    ]
                }
            }
        ],
        "endOfFileToken": {
            "kind": "EndOfFileToken",
            "fullStart": 338,
            "fullEnd": 339,
            "start": 339,
            "end": 339,
            "fullWidth": 1,
            "width": 0,
            "text": "",
            "hasLeadingTrivia": true,
            "hasLeadingNewLine": true,
            "leadingTrivia": [
                {
                    "kind": "NewLineTrivia",
                    "text": "\n"
                }
            ]
        }
    },
    "lineMap": {
        "lineStarts": [
            0,
            61,
            132,
            133,
            137,
            196,
            199,
            231,
            315,
            319,
            320,
            330,
            332,
            334,
            336,
            338,
            339
        ],
        "length": 339
    }
}