{
    "isDeclaration": false,
    "languageVersion": "EcmaScript5",
    "parseOptions": {
        "allowAutomaticSemicolonInsertion": true
    },
    "diagnostics": [
        {
            "start": 310,
            "length": 1,
            "diagnosticCode": "Unexpected token; '{0}' expected.",
            "arguments": [
                "module, class, interface, enum, import or statement"
            ]
        }
    ],
    "sourceUnit": {
        "kind": "SourceUnit",
        "fullStart": 0,
        "fullEnd": 315,
        "start": 306,
        "end": 315,
        "fullWidth": 315,
        "width": 9,
        "isIncrementallyUnusable": true,
        "moduleElements": [
            {
                "kind": "Block",
                "fullStart": 0,
                "fullEnd": 312,
                "start": 306,
                "end": 308,
                "fullWidth": 312,
                "width": 2,
                "isIncrementallyUnusable": true,
                "openBraceToken": {
                    "kind": "OpenBraceToken",
                    "fullStart": 0,
                    "fullEnd": 307,
                    "start": 306,
                    "end": 307,
                    "fullWidth": 307,
                    "width": 1,
                    "text": "{",
                    "value": "{",
                    "valueText": "{",
                    "hasLeadingTrivia": true,
                    "hasLeadingComment": true,
                    "hasLeadingNewLine": true,
                    "leadingTrivia": [
                        {
                            "kind": "SingleLineCommentTrivia",
                            "text": "// Copyright 2009 the Sputnik authors.  All rights reserved."
                        },
                        {
                            "kind": "NewLineTrivia",
                            "text": "\n"
                        },
                        {
                            "kind": "SingleLineCommentTrivia",
                            "text": "// This code is governed by the BSD license found in the LICENSE file."
                        },
                        {
                            "kind": "NewLineTrivia",
                            "text": "\n"
                        },
                        {
                            "kind": "NewLineTrivia",
                            "text": "\n"
                        },
                        {
                            "kind": "MultiLineCommentTrivia",
                            "text": "/**\n * Check {} for automatic semicolon insertion\n *\n * @path ch07/7.9/S7.9_A10_T6.js\n * @description Checking if execution of \"{} \\n * 1\" fails\n * @negative\n */"
                        },
                        {
                            "kind": "NewLineTrivia",
                            "text": "\n"
                        },
                        {
                            "kind": "NewLineTrivia",
                            "text": "\n"
                        },
                        {
                            "kind": "SingleLineCommentTrivia",
                            "text": "//CHECK#1"
                        },
                        {
                            "kind": "NewLineTrivia",
                            "text": "\n"
                        }
                    ]
                },
                "statements": [],
                "closeBraceToken": {
                    "kind": "CloseBraceToken",
                    "fullStart": 307,
                    "fullEnd": 312,
                    "start": 307,
                    "end": 308,
                    "fullWidth": 5,
                    "width": 1,
                    "text": "}",
                    "value": "}",
                    "valueText": "}",
                    "hasTrailingTrivia": true,
                    "hasTrailingNewLine": true,
                    "hasTrailingSkippedText": true,
                    "trailingTrivia": [
                        {
                            "kind": "NewLineTrivia",
                            "text": "\n"
                        },
                        {
                            "kind": "WhitespaceTrivia",
                            "text": " "
                        },
                        {
                            "kind": "SkippedTokenTrivia",
                            "skippedToken": {
                                "kind": "AsteriskToken",
                                "fullStart": 310,
                                "fullEnd": 311,
                                "start": 310,
                                "end": 311,
                                "fullWidth": 1,
                                "width": 1,
                                "text": "*",
                                "value": "*",
                                "valueText": "*"
                            }
                        },
                        {
                            "kind": "WhitespaceTrivia",
                            "text": " "
                        }
                    ]
                }
            },
            {
                "kind": "ExpressionStatement",
                "fullStart": 312,
                "fullEnd": 314,
                "start": 312,
                "end": 313,
                "fullWidth": 2,
                "width": 1,
                "isIncrementallyUnusable": true,
                "expression": {
                    "kind": "NumericLiteral",
                    "fullStart": 312,
                    "fullEnd": 314,
                    "start": 312,
                    "end": 313,
                    "fullWidth": 2,
                    "width": 1,
                    "text": "1",
                    "value": 1,
                    "valueText": "1",
                    "hasTrailingTrivia": true,
                    "hasTrailingNewLine": true,
                    "trailingTrivia": [
                        {
                            "kind": "NewLineTrivia",
                            "text": "\n"
                        }
                    ]
                },
                "semicolonToken": {
                    "kind": "SemicolonToken",
                    "fullStart": -1,
                    "fullEnd": -1,
                    "start": -1,
                    "end": -1,
                    "fullWidth": 0,
                    "width": 0,
                    "text": ""
                }
            }
        ],
        "endOfFileToken": {
            "kind": "EndOfFileToken",
            "fullStart": 314,
            "fullEnd": 315,
            "start": 315,
            "end": 315,
            "fullWidth": 1,
            "width": 0,
            "text": "",
            "hasLeadingTrivia": true,
            "hasLeadingNewLine": true,
            "leadingTrivia": [
                {
                    "kind": "NewLineTrivia",
                    "text": "\n"
                }
            ]
        }
    },
    "lineMap": {
        "lineStarts": [
            0,
            61,
            132,
            133,
            137,
            183,
            186,
            219,
            278,
            291,
            295,
            296,
            306,
            309,
            314,
            315
        ],
        "length": 315
    }
}